[0;32mI (196) boot: Loaded app from partition at offsï¿½ets Jun  8 2016 00:22:57

rst:0x1 (POWERON_RESET),boot:0x13 (SPI_FAST_FLASH_BOOT)
configsip: 0, SPIWP:0xee
clk_drv:0x00,q_drv:0x00,d_drv:0x00,cs0_drv:0x00,hd_drv:0x00,wp_drv:0x00
mode:DIO, clock div:2
load:0x3fff0030,len:7176
load:0x40078000,len:15564
ho 0 tail 12 room 4
load:0x40080400,len:4
load:0x40080404,len:3904
entry 0x40080640
[0;32mI (31) boot: ESP-IDF v5.3 2nd stage bootloader[0m
[0;32mI (31) boot: compile time Aug 21 2024 18:25:34[0m
[0;32mI (31) boot: Multicore bootloader[0m
[0;32mI (35) boot: chip revision: v1.0[0m
[0;32mI (38) boot.esp32: SPI Speed      : 40MHz[0m
[0;32mI (43) boot.esp32: SPI Mode       : DIO[0m
[0;32mI (48) boot.esp32: SPI Flash Size : 2MB[0m
[0;32mI (52) boot: Enabling RNG early entropy source...[0m
[0;32mI (58) boot: Partition Table:[0m
[0;32mI (61) boot: ## Label            Usage          Type ST Offset   Length[0m
[0;32mI (68) boot:  0 nvs              WiFi data        01 02 00009000 00006000[0m
[0;32mI (76) boot:  1 phy_init         RF data          01 01 0000f000 00001000[0m
[0;32mI (83) boot:  2 factory          factory app      00 00 00010000 00100000[0m
[0;32mI (91) boot: End of partition table[0m
[0;32mI (95) esp_image: segment 0: paddr=00010020 vaddr=3f400020 size=0b6b8h ( 46776) map[0m
[0;32mI (120) esp_image: segment 1: paddr=0001b6e0 vaddr=3ffb0000 size=023ech (  9196) load[0m
[0;32mI (123) esp_image: segment 2: paddr=0001dad4 vaddr=40080000 size=02544h (  9540) load[0m
[0;32mI (129) esp_image: segment 3: paddr=00020020 vaddr=400d0020 size=198d8h (104664) map[0m
[0;32mI (170) esp_image: segment 4: paddr=00039900 vaddr=40082544 size=0bcf4h ( 48372) load[0m
[0;32mI (196) boot: Loaded app from partition at offset 0x10000[0m
[0;32mI (196) boot: Disabling RNG early entropy source...[0m
[0;32mI (208) cpu_start: Multicore app[0m
[0;32mI (216) cpu_start: Pro cpu start user code[0m
[0;32mI (216) cpu_start: cpu freq: 160000000 Hz[0m
[0;32mI (216) app_init: Application information:[0m
[0;32mI (219) app_init: Project name:     firmware[0m
[0;32mI (224) app_init: App version:      ab4d98e-dirty[0m
[0;32mI (230) app_init: Compile time:     Aug 21 2024 18:25:29[0m
[0;32mI (236) app_init: ELF file SHA256:  5a0d1aa9d...[0m
[0;32mI (241) app_init: ESP-IDF:          v5.3[0m
[0;32mI (245) efuse_init: Min chip rev:     v0.0[0m
[0;32mI (250) efuse_init: Max chip rev:     v3.99 [0m
[0;32mI (255) efuse_init: Chip rev:         v1.0[0m
[0;32mI (260) heap_init: Initializing. RAM available for dynamic allocation:[0m
[0;32mI (267) heap_init: At 3FFAE6E0 len 00001920 (6 KiB): DRAM[0m
[0;32mI (273) heap_init: At 3FFB2DA0 len 0002D260 (180 KiB): DRAM[0m
[0;32mI (279) heap_init: At 3FFE0440 len 00003AE0 (14 KiB): D/IRAM[0m
[0;32mI (286) heap_init: At 3FFE4350 len 0001BCB0 (111 KiB): D/IRAM[0m
[0;32mI (292) heap_init: At 4008E238 len 00011DC8 (71 KiB): IRAM[0m
[0;32mI (300) spi_flash: detected chip: generic[0m
[0;32mI (303) spi_flash: flash io: dio[0m
[0;33mW (307) spi_flash: Detected size(4096k) larger than the size in the binary image header(2048k). Using the size in the binary image header.[0m
[0;33mW (320) i2c: This driver is an old driver, please migrate your application code to adapt `driver/i2c_master.h`[0m
[0;32mI (331) main_task: Started on CPU0[0m
[0;32mI (341) main_task: Calling app_main()[0m
motro ok
[0;32mI (341) stepper: Stepper direction set to 0[0m
Stepper task created
Control task created
Main loop running
control task initiated
control task loop
control loop started[0;32mI (461) mpu_test: Roll: 0.09 | Pitch: 4.89[0m
-0.050571
[0;32mI (461) stepper: Stepper direction set to 1[0m
control task loop
control loop started[0;32mI (591) mpu_test: Roll: -0.41 | Pitch: 4.76[0m
1599.950684
[0;32mI (591) stepper: Stepper direction set to 0[0m
control task loop
control loop started[0;32mI (721) mpu_test: Roll: -0.90 | Pitch: 4.63[0m
-0.047999
[0;32mI (721) stepper: Stepper direction set to 1[0m
[0;32mI (741) stepper: Stepper direction set to 0[0m
Guru Meditation Error: Core  0 panic'ed (IntegerDivideByZero). Exception was unhandled.

Core  0 register dump:
PC      : 0x4000d099  PS      : 0x00060130  A0      : 0x800d9e70  A1      : 0x3ffb6bf0  
A2      : 0xc4b40000  A3      : 0x00000004  A4      : 0x00000000  A5      : 0x00000000  
A6      : 0x00000003  A7      : 0x00060023  A8      : 0x00000001  A9      : 0x00000004  
A10     : 0x00000000  A11     : 0xc4b40000  A12     : 0x00000000  A13     : 0x3f4031bf  
A14     : 0x00000005  A15     : 0x00000003  SAR     : 0x00000014  EXCCAUSE: 0x00000006  
EXCVADDR: 0x00000000  LBEG    : 0x400014fd  LEND    : 0x4000150d  LCOUNT  : 0xfffffffd  


Backtrace: 0x4000d096:0x3ffb6bf0 0x400d9e6d:0x3ffb6c10 0x400da94d:0x3ffb6c50 0x400d6870:0x3ffb6c90 0x400d64e4:0x3ffb6cb0 0x40087325:0x3ffb6cd0




ELF file SHA256: 5a0d1aa9d

Rebooting...
ets Jun  8 2016 00:22:57

rst:0xc (SW_CPU_RESET),boot:0x13 (SPI_FAST_FLASH_BOOT)
configsip: 0, SPIWP:0xee
clk_drv:0x00,q_drv:0x00,d_drv:0x00,cs0_drv:0x00,hd_drv:0x00,wp_drv:0x00
mode:DIO, clock div:2
load:0x3fff0030,len:7176
load:0x40078000,len:15564
ho 0 tail 12 room 4
load:0x40080400,len:4
load:0x40080404,len:3904
entry 0x40080640
[0;32mI (31) boot: ESP-IDF v5.3 2nd stage bootloader[0m
[0;32mI (31) boot: compile time Aug 21 2024 18:25:34[0m
[0;32mI (31) boot: Multicore bootloader[0m
[0;32mI (35) boot: chip revision: v1.0[0m
[0;32mI (39) boot.esp32: SPI Speed      : 40MHz[0m
[0;32mI (43) boot.esp32: SPI Mode       : DIO[0m
[0;32mI (48) boot.esp32: SPI Flash Size : 2MB[0m
[0;32mI (53) boot: Enabling RNG early entropy source...[0m
[0;32mI (58) boot: Partition Table:[0m
[0;32mI (62) boot: ## Label            Usage          Type ST Offset   Length[0m
[0;32mI (69) boot:  0 nvs              WiFi data        01 02 00009000 00006000[0m
[0;32mI (76) boot:  1 phy_init         RF data          01 01 0000f000 00001000[0m
[0;32mI (84) boot:  2 factory          factory app      00 00 00010000 00100000[0m
[0;32mI (91) boot: End of partition table[0m
[0;32mI (95) esp_image: segment 0: paddr=00010020 vaddr=3f400020 size=0b6b8h ( 46776) map[0m
[0;32mI (120) esp_image: segment 1: paddr=0001b6e0 vaddr=3ffb0000 size=023ech (  9196) load[0m
[0;32mI (124) esp_image: segment 2: paddr=0001dad4 vaddr=40080000 size=02544h (  9540) load[0m
[0;32mI (130) esp_image: segment 3: paddr=00020020 vaddr=400d0020 size=198d8h (104664) map[0m
[0;32mI (170) esp_image: segment 4: paddr=00039900 vaddr=40082544 size=0bcf4h ( 48372) load[0m
[0;32mI (196) boot: Loaded app from partition at offset 0x10000[0m
[0;32mI (196) boot: Disabling RNG early entropy source...[0m
[0;32mI (208) cpu_start: Multicore app[0m
[0;32mI (217) cpu_start: Pro cpu start user code[0m
[0;32mI (217) cpu_start: cpu freq: 160000000 Hz[0m
[0;32mI (217) app_init: Application information:[0m
[0;32mI (220) app_init: Project name:     firmware[0m
[0;32mI (225) app_init: App version:      ab4d98e-dirty[0m
[0;32mI (230) app_init: Compile time:     Aug 21 2024 18:25:29[0m
[0;32mI (236) app_init: ELF file SHA256:  5a0d1aa9d...[0m
[0;32mI (241) app_init: ESP-IDF:          v5.3[0m
[0;32mI (246) efuse_init: Min chip rev:     v0.0[0m
[0;32mI (251) efuse_init: Max chip rev:     v3.99 [0m
[0;32mI (256) efuse_init: Chip rev:         v1.0[0m
[0;32mI (261) heap_init: Initializing. RAM available for dynamic allocation:[0m
[0;32mI (268) heap_init: At 3FFAE6E0 len 00001920 (6 KiB): DRAM[0m
[0;32mI (274) heap_init: At 3FFB2DA0 len 0002D260 (180 KiB): DRAM[0m
[0;32mI (280) heap_init: At 3FFE0440 len 00003AE0 (14 KiB): D/IRAM[0m
[0;32mI (286) heap_init: At 3FFE4350 len 0001BCB0 (111 KiB): D/IRAM[0m
[0;32mI (293) heap_init: At 4008E238 len 00011DC8 (71 KiB): IRAM[0m
[0;32mI (300) spi_flash: detected chip: generic[0m
[0;32mI (304) spi_flash: flash io: dio[0m
[0;33mW (307) spi_flash: Detected size(4096k) larger than the size in the binary image header(2048k). Using the size in the binary image header.[0m
[0;33mW (321) i2c: This driver is an old driver, please migrate your application code to adapt `driver/i2c_master.h`[0m
[0;32mI (332) main_task: Started on CPU0[0m
[0;32mI (342) main_task: Calling app_main()[0m
motro ok
[0;32mI (342) stepper: Stepper direction set to 0[0m
Stepper task created
Control task created
Main loop running
control task initiated
control task loop
control loop started[0;32mI (462) mpu_test: Roll: 0.37 | Pitch: 4.57[0m
-0.047285
[0;32mI (462) stepper: Stepper direction set to 1[0m
control task loop
control loop started[0;32mI (592) mpu_test: Roll: -0.13 | Pitch: 4.44[0m
1599.953979
[0;32mI (592) stepper: Stepper direction set to 0[0m
control task loop
control loop started[0;32mI (722) mpu_test: Roll: -0.63 | Pitch: 4.32[0m
-0.044789
[0;32mI (722) stepper: Stepper direction set to 1[0m
[0;32mI (742) stepper: Stepper direction set to 0[0m
Guru Meditation Error: Core  0 panic'ed (IntegerDivideByZero). Exception was unhandled.

Core  0 register dump:
PC      : 0x4000d099  PS      : 0x00060130  A0      : 0x800d9e70  A1      : 0x3ffb6bf0  
A2      : 0xc4b40000  A3      : 0x00000004  A4      : 0x00000000  A5      : 0x00000000  
A6      : 0x00000003  A7      : 0x00060023  A8      : 0x00000001  A9      : 0x00000004  
A10     : 0x00000000  A11     : 0xc4b40000  A12     : 0x00000000  A13     : 0x3f4031bf  
A14     : 0x00000005  A15     : 0x00000003  SAR     : 0x00000014  EXCCAUSE: 0x00000006  
EXCVADDR: 0x00000000  LBEG    : 0x400014fd  LEND    : 0x4000150d  LCOUNT  : 0xfffffffd  


Backtrace: 0x4000d096:0x3ffb6bf0 0x400d9e6d:0x3ffb6c10 0x400da94d:0x3ffb6c50 0x400d6870:0x3ffb6c90 0x400d64e4:0x3ffb6cb0 0x40087325:0x3ffb6cd0




ELF file SHA256: 5a0d1aa9d

Rebooting...
ets Jun  8 2016 00:22:57

rst:0xc (SW_CPU_RESET),boot:0x13 (SPI_FAST_FLASH_BOOT)
configsip: 0, SPIWP:0xee
clk_drv:0x00,q_drv:0x00,d_drv:0x00,cs0_drv:0x00,hd_drv:0x00,wp_drv:0x00
mode:DIO, clock div:2
load:0x3fff0030,len:7176
load:0x40078000,len:15564
ho 0 tail 12 room 4
load:0x40080400,len:4
load:0x40080404,len:3904
entry 0x40080640
[0;32mI (31) boot: ESP-IDF v5.3 2nd stage bootloader[0m
[0;32mI (31) boot: compile time Aug 21 2024 18:25:34[0m
[0;32mI (31) boot: Multicore bootloader[0m
[0;32mI (35) boot: chip revision: v1.0[0m
[0;32mI (39) boot.esp32: SPI Speed      : 40MHz[0m
[0;32mI (43) boot.esp32: SPI Mode       : DIO[0m
[0;32mI (48) boot.esp32: SPI Flash Size : 2MB[0m
[0;32mI (53) boot: Enabling RNG early entropy source...[0m
[0;32mI (58) boot: Partition Table:[0m
[0;32mI (62) boot: ## Label            Usage          Type ST Offset   Length[0m
[0;32mI (69) boot:  0 nvs              WiFi data        01 02 00009000 00006000[0m
[0;32mI (76) boot:  1 phy_init         RF data          01 01 0000f000 00001000[0m
[0;32mI (84) boot:  2 factory          factory app      00 00 00010000 00100000[0m
[0;32mI (91) boot: End of partition table[0m
[0;32mI (95) esp_image: segment 0: paddr=00010020 vaddr=3f400020 size=0b6b8h ( 46776) map[0m
[0;32mI (120) esp_image: segment 1: paddr=0001b6e0 vaddr=3ffb0000 size=023ech (  9196) load[0m
[0;32mI (124) esp_image: segment 2: paddr=0001dad4 vaddr=40080000 size=02544h (  9540) load[0m
[0;32mI (130) esp_image: segment 3: paddr=00020020 vaddr=400d0020 size=198d8h (104664) map[0m
[0;32mI (170) esp_image: segment 4: paddr=00039900 vaddr=40082544 size=0bcf4h ( 48372) load[0m
[0;32mI (196) boot: Loaded app from partition at offset 0x10000[0m
[0;32mI (196) boot: Disabling RNG early entropy source...[0m
[0;32mI (208) cpu_start: Multicore app[0m
[0;32mI (217) cpu_start: Pro cpu start user code[0m
[0;32mI (217) cpu_start: cpu freq: 160000000 Hz[0m
[0;32mI (217) app_init: Application information:[0m
[0;32mI (220) app_init: Project name:     firmware[0m
[0;32mI (225) app_init: App version:      ab4d98e-dirty[0m
[0;32mI (230) app_init: Compile time:     Aug 21 2024 18:25:29[0m
[0;32mI (236) app_init: ELF file SHA256:  5a0d1aa9d...[0m
[0;32mI (241) app_init: ESP-IDF:          v5.3[0m
[0;32mI (246) efuse_init: Min chip rev:     v0.0[0m
[0;32mI (251) efuse_init: Max chip rev:     v3.99 [0m
[0;32mI (256) efuse_init: Chip rev:         v1.0[0m
[0;32mI (261) heap_init: Initializing. RAM available for dynamic allocation:[0m
[0;32mI (268) heap_init: At 3FFAE6E0 len 00001920 (6 KiB): DRAM[0m
[0;32mI (274) heap_init: At 3FFB2DA0 len 0002D260 (180 KiB): DRAM[0m
[0;32mI (280) heap_init: At 3FFE0440 len 00003AE0 (14 KiB): D/IRAM[0m
[0;32mI (286) heap_init: At 3FFE4350 len 0001BCB0 (111 KiB): D/IRAM[0m
[0;32mI (293) heap_init: At 4008E238 len 00011DC8 (71 KiB): IRAM[0m
[0;32mI (300) spi_flash: detected chip: generic[0m
[0;32mI (304) spi_flash: flash io: dio[0m
[0;33mW (307) spi_flash: Detected size(4096k) larger than the size in the binary image header(2048k). Using the size in the binary image header.[0m
[0;33mW (321) i2c: This driver is an old driver, please migrate your application code to adapt `driver/i2c_master.h`[0m
[0;32mI (332) main_task: Started on CPU0[0m
[0;32mI (342) main_task: Calling app_main()[0m
motro ok
[0;32mI (342) stepper: Stepper direction set to 0[0m
Stepper task created
Control task created
Main loop running
control task initiated
control task loop
control loop started[0;32mI (462) mpu_test: Roll: 0.55 | Pitch: 4.68[0m
-0.048450
[0;32mI (462) stepper: Stepper direction set to 1[0m
control task loop
control loop started[0;32mI (592) mpu_test: Roll: 0.05 | Pitch: 4.55[0m
1439.952759
[0;32mI (592) stepper: Stepper direction set to 0[0m
control task loop
control loop started[0;32mI (722) mpu_test: Roll: -0.46 | Pitch: 4.42[0m
-0.045862
[0;32mI (722) stepper: Stepper direction set to 1[0m
[0;32mI (742) stepper: Stepper direction set to 0[0m
Guru Meditation Error: Core  0 panic'ed (IntegerDivideByZero). Exception was unhandled.

Core  0 register dump:
PC      : 0x4000d099  PS      : 0x00060130  A0      : 0x800d9e70  A1      : 0x3ffb6bf0  
A2      : 0xc4b40000  A3      : 0x00000004  A4      : 0x00000000  A5      : 0x00000000  
A6      : 0x00000003  A7      : 0x00060023  A8      : 0x00000001  A9      : 0x00000004  
A10     : 0x00000000  A11     : 0xc4b40000  A12     : 0x00000000  A13     : 0x3f4031bf  
A14     : 0x00000005  A15     : 0x00000003  SAR     : 0x00000014  EXCCAUSE: 0x00000006  
EXCVADDR: 0x00000000  LBEG    : 0x400014fd  LEND    : 0x4000150d  LCOUNT  : 0xfffffffd  


Backtrace: 0x4000d096:0x3ffb6bf0 0x400d9e6d:0x3ffb6c10 0x400da94d:0x3ffb6c50 0x400d6870:0x3ffb6c90 0x400d64e4:0x3ffb6cb0 0x40087325:0x3ffb6cd0




ELF file SHA256: 5a0d1aa9d

Rebooting...
ets Jun  8 2016 00:22:57

rst:0xc (SW_CPU_RESET),boot:0x13 (SPI_FAST_FLASH_BOOT)
configsip: 0, SPIWP:0xee
clk_drv:0x00,q_drv:0x00,d_drv:0x00,cs0_drv:0x00,hd_drv:0x00,wp_drv:0x00
mode:DIO, clock div:2
load:0x3fff0030,len:7176
load:0x40078000,len:15564
ho 0 tail 12 room 4
load:0x40080400,len:4
load:0x40080404,len:3904
entry 0x40080640
[0;32mI (31) boot: ESP-IDF v5.3 2nd stage bootloader[0m
[0;32mI (31) boot: compile time Aug 21 2024 18:25:34[0m
[0;32mI (31) boot: Multicore bootloader[0m
[0;32mI (35) boot: chip revision: v1.0[0m
[0;32mI (39) boot.esp32: SPI Speed      : 40MHz[0m
[0;32mI (43) boot.esp32: SPI Mode       : DIO[0m
[0;32mI (48) boot.esp32: SPI Flash Size : 2MB[0m
[0;32mI (53) boot: Enabling RNG early entropy source...[0m
[0;32mI (58) boot: Partition Table:[0m
[0;32mI (62) boot: ## Label            Usage          Type ST Offset   Length[0m
[0;32mI (69) boot:  0 nvs              WiFi data        01 02 00009000 00006000[0m
[0;32mI (76) boot:  1 phy_init         RF data          01 01 0000f000 00001000[0m
[0;32mI (84) boot:  2 factory          factory app      00 00 00010000 00100000[0m
[0;32mI (91) boot: End of partition table[0m
[0;32mI (95) esp_image: segment 0: paddr=00010020 vaddr=3f400020 size=0b6b8h ( 46776) map[0m
[0;32mI (120) esp_image: segment 1: paddr=0001b6e0 vaddr=3ffb0000 size=023ech (  9196) load[0m
[0;32mI (124) esp_image: segment 2: paddr=0001dad4 vaddr=40080000 size=02544h (  9540) load[0m
[0;32mI (130) esp_image: segment 3: paddr=00020020 vaddr=400d0020 size=198d8h (104664) map[0m
[0;32mI (170) esp_image: segment 4: paddr=00039900 vaddr=40082544 size=0bcf4h ( 48372) load[0m
[0;32mI (196) boot: Loaded app from partition at offset 0x10000[0m
[0;32mI (196) boot: Disabling RNG early entropy source...[0m
[0;32mI (208) cpu_start: Multicore app[0m
[0;32mI (217) cpu_start: Pro cpu start user code[0m
[0;32mI (217) cpu_start: cpu freq: 160000000 Hz[0m
[0;32mI (217) app_init: Application information:[0m
[0;32mI (220) app_init: Project name:     firmware[0m
[0;32mI (225) app_init: App version:      ab4d98e-dirty[0m
[0;32mI (230) app_init: Compile time:     Aug 21 2024 18:25:29[0m
[0;32mI (236) app_init: ELF file SHA256:  5a0d1aa9d...[0m
[0;32mI (241) app_init: ESP-IDF:          v5.3[0m
[0;32mI (246) efuse_init: Min chip rev:     v0.0[0m
[0;32mI (251) efuse_init: Max chip rev:     v3.99 [0m
[0;32mI (256) efuse_init: Chip rev:         v1.0[0m
[0;32mI (261) heap_init: Initializing. RAM available for dynamic allocation:[0m
[0;32mI (268) heap_init: At 3FFAE6E0 len 00001920 (6 KiB): DRAM[0m
[0;32mI (274) heap_init: At 3FFB2DA0 len 0002D260 (180 KiB): DRAM[0m
[0;32mI (280) heap_init: At 3FFE0440 len 00003AE0 (14 KiB): D/IRAM[0m
[0;32mI (286) heap_init: At 3FFE4350 len 0001BCB0 (111 KiB): D/IRAM[0m
[0;32mI (293) heap_init: At 4008E238 len 00011DC8 (71 KiB): IRAM[0m
[0;32mI (300) spi_flash: detected chip: generic[0m
[0;32mI (304) spi_flash: flash io: dio[0m
[0;33mW (307) spi_flash: Detected size(4096k) larger than the size in the binary image header(2048k). Using the size in the binary image header.[0m
[0;33mW (321) i2c: This driver is an old driver, please migrate your application code to adapt `driver/i2c_master.h`[0m
[0;32mI (332) main_task: Started on CPU0[0m
[0;32mI (342) main_task: Calling app_main()[0m
motro ok
[0;32mI (342) stepper: Stepper direction set to 0[0m
Stepper task created
Control task created
Main loop running
control task initiated
control task loop
control loop started[0;32mI (462) mpu_test: Roll: 0.16 | Pitch: 4.79[0m
-0.049540
[0;32mI (462) stepper: Stepper direction set to 1[0m
control task loop
control loop started[0;32mI (592) mpu_test: Roll: -0.35 | Pitch: 4.66[0m
1599.951660
[0;32mI (592) stepper: Stepper direction set to 0[0m
control task loop
control loop started[0;32mI (722) mpu_test: Roll: -0.84 | Pitch: 4.54[0m
-0.047038
[0;32mI (722) stepper: Stepper direction set to 1[0m
[0;32mI (742) stepper: Stepper direction set to 0[0m
Guru Meditation Error: Core  0 panic'ed (IntegerDivideByZero). Exception was unhandled.

Core  0 register dump:
PC      : 0x4000d099  PS      : 0x00060130  A0      : 0x800d9e70  A1      : 0x3ffb6bf0  
A2      : 0xc4b40000  A3      : 0x00000004  A4      : 0x00000000  A5      : 0x00000000  
A6      : 0x00000003  A7      : 0x00060023  A8      : 0x00000001  A9      : 0x00000004  
A10     : 0x00000000  A11     : 0xc4b40000  A12     : 0x00000000  A13     : 0x3f4031bf  
A14     : 0x00000005  A15     : 0x00000003  SAR     : 0x00000014  EXCCAUSE: 0x00000006  
EXCVADDR: 0x00000000  LBEG    : 0x400014fd  LEND    : 0x4000150d  LCOUNT  : 0xfffffffd  


Backtrace: 0x4000d096:0x3ffb6bf0 0x400d9e6d:0x3ffb6c10 0x400da94d:0x3ffb6c50 0x400d6870:0x3ffb6c90 0x400d64e4:0x3ffb6cb0 0x40087325:0x3ffb6cd0




ELF file SHA256: 5a0d1aa9d

Rebooting...
ets Jun  8 2016 00:22:57

rst:0xc (SW_CPU_RESET),boot:0x13 (SPI_FAST_FLASH_BOOT)
configsip: 0, SPIWP:0xee
clk_drv:0x00,q_drv:0x00,d_drv:0x00,cs0_drv:0x00,hd_drv:0x00,wp_drv:0x00
mode:DIO, clock div:2
load:0x3fff0030,len:7176
load:0x40078000,len:15564
ho 0 tail 12 room 4
load:0x40080400,len:4
load:0x40080404,len:3904
entry 0x40080640
[0;32mI (31) boot: ESP-IDF v5.3 2nd stage bootloader[0m
[0;32mI (31) boot: compile time Aug 21 2024 18:25:34[0m
[0;32mI (31) boot: Multicore bootloader[0m
[0;32mI (35) boot: chip revision: v1.0[0m
[0;32mI (39) boot.esp32: SPI Speed      : 40MHz[0m
[0;32mI (43) boot.esp32: SPI Mode       : DIO[0m
[0;32mI (48) boot.esp32: SPI Flash Size : 2MB[0m
[0;32mI (53) boot: Enabling RNG early entropy source...[0m
[0;32mI (58) boot: Partition Table:[0m
[0;32mI (62) boot: ## Label            Usage          Type ST Offset   Length[0m
[0;32mI (69) boot:  0 nvs              WiFi data        01 02 00009000 00006000[0m
[0;32mI (76) boot:  1 phy_init         RF data          01 01 0000f000 00001000[0m
[0;32mI (84) boot:  2 factory          factory app      00 00 00010000 00100000[0m
[0;32mI (91) boot: End of partition table[0m
[0;32mI (95) esp_image: segment 0: paddr=00010020 vaddr=3f400020 size=0b6b8h ( 46776) map[0m
[0;32mI (120) esp_image: segment 1: paddr=0001b6e0 vaddr=3ffb0000 size=023ech (  9196) load[0m
[0;32mI (124) esp_image: segment 2: paddr=0001dad4 vaddr=40080000 size=02544h (  9540) load[0m
[0;32mI (130) esp_image: segment 3: paddr=00020020 vaddr=400d0020 size=198d8h (104664) map[0m
[0;32mI (170) esp_image: segment 4: paddr=00039900 vaddr=40082544 size=0bcf4h ( 48372) load[0m
[0;32mI (196) boot: Loaded app from partition at offset 0x10000[0m
[0;32mI (196) boot: Disabling RNG early entropy source...[0m
[0;32mI (208) cpu_start: Multicore app[0m
[0;32mI (217) cpu_start: Pro cpu start user code[0m
[0;32mI (217) cpu_start: cpu freq: 160000000 Hz[0m
[0;32mI (217) app_init: Application information:[0m
[0;32mI (220) app_init: Project name:     firmware[0m
[0;32mI (225) app_init: App version:      ab4d98e-dirty[0m
[0;32mI (230) app_init: Compile time:     Aug 21 2024 18:25:29[0m
[0;32mI (236) app_init: ELF file SHA256:  5a0d1aa9d...[0m
[0;32mI (241) app_init: ESP-IDF:          v5.3[0m
[0;32mI (246) efuse_init: Min chip rev:     v0.0[0m
[0;32mI (251) efuse_init: Max chip rev:     v3.99 [0m
[0;32mI (256) efuse_init: Chip rev:         v1.0[0m
[0;32mI (261) heap_init: Initializing. RAM available for dynamic allocation:[0m
[0;32mI (268) heap_init: At 3FFAE6E0 len 00001920 (6 KiB): DRAM[0m
[0;32mI (274) heap_init: At 3FFB2DA0 len 0002D260 (180 KiB): DRAM[0m
[0;32mI (280) heap_init: At 3FFE0440 len 00003AE0 (14 KiB): D/IRAM[0m
[0;32mI (286) heap_init: At 3FFE4350 len 0001BCB0 (111 KiB): D/IRAM[0m
[0;32mI (293) heap_init: At 4008E238 len 00011DC8 (71 KiB): IRAM[0m
[0;32mI (300) spi_flash: detected chip: generic[0m
[0;32mI (304) spi_flash: flash io: dio[0m
[0;33mW (307) spi_flash: Detected size(4096k) larger than the size in the binary image header(2048k). Using the size in the binary image header.[0m
[0;33mW (321) i2c: This driver is an old driver, please migrate your application code to adapt `driver/i2c_master.h`[0m
[0;32mI (332) main_task: Started on CPU0[0m
[0;32mI (342) main_task: Calling app_main()[0m
motro ok
[0;32mI (342) stepper: Stepper direction set to 0[0m
Stepper task created
Control task created
Main loop running
control task initiated
control task loop
control loop started[0;32mI (462) mpu_test: Roll: 0.58 | Pitch: 4.45[0m
-0.046051
[0;32mI (462) stepper: Stepper direction set to 1[0m
control task loop
control loop started[0;32mI (592) mpu_test: Roll: 0.07 | Pitch: 4.34[0m
1439.955078
[0;32mI (592) stepper: Stepper direction set to 0[0m
control task loop
control loop started[0;32mI (722) mpu_test: Roll: -0.44 | Pitch: 4.22[0m
-0.043746
[0;32mI (722) stepper: Stepper direction set to 1[0m
[0;32mI (742) stepper: Stepper direction set to 0[0m
Guru Meditation Error: Core  0 panic'ed (IntegerDivideByZero). Exception was unhandled.

Core  0 register dump:
PC      : 0x4000d099  PS      : 0x00060130  A0      : 0x800d9e70  A1      : 0x3ffb6bf0  
A2      : 0xc4b40000  A3      : 0x00000004  A4      : 0x00000000  A5      : 0x00000000  
A6      : 0x00000003  A7      : 0x00060023  A8      : 0x00000001  A9      : 0x00000004  
A10     : 0x00000000  A11     : 0xc4b40000  A12     : 0x00000000  A13     : 0x3f4031bf  
A14     : 0x00000005  A15     : 0x00000003  SAR     : 0x00000014  EXCCAUSE: 0x00000006  
EXCVADDR: 0x00000000  LBEG    : 0x400014fd  LEND    : 0x4000150d  LCOUNT  : 0xfffffffd  


Backtrace: 0x4000d096:0x3ffb6bf0 0x400d9e6d:0x3ffb6c10 0x400da94d:0x3ffb6c50 0x400d6870:0x3ffb6c90 0x400d64e4:0x3ffb6cb0 0x40087325:0x3ffb6cd0




ELF file SHA256: 5a0d1aa9d

Rebooting...
ets Jun  8 2016 00:22:57

rst:0xc (SW_CPU_RESET),boot:0x13 (SPI_FAST_FLASH_BOOT)
configsip: 0, SPIWP:0xee
clk_drv:0x00,q_drv:0x00,d_drv:0x00,cs0_drv:0x00,hd_drv:0x00,wp_drv:0x00
mode:DIO, clock div:2
load:0x3fff0030,len:7176
load:0x40078000,len:15564
ho 0 tail 12 room 4
load:0x40080400,len:4
load:0x40080404,len:3904
entry 0x40080640
[0;32mI (31) boot: ESP-IDF v5.3 2nd stage bootloader[0m
[0;32mI (31) boot: compile time Aug 21 2024 18:25:34[0m
[0;32mI (31) boot: Multicore bootloader[0m
[0;32mI (35) boot: chip revision: v1.0[0m
[0;32mI (39) boot.esp32: SPI Speed      : 40MHz[0m
[0;32mI (43) boot.esp32: SPI Mode       : DIO[0m
[0;32mI (48) boot.esp32: SPI Flash Size : 2MB[0m
[0;32mI (53) boot: Enabling RNG early entropy source...[0m
[0;32mI (58) boot: Partition Table:[0m
[0;32mI (62) boot: ## Label            Usage          Type ST Offset   Length[0m
[0;32mI (69) boot:  0 nvs              WiFi data        01 02 00009000 00006000[0m
[0;32mI (76) boot:  1 phy_init         RF data          01 01 0000f000 00001000[0m
[0;32mI (84) boot:  2 factory          factory app      00 00 00010000 00100000[0m
[0;32mI (91) boot: End of partition table[0m
[0;32mI (95) esp_image: segment 0: paddr=00010020 vaddr=3f400020 size=0b6b8h ( 46776) map[0m
[0;32mI (120) esp_image: segment 1: paddr=0001b6e0 vaddr=3ffb0000 size=023ech (  9196) load[0m
[0;32mI (124) esp_image: segment 2: paddr=0001dad4 vaddr=40080000 size=02544h (  9540) load[0m
[0;32mI (130) esp_image: segment 3: paddr=00020020 vaddr=400d0020 size=198d8h (104664) map[0m
[0;32mI (170) esp_image: segment 4: paddr=00039900 vaddr=40082544 size=0bcf4h ( 48372) load[0m
[0;32mI (196) boot: Loaded app from partition at offset 0x10000[0m
[0;32mI (196) boot: Disabling RNG early entropy source...[0m
[0;32mI (208) cpu_start: Multicore app[0m
[0;32mI (217) cpu_start: Pro cpu start user code[0m
[0;32mI (217) cpu_start: cpu freq: 160000000 Hz[0m
[0;32mI (217) app_init: Application information:[0m
[0;32mI (220) app_init: Project name:     firmware[0m
[0;32mI (225) app_init: App version:      ab4d98e-dirty[0m
[0;32mI (230) app_init: Compile time:     Aug 21 2024 18:25:29[0m
[0;32mI (236) app_init: ELF file SHA256:  5a0d1aa9d...[0m
[0;32mI (241) app_init: ESP-IDF:          v5.3[0m
[0;32mI (246) efuse_init: Min chip rev:     v0.0[0m
[0;32mI (251) efuse_init: Max chip rev:     v3.99 [0m
[0;32mI (256) efuse_init: Chip rev:         v1.0[0m
[0;32mI (261) heap_init: Initializing. RAM available for dynamic allocation:[0m
[0;32mI (268) heap_init: At 3FFAE6E0 len 00001920 (6 KiB): DRAM[0m
[0;32mI (274) heap_init: At 3FFB2DA0 len 0002D260 (180 KiB): DRAM[0m
[0;32mI (280) heap_init: At 3FFE0440 len 00003AE0 (14 KiB): D/IRAM[0m
[0;32mI (286) heap_init: At 3FFE4350 len 0001BCB0 (111 KiB): D/IRAM[0m
[0;32mI (293) heap_init: At 4008E238 len 00011DC8 (71 KiB): IRAM[0m
[0;32mI (300) spi_flash: detected chip: generic[0m
[0;32mI (304) spi_flash: flash io: dio[0m
[0;33mW (307) spi_flash: Detected size(4096k) larger than the size in the binary image header(2048k). Using the size in the binary image header.[0m
[0;33mW (321) i2c: This driver is an old driver, please migrate your application code to adapt `driver/i2c_master.h`[0m
[0;32mI (332) main_task: Started on CPU0[0m
[0;32mI (342) main_task: Calling app_main()[0m
motro ok
[0;32mI (342) stepper: Stepper direction set to 0[0m
Stepper task created
Control task created
Main loop running
control task initiated
control task loop
control loop started[0;32mI (462) mpu_test: Roll: 0.45 | Pitch: 4.25[0m
-0.043916
[0;32mI (462) stepper: Stepper direction set to 1[0m
control task loop
control loop started[0;32mI (592) mpu_test: Roll: -0.05 | Pitch: 4.12[0m
1599.957275
[0;32mI (592) stepper: Stepper direction set to 0[0m
control task loop
control loop started[0;32mI (722) mpu_test: Roll: -0.56 | Pitch: 4.01[0m
-0.041575
[0;32mI (722) stepper: Stepper direction set to 1[0m
[0;32mI (742) stepper: Stepper direction set to 0[0m
Guru Meditation Error: Core  0 panic'ed (IntegerDivideByZero). Exception was unhandled.

Core  0 register dump:
PC      : 0x4000d099  PS      : 0x00060130  A0      : 0x800d9e70  A1      : 0x3ffb6bf0  
A2      : 0xc4b40000  A3      : 0x00000004  A4      : 0x00000000  A5      : 0x00000000  
A6      : 0x00000003  A7      : 0x00060023  A8      : 0x00000001  A9      : 0x00000004  
A10     : 0x00000000  A11     : 0xc4b40000  A12     : 0x00000000  A13     : 0x3f4031bf  
A14     : 0x00000005  A15     : 0x00000003  SAR     : 0x00000014  EXCCAUSE: 0x00000006  
EXCVADDR: 0x00000000  LBEG    : 0x400014fd  LEND    : 0x4000150d  LCOUNT  : 0xfffffffd  


Backtrace: 0x4000d096:0x3ffb6bf0 0x400d9e6d:0x3ffb6c10 0x400da94d:0x3ffb6c50 0x400d6870:0x3ffb6c90 0x400d64e4:0x3ffb6cb0 0x40087325:0x3ffb6cd0




ELF file SHA256: 5a0d1aa9d

Rebooting...
ets Jun  8 2016 00:22:57

rst:0xc (SW_CPU_RESET),boot:0x13 (SPI_FAST_FLASH_BOOT)
configsip: 0, SPIWP:0xee
clk_drv:0x00,q_drv:0x00,d_drv:0x00,cs0_drv:0x00,hd_drv:0x00,wp_drv:0x00
mode:DIO, clock div:2
load:0x3fff0030,len:7176
load:0x40078000,len:15564
ho 0 tail 12 room 4
load:0x40080400,len:4
load:0x40080404,len:3904
entry 0x40080640
[0;32mI (31) boot: ESP-IDF v5.3 2nd stage bootloader[0m
[0;32mI (31) boot: compile time Aug 21 2024 18:25:34[0m
[0;32mI (31) boot: Multicore bootloader[0m
[0;32mI (35) boot: chip revision: v1.0[0m
[0;32mI (39) boot.esp32: SPI Speed      : 40MHz[0m
[0;32mI (43) boot.esp32: SPI Mode       : DIO[0m
[0;32mI (48) boot.esp32: SPI Flash Size : 2MB[0m
[0;32mI (53) boot: Enabling RNG early entropy source...[0m
[0;32mI (58) boot: Partition Table:[0m
[0;32mI (62) boot: ## Label            Usage          Type ST Offset   Length[0m
[0;32mI (69) boot:  0 nvs              WiFi data        01 02 00009000 00006000[0m
[0;32mI (76) boot:  1 phy_init         RF data          01 01 0000f000 00001000[0m
[0;32mI (84) boot:  2 factory          factory app      00 00 00010000 00100000[0m
[0;32mI (91) boot: End of partition table[0m
[0;32mI (95) esp_image: segment 0: paddr=00010020 vaddr=3f400020 size=0b6b8h ( 46776) map[0m
[0;32mI (120) esp_image: segment 1: paddr=0001b6e0 vaddr=3ffb0000 size=023ech (  9196) load[0m
[0;32mI (124) esp_image: segment 2: paddr=0001dad4 vaddr=40080000 size=02544h (  9540) load[0m
[0;32mI (130) esp_image: segment 3: paddr=00020020 vaddr=400d0020 size=198d8h (104664) map[0m
[0;32mI (170) esp_image: segment 4: paddr=00039900 vaddr=40082544 size=0bcf4h ( 48372) load[0m
[0;32mI (196) boot: Loaded app from partition at offset 0x10000[0m
[0;32mI (196) boot: Disabling RNG early entropy source...[0m
[0;32mI (208) cpu_start: Multicore app[0m
[0;32mI (217) cpu_start: Pro cpu start user code[0m
[0;32mI (217) cpu_start: cpu freq: 160000000 Hz[0m
[0;32mI (217) app_init: Application information:[0m
[0;32mI (220) app_init: Project name:     firmware[0m
[0;32mI (225) app_init: App version:      ab4d98e-dirty[0m
[0;32mI (230) app_init: Compile time:     Aug 21 2024 18:25:29[0m
[0;32mI (236) app_init: ELF file SHA256:  5a0d1aa9d...[0m
[0;32mI (241) app_init: ESP-IDF:          v5.3[0m
[0;32mI (246) efuse_init: Min chip rev:     v0.0[0m
[0;32mI (251) efuse_init: Max chip rev:     v3.99 [0m
[0;32mI (256) efuse_init: Chip rev:         v1.0[0m
[0;32mI (261) heap_init: Initializing. RAM available for dynamic allocation:[0m
[0;32mI (268) heap_init: At 3FFAE6E0 len 00001920 (6 KiB): DRAM[0m
[0;32mI (274) heap_init: At 3FFB2DA0 len 0002D260 (180 KiB): DRAM[0m
[0;32mI (280) heap_init: At 3FFE0440 len 00003AE0 (14 KiB): D/IRAM[0m
[0;32mI (286) heap_init: At 3FFE4350 len 0001BCB0 (111 KiB): D/IRAM[0m
[0;32mI (293) heap_init: At 4008E238 len 00011DC8 (71 KiB): IRAM[0m
[0;32mI (300) spi_flash: detected chip: generic[0m
[0;32mI (304) spi_flash: flash io: dio[0m
[0;33mW (307) spi_flash: Detected size(4096k) larger than the size in the binary image header(2048k). Using the size in the binary image header.[0m
[0;33mW (321) i2c: This driver is an old driver, please migrate your application code to adapt `driver/i2c_master.h`[0m
[0;32mI (332) main_task: Started on CPU0[0m
[0;32mI (342) main_task: Calling app_main()[0m
motro ok
[0;32mI (342) stepper: Stepper direction set to 0[0m
Stepper task created
Control task created
Main loop running
control task initiated
control task loop
control loop started[0;32mI (462) mpu_test: Roll: 0.31 | Pitch: 4.68[0m
-0.048465
[0;32mI (462) stepper: Stepper direction set to 1[0m
control task loop
control loop started[0;32mI (592) mpu_test: Roll: -0.20 | Pitch: 4.55[0m
1599.952759
[0;32mI (592) stepper: Stepper direction set to 0[0m
control task loop
control loop started[0;32mI (722) mpu_test: Roll: -0.69 | Pitch: 4.43[0m
-0.045914
[0;32mI (722) stepper: Stepper direction set to 1[0m
[0;32mI (742) stepper: Stepper direction set to 0[0m
Guru Meditation Error: Core  0 panic'ed (IntegerDivideByZero). Exception was unhandled.

Core  0 register dump:
PC      : 0x4000d099  PS      : 0x00060130  A0      : 0x800d9e70  A1      : 0x3ffb6bf0  
A2      : 0xc4b40000  A3      : 0x00000004  A4      : 0x00000000  A5      : 0x00000000  
A6      : 0x00000003  A7      : 0x00060023  A8      : 0x00000001  A9      : 0x00000004  
A10     : 0x00000000  A11     : 0xc4b40000  A12     : 0x00000000  A13     : 0x3f4031bf  
A14     : 0x00000005  A15     : 0x00000003  SAR     : 0x00000014  EXCCAUSE: 0x00000006  
EXCVADDR: 0x00000000  LBEG    : 0x400014fd  LEND    : 0x4000150d  LCOUNT  : 0xfffffffd  


Backtrace: 0x4000d096:0x3ffb6bf0 0x400d9e6d:0x3ffb6c10 0x400da94d:0x3ffb6c50 0x400d6870:0x3ffb6c90 0x400d64e4:0x3ffb6cb0 0x40087325:0x3ffb6cd0




ELF file SHA256: 5a0d1aa9d

Rebooting...
ets Jun  8 2016 00:22:57

rst:0xc (SW_CPU_RESET),boot:0x13 (SPI_FAST_FLASH_BOOT)
configsip: 0, SPIWP:0xee
clk_drv:0x00,q_drv:0x00,d_drv:0x00,cs0_drv:0x00,hd_drv:0x00,wp_drv:0x00
mode:DIO, clock div:2
load:0x3fff0030,len:7176
load:0x40078000,len:15564
ho 0 tail 12 room 4
load:0x40080400,len:4
load:0x40080404,len:3904
entry 0x40080640
[0;32mI (31) boot: ESP-IDF v5.3 2nd stage bootloader[0m
[0;32mI (31) boot: compile time Aug 21 2024 18:25:34[0m
[0;32mI (31) boot: Multicore bootloader[0m
[0;32mI (35) boot: chip revision: v1.0[0m
[0;32mI (39) boot.esp32: SPI Speed      : 40MHz[0m
[0;32mI (43) boot.esp32: SPI Mode       : DIO[0m
[0;32mI (48) boot.esp32: SPI Flash Size : 2MB[0m
[0;32mI (53) boot: Enabling RNG early entropy source...[0m
[0;32mI (58) boot: Partition Table:[0m
[0;32mI (62) boot: ## Label            Usage          Type ST Offset   Length[0m
[0;32mI (69) boot:  0 nvs              WiFi data        01 02 00009000 00006000[0m
[0;32mI (76) boot:  1 phy_init         RF data          01 01 0000f000 00001000[0m
[0;32mI (84) boot:  2 factory          factory app      00 00 00010000 00100000[0m
[0;32mI (91) boot: End of partition table[0m
[0;32mI (95) esp_image: segment 0: paddr=00010020 vaddr=3f400020 size=0b6b8h ( 46776) map[0m
[0;32mI (120) esp_image: segment 1: paddr=0001b6e0 vaddr=3ffb0000 size=023ech (  9196) load[0m
[0;32mI (124) esp_image: segment 2: paddr=0001dad4 vaddr=40080000 size=02544h (  9540) load[0m
[0;32mI (130) esp_image: segment 3: paddr=00020020 vaddr=400d0020 size=198d8h (104664) map[0m
[0;32mI (170) esp_image: segment 4: paddr=00039900 vaddr=40082544 size=0bcf4h ( 48372) load[0m
[0;32mI (196) boot: Loaded app from partition at offset 0x10000[0m
[0;32mI (196) boot: Disabling RNG early entropy source...[0m
[0;32mI (208) cpu_start: Multicore app[0m
[0;32mI (217) cpu_start: Pro cpu start user code[0m
[0;32mI (217) cpu_start: cpu freq: 160000000 Hz[0m
[0;32mI (217) app_init: Application information:[0m
[0;32mI (220) app_init: Project name:     firmware[0m
[0;32mI (225) app_init: App version:      ab4d98e-dirty[0m
[0;32mI (230) app_init: Compile time:     Aug 21 2024 18:25:29[0m
[0;32mI (236) app_init: ELF file SHA256:  5a0d1aa9d...[0m
[0;32mI (241) app_init: ESP-IDF:          v5.3[0m
[0;32mI (246) efuse_init: Min chip rev:     v0.0[0m
[0;32mI (251) efuse_init: Max chip rev:     v3.99 [0m
[0;32mI (256) efuse_init: Chip rev:         v1.0[0m
[0;32mI (261) heap_init: Initializing. RAM available for dynamic allocation:[0m
[0;32mI (268) heap_init: At 3FFAE6E0 len 00001920 (6 KiB): DRAM[0m
[0;32mI (274) heap_init: At 3FFB2DA0 len 0002D260 (180 KiB): DRAM[0m
[0;32mI (280) heap_init: At 3FFE0440 len 00003AE0 (14 KiB): D/IRAM[0m
[0;32mI (286) heap_init: At 3FFE4350 len 0001BCB0 (111 KiB): D/IRAM[0m
[0;32mI (293) heap_init: At 4008E238 len 00011DC8 (71 KiB): IRAM[0m
[0;32mI (300) spi_flash: detected chip: generic[0m
[0;32mI (304) spi_flash: flash io: dio[0m
[0;33mW (307) spi_flash: Detected size(4096k) larger than the size in the binary image header(2048k). Using the size in the binary image header.[0m
[0;33mW (321) i2c: This driver is an old driver, please migrate your application code to adapt `driver/i2c_master.h`[0m
[0;32mI (332) main_task: Started on CPU0[0m
[0;32mI (342) main_task: Calling app_main()[0m
motro ok
[0;32mI (342) stepper: Stepper direction set to 0[0m
Stepper task created
Control task created
Main loop running
control task initiated
control task loop
control loop started[0;32mI (462) mpu_test: Roll: 0.58 | Pitch: 4.98[0m
-0.051482
[0;32mI (462) stepper: Stepper direction set to 1[0m
control task loop
control loop started[0;32mI (592) mpu_test: Roll: 0.07 | Pitch: 4.85[0m
1439.949707
[0;32mI (592) stepper: Stepper direction set to 0[0m
control task loop
control loop started[0;32mI (722) mpu_test: Roll: -0.43 | Pitch: 4.72[0m
-0.048897
[0;32mI (722) stepper: Stepper direction set to 1[0m
[0;32mI (742) stepper: Stepper direction set to 0[0m
Guru Meditation Error: Core  0 panic'ed (IntegerDivideByZero). Exception was unhandled.

Core  0 register dump:
PC      : 0x4000d099  PS      : 0x00060130  A0      : 0x800d9e70  A1      : 0x3ffb6bf0  
A2      : 0xc4b40000  A3      : 0x00000004  A4      : 0x00000000  A5      : 0x00000000  
A6      : 0x00000003  A7      : 0x00060023  A8      : 0x00000001  A9      : 0x00000004  
A10     : 0x00000000  A11     : 0xc4b40000  A12     : 0x00000000  A13     : 0x3f4031bf  
A14     : 0x00000005  A15     : 0x00000003  SAR     : 0x00000014  EXCCAUSE: 0x00000006  
EXCVADDR: 0x00000000  LBEG    : 0x400014fd  LEND    : 0x4000150d  LCOUNT  : 0xfffffffd  


Backtrace: 0x4000d096:0x3ffb6bf0 0x400d9e6d:0x3ffb6c10 0x400da94d:0x3ffb6c50 0x400d6870:0x3ffb6c90 0x400d64e4:0x3ffb6cb0 0x40087325:0x3ffb6cd0




ELF file SHA256: 5a0d1aa9d

Rebooting...
ets Jun  8 2016 00:22:57

rst:0xc (SW_CPU_RESET),boot:0x13 (SPI_FAST_FLASH_BOOT)
configsip: 0, SPIWP:0xee
clk_drv:0x00,q_drv:0x00,d_drv:0x00,cs0_drv:0x00,hd_drv:0x00,wp_drv:0x00
mode:DIO, clock div:2
load:0x3fff0030,len:7176
load:0x40078000,len:15564
ho 0 tail 12 room 4
load:0x40080400,len:4
load:0x40080404,len:3904
entry 0x40080640
[0;32mI (31) boot: ESP-IDF v5.3 2nd stage bootloader[0m
[0;32mI (31) boot: compile time Aug 21 2024 18:25:34[0m
[0;32mI (31) boot: Multicore bootloader[0m
[0;32mI (35) boot: chip revision: v1.0[0m
[0;32mI (39) boot.esp32: SPI Speed      : 40MHz[0m
[0;32mI (43) boot.esp32: SPI Mode       : DIO[0m
[0;32mI (48) boot.esp32: SPI Flash Size : 2MB[0m
[0;32mI (53) boot: Enabling RNG early entropy source...[0m
[0;32mI (58) boot: Partition Table:[0m
[0;32mI (62) boot: ## Label            Usage          Type ST Offset   Length[0m
[0;32mI (69) boot:  0 nvs              WiFi data        01 02 00009000 00006000[0m
[0;32mI (76) boot:  1 phy_init         RF data          01 01 0000f000 00001000[0m
[0;32mI (84) boot:  2 factory          factory app      00 00 00010000 00100000[0m
[0;32mI (91) boot: End of partition table[0m
[0;32mI (95) esp_image: segment 0: paddr=00010020 vaddr=3f400020 size=0b6b8h ( 46776) map[0m
[0;32mI (120) esp_image: segment 1: paddr=0001b6e0 vaddr=3ffb0000 size=023ech (  9196) load[0m
[0;32mI (124) esp_image: segment 2: paddr=0001dad4 vaddr=40080000 size=02544h (  9540) load[0m
[0;32mI (130) esp_image: segment 3: paddr=00020020 vaddr=400d0020 size=198d8h (104664) map[0m
[0;32mI (170) esp_image: segment 4: paddr=00039900 vaddr=40082544 size=0bcf4h ( 48372) load[0m
[0;32mI (196) boot: Loaded app from partition at offset 0x10000[0m
[0;32mI (196) boot: Disabling RNG early entropy source...[0m
[0;32mI (208) cpu_start: Multicore app[0m
[0;32mI (217) cpu_start: Pro cpu start user code[0m
[0;32mI (217) cpu_start: cpu freq: 160000000 Hz[0m
[0;32mI (217) app_init: Application information:[0m
[0;32mI (220) app_init: Project name:     firmware[0m
[0;32mI (225) app_init: App version:      ab4d98e-dirty[0m
[0;32mI (230) app_init: Compile time:     Aug 21 2024 18:25:29[0m
[0;32mI (236) app_init: ELF file SHA256:  5a0d1aa9d...[0m
[0;32mI (241) app_init: ESP-IDF:          v5.3[0m
[0;32mI (246) efuse_init: Min chip rev:     v0.0[0m
[0;32mI (251) efuse_init: Max chip rev:     v3.99 [0m
[0;32mI (256) efuse_init: Chip rev:         v1.0[0m
[0;32mI (261) heap_init: Initializing. RAM available for dynamic allocation:[0m
[0;32mI (268) heap_init: At 3FFAE6E0 len 00001920 (6 KiB): DRAM[0m
[0;32mI (274) heap_init: At 3FFB2DA0 len 0002D260 (180 KiB): DRAM[0m
[0;32mI (280) heap_init: At 3FFE0440 len 00003AE0 (14 KiB): D/IRAM[0m
[0;32mI (286) heap_init: At 3FFE4350 len 0001BCB0 (111 KiB): D/IRAM[0m
[0;32mI (293) heap_init: At 4008E238 len 00011DC8 (71 KiB): IRAM[0m
[0;32mI (300) spi_flash: detected chip: generic[0m
[0;32mI (304) spi_flash: flash io: dio[0m
[0;33mW (307) spi_flash: Detected size(4096k) larger than the size in the binary image header(2048k). Using the size in the binary image header.[0m
[0;33mW (321) i2c: This driver is an old driver, please migrate your application code to adapt `driver/i2c_master.h`[0m
[0;32mI (332) main_task: Started on CPU0[0m
[0;32mI (342) main_task: Calling app_main()[0m
motro ok
[0;32mI (342) stepper: Stepper direction set to 0[0m
Stepper task created
Control task created
Main loop running
control task initiated
control task loop
control loop started[0;32mI (462) mpu_test: Roll: 0.31 | Pitch: 4.75[0m
-0.049184
[0;32mI (462) stepper: Stepper direction set to 1[0m
control task loop
control loop started[0;32mI (592) mpu_test: Roll: -0.19 | Pitch: 4.63[0m
1599.952026
[0;32mI (592) stepper: Stepper direction set to 0[0m
control task loop
control loop started[0;32mI (722) mpu_test: Roll: -0.69 | Pitch: 4.51[0m
-0.046752
[0;32mI (722) stepper: Stepper direction set to 1[0m
[0;32mI (742) stepper: Stepper direction set to 0[0m
Guru Meditation Error: Core  0 panic'ed (IntegerDivideByZero). Exception was unhandled.

Core  0 register dump:
PC      : 0x4000d099  PS      : 0x00060130  A0      : 0x800d9e70  A1      : 0x3ffb6bf0  
A2      : 0xc4b40000  A3      : 0x00000004  A4      : 0x00000000  A5      : 0x00000000  
A6      : 0x00000003  A7      : 0x00060023  A8      : 0x00000001  A9      : 0x00000004  
A10     : 0x00000000  A11     : 0xc4b40000  A12     : 0x00000000  A13     : 0x3f4031bf  
A14     : 0x00000005  A15     : 0x00000003  SAR     : 0x00000014  EXCCAUSE: 0x00000006  
EXCVADDR: 0x00000000  LBEG    : 0x400014fd  LEND    : 0x4000150d  LCOUNT  : 0xfffffffd  


Backtrace: 0x4000d096:0x3ffb6bf0 0x400d9e6d:0x3ffb6c10 0x400da94d:0x3ffb6c50 0x400d6870:0x3ffb6c90 0x400d64e4:0x3ffb6cb0 0x40087325:0x3ffb6cd0




ELF file SHA256: 5a0d1aa9d

Rebooting...
ets Jun  8 2016 00:22:57

rst:0xc (SW_CPU_RESET),boot:0x13 (SPI_FAST_FLASH_BOOT)
configsip: 0, SPIWP:0xee
clk_drv:0x00,q_drv:0x00,d_drv:0x00,cs0_drv:0x00,hd_drv:0x00,wp_drv:0x00
mode:DIO, clock div:2
load:0x3fff0030,len:7176
load:0x40078000,len:15564
ho 0 tail 12 room 4
load:0x40080400,len:4
load:0x40080404,len:3904
entry 0x40080640
[0;32mI (31) boot: ESP-IDF v5.3 2nd stage bootloader[0m
[0;32mI (31) boot: compile time Aug 21 2024 18:25:34[0m
[0;32mI (31) boot: Multicore bootloader[0m
[0;32mI (35) boot: chip revision: v1.0[0m
[0;32mI (39) boot.esp32: SPI Speed      : 40MHz[0m
[0;32mI (43) boot.esp32: SPI Mode       : DIO[0m
[0;32mI (48) boot.esp32: SPI Flash Size : 2MB[0m
[0;32mI (53) boot: Enabling RNG early entropy source...[0m
[0;32mI (58) boot: Partition Table:[0m
[0;32mI (62) boot: ## Label            Usage          Type ST Offset   Length[0m
[0;32mI (69) boot:  0 nvs              WiFi data        01 02 00009000 00006000[0m
[0;32mI (76) boot:  1 phy_init         RF data          01 01 0000f000 00001000[0m
[0;32mI (84) boot:  2 factory          factory app      00 00 00010000 00100000[0m
[0;32mI (91) boot: End of partition table[0m
[0;32mI (95) esp_image: segment 0: paddr=00010020 vaddr=3f400020 size=0b6b8h ( 46776) map[0m
[0;32mI (120) esp_image: segment 1: paddr=0001b6e0 vaddr=3ffb0000 size=023ech (  9196) load[0m
[0;32mI (124) esp_image: segment 2: paddr=0001dad4 vaddr=40080000 size=02544h (  9540) load[0m
[0;32mI (130) esp_image: segment 3: paddr=00020020 vaddr=400d0020 size=198d8h (104664) map[0m
[0;32mI (170) esp_image: segment 4: paddr=00039900 vaddr=40082544 size=0bcf4h ( 48372) load[0m
[0;32mI (196) boot: Loaded app from partition at offset 0x10000[0m
[0;32mI (196) boot: Disabling RNG early entropy source...[0m
[0;32mI (208) cpu_start: Multicore app[0m
[0;32mI (217) cpu_start: Pro cpu start user code[0m
[0;32mI (217) cpu_start: cpu freq: 160000000 Hz[0m
[0;32mI (217) app_init: Application information:[0m
[0;32mI (220) app_init: Project name:     firmware[0m
[0;32mI (225) app_init: App version:      ab4d98e-dirty[0m
[0;32mI (230) app_init: Compile time:     Aug 21 2024 18:25:29[0m
[0;32mI (236) app_init: ELF file SHA256:  5a0d1aa9d...[0m
[0;32mI (241) app_init: ESP-IDF:          v5.3[0m
[0;32mI (246) efuse_init: Min chip rev:     v0.0[0m
[0;32mI (251) efuse_init: Max chip rev:     v3.99 [0m
[0;32mI (256) efuse_init: Chip rev:         v1.0[0m
[0;32mI (261) heap_init: Initializing. RAM available for dynamic allocation:[0m
[0;32mI (268) heap_init: At 3FFAE6E0 len 00001920 (6 KiB): DRAM[0m
[0;32mI (274) heap_init: At 3FFB2DA0 len 0002D260 (180 KiB): DRAM[0m
[0;32mI (280) heap_init: At 3FFE0440 len 00003AE0 (14 KiB): D/IRAM[0m
[0;32mI (286) heap_init: At 3FFE4350 len 0001BCB0 (111 KiB): D/IRAM[0m
[0;32mI (293) heap_init: At 4008E238 len 00011DC8 (71 KiB): IRAM[0m
[0;32mI (300) spi_flash: detected chip: generic[0m
[0;32mI (304) spi_flash: flash io: dio[0m
[0;33mW (307) spi_flash: Detected size(4096k) larger than the size in the binary image header(2048k). Using the size in the binary image header.[0m
[0;33mW (321) i2c: This driver is an old driver, please migrate your application code to adapt `driver/i2c_master.h`[0m
[0;32mI (332) main_task: Started on CPU0[0m
[0;32mI (342) main_task: Calling app_main()[0m
motro ok
[0;32mI (342) stepper: Stepper direction set to 0[0m
Stepper task created
Control task created
Main loop running
control task initiated
control task loop
control loop started[0;32mI (462) mpu_test: Roll: 0.18 | Pitch: 4.65[0m
-0.048118
[0;32mI (462) stepper: Stepper direction set to 1[0m
control task loop
control loop started[0;32mI (592) mpu_test: Roll: -0.32 | Pitch: 4.53[0m
1599.953003
[0;32mI (592) stepper: Stepper direction set to 0[0m
control task loop
control loop started[0;32mI (722) mpu_test: Roll: -0.81 | Pitch: 4.40[0m
-0.045657
[0;32mI (722) stepper: Stepper direction set to 1[0m
[0;32mI (742) stepper: Stepper direction set to 0[0m
Guru Meditation Error: Core  0 panic'ed (IntegerDivideByZero). Exception was unhandled.

Core  0 register dump:
PC      : 0x4000d099  PS      : 0x00060130  A0      : 0x800d9e70  A1      : 0x3ffb6bf0  
A2      : 0xc4b40000  A3      : 0x00000004  A4      : 0x00000000  A5      : 0x00000000  
A6      : 0x00000003  A7      : 0x00060023  A8      : 0x00000001  A9      : 0x00000004  
A10     : 0x00000000  A11     : 0xc4b40000  A12     : 0x00000000  A13     : 0x3f4031bf  
A14     : 0x00000005  A15     : 0x00000003  SAR     : 0x00000014  EXCCAUSE: 0x00000006  
EXCVADDR: 0x00000000  LBEG    : 0x400014fd  LEND    : 0x4000150d  LCOUNT  : 0xfffffffd  


Backtrace: 0x4000d096:0x3ffb6bf0 0x400d9e6d:0x3ffb6c10 0x400da94d:0x3ffb6c50 0x400d6870:0x3ffb6c90 0x400d64e4:0x3ffb6cb0 0x40087325:0x3ffb6cd0




ELF file SHA256: 5a0d1aa9d

Rebooting...
ets Jun  8 2016 00:22:57

rst:0xc (SW_CPU_RESET),boot:0x13 (SPI_FAST_FLASH_BOOT)
configsip: 0, SPIWP:0xee
clk_drv:0x00,q_drv:0x00,d_drv:0x00,cs0_drv:0x00,hd_drv:0x00,wp_drv:0x00
mode:DIO, clock div:2
load:0x3fff0030,len:7176
load:0x40078000,len:15564
ho 0 tail 12 room 4
load:0x40080400,len:4
load:0x40080404,len:3904
entry 0x40080640
[0;32mI (31) boot: ESP-IDF v5.3 2nd stage bootloader[0m
[0;32mI (31) boot: compile time Aug 21 2024 18:25:34[0m
[0;32mI (31) boot: Multicore bootloader[0m
[0;32mI (35) boot: chip revision: v1.0[0m
[0;32mI (39) boot.esp32: SPI Speed      : 40MHz[0m
[0;32mI (43) boot.esp32: SPI Mode       : DIO[0m
[0;32mI (48) boot.esp32: SPI Flash Size : 2MB[0m
[0;32mI (53) boot: Enabling RNG early entropy source...[0m
[0;32mI (58) boot: Partition Table:[0m
[0;32mI (62) boot: ## Label            Usage          Type ST Offset   Length[0m
[0;32mI (69) boot:  0 nvs              WiFi data        01 02 00009000 00006000[0m
[0;32mI (76) boot:  1 phy_init         RF data          01 01 0000f000 00001000[0m
[0;32mI (84) boot:  2 factory          factory app      00 00 00010000 00100000[0m
[0;32mI (91) boot: End of partition table[0m
[0;32mI (95) esp_image: segment 0: paddr=00010020 vaddr=3f400020 size=0b6b8h ( 46776) map[0m
[0;32mI (120) esp_image: segment 1: paddr=0001b6e0 vaddr=3ffb0000 size=023ech (  9196) load[0m
[0;32mI (124) esp_image: segment 2: paddr=0001dad4 vaddr=40080000 size=02544h (  9540) load[0m
[0;32mI (130) esp_image: segment 3: paddr=00020020 vaddr=400d0020 size=198d8h (104664) map[0m
[0;32mI (170) esp_image: segment 4: paddr=00039900 vaddr=40082544 size=0bcf4h ( 48372) load[0m
[0;32mI (196) boot: Loaded app from partition at offset 0x10000[0m
[0;32mI (196) boot: Disabling RNG early entropy source...[0m
[0;32mI (208) cpu_start: Multicore app[0m
[0;32mI (217) cpu_start: Pro cpu start user code[0m
[0;32mI (217) cpu_start: cpu freq: 160000000 Hz[0m
[0;32mI (217) app_init: Application information:[0m
[0;32mI (220) app_init: Project name:     firmware[0m
[0;32mI (225) app_init: App version:      ab4d98e-dirty[0m
[0;32mI (230) app_init: Compile time:     Aug 21 2024 18:25:29[0m
[0;32mI (236) app_init: ELF file SHA256:  5a0d1aa9d...[0m
[0;32mI (241) app_init: ESP-IDF:          v5.3[0m
[0;32mI (246) efuse_init: Min chip rev:     v0.0[0m
[0;32mI (251) efuse_init: Max chip rev:     v3.99 [0m
[0;32mI (256) efuse_init: Chip rev:         v1.0[0m
[0;32mI (261) heap_init: Initializing. RAM available for dynamic allocation:[0m
[0;32mI (268) heap_init: At 3FFAE6E0 len 00001920 (6 KiB): DRAM[0m
[0;32mI (274) heap_init: At 3FFB2DA0 len 0002D260 (180 KiB): DRAM[0m
[0;32mI (280) heap_init: At 3FFE0440 len 00003AE0 (14 KiB): D/IRAM[0m
[0;32mI (286) heap_init: At 3FFE4350 len 0001BCB0 (111 KiB): D/IRAM[0m
[0;32mI (293) heap_init: At 4008E238 len 00011DC8 (71 KiB): IRAM[0m
[0;32mI (300) spi_flash: detected chip: generic[0m
[0;32mI (304) spi_flash: flash io: dio[0m
[0;33mW (307) spi_flash: Detected size(4096k) larger than the size in the binary image header(2048k). Using the size in the binary image header.[0m
[0;33mW (321) i2c: This driver is an old driver, please migrate your application code to adapt `driver/i2c_master.h`[0m
[0;32mI (332) main_task: Started on CPU0[0m
[0;32mI (342) main_task: Calling app_main()[0m
motro ok
[0;32mI (342) stepper: Stepper direction set to 0[0m
Stepper task created
Control task created
Main loop running
control task initiated
control task loop
control loop started[0;32mI (462) mpu_test: Roll: 0.31 | Pitch: 4.68[0m
-0.048450
[0;32mI (462) stepper: Stepper direction set to 1[0m
control task loop
control loop started[0;32mI (592) mpu_test: Roll: -0.19 | Pitch: 4.56[0m
1599.952759
[0;32mI (592) stepper: Stepper direction set to 0[0m
control task loop
control loop started[0;32mI (722) mpu_test: Roll: -0.70 | Pitch: 4.43[0m
-0.045953
[0;32mI (722) stepper: Stepper direction set to 1[0m
[0;32mI (742) stepper: Stepper direction set to 0[0m
Guru Meditation Error: Core  0 panic'ed (IntegerDivideByZero). Exception was unhandled.

Core  0 register dump:
PC      : 0x4000d099  PS      : 0x00060130  A0      : 0x800d9e70  A1      : 0x3ffb6bf0  
A2      : 0xc4b40000  A3      : 0x00000004  A4      : 0x00000000  A5      : 0x00000000  
A6      : 0x00000003  A7      : 0x00060023  A8      : 0x00000001  A9      : 0x00000004  
A10     : 0x00000000  A11     : 0xc4b40000  A12     : 0x00000000  A13     : 0x3f4031bf  
A14     : 0x00000005  A15     : 0x00000003  SAR     : 0x00000014  EXCCAUSE: 0x00000006  
EXCVADDR: 0x00000000  LBEG    : 0x400014fd  LEND    : 0x4000150d  LCOUNT  : 0xfffffffd  


Backtrace: 0x4000d096:0x3ffb6bf0 0x400d9e6d:0x3ffb6c10 0x400da94d:0x3ffb6c50 0x400d6870:0x3ffb6c90 0x400d64e4:0x3ffb6cb0 0x40087325:0x3ffb6cd0




ELF file SHA256: 5a0d1aa9d

Rebooting...
ets Jun  8 2016 00:22:57

rst:0xc (SW_CPU_RESET),boot:0x13 (SPI_FAST_FLASH_BOOT)
configsip: 0, SPIWP:0xee
clk_drv:0x00,q_drv:0x00,d_drv:0x00,cs0_drv:0x00,hd_drv:0x00,wp_drv:0x00
mode:DIO, clock div:2
load:0x3fff0030,len:7176
load:0x40078000,len:15564
ho 0 tail 12 room 4
load:0x40080400,len:4
load:0x40080404,len:3904
entry 0x40080640
[0;32mI (31) boot: ESP-IDF v5.3 2nd stage bootloader[0m
[0;32mI (31) boot: compile time Aug 21 2024 18:25:34[0m
[0;32mI (31) boot: Multicore bootloader[0m
[0;32mI (35) boot: chip revision: v1.0[0m
[0;32mI (39) boot.esp32: SPI Speed      : 40MHz[0m
[0;32mI (43) boot.esp32: SPI Mode       : DIO[0m
[0;32mI (48) boot.esp32: SPI Flash Size : 2MB[0m
[0;32mI (53) boot: Enabling RNG early entropy source...[0m
[0;32mI (58) boot: Partition Table:[0m
[0;32mI (62) boot: ## Label            Usage          Type ST Offset   Length[0m
[0;32mI (69) boot:  0 nvs              WiFi data        01 02 00009000 00006000[0m
[0;32mI (76) boot:  1 phy_init         RF data          01 01 0000f000 00001000[0m
[0;32mI (84) boot:  2 factory          factory app      00 00 00010000 00100000[0m
[0;32mI (91) boot: End of partition table[0m
[0;32mI (95) esp_image: segment 0: paddr=00010020 vaddr=3f400020 size=0b6b8h ( 46776) map[0m
[0;32mI (120) esp_image: segment 1: paddr=0001b6e0 vaddr=3ffb0000 size=023ech (  9196) load[0m
[0;32mI (124) esp_image: segment 2: paddr=0001dad4 vaddr=40080000 size=02544h (  9540) load[0m
[0;32mI (130) esp_image: segment 3: paddr=00020020 vaddr=400d0020 size=198d8h (104664) map[0m
[0;32mI (170) esp_image: segment 4: paddr=00039900 vaddr=40082544 size=0bcf4h ( 48372) load[0m
[0;32mI (196) boot: Loaded app from partition at offset 0x10000[0m
[0;32mI (196) boot: Disabling RNG early entropy source...[0m
[0;32mI (208) cpu_start: Multicore app[0m
[0;32mI (217) cpu_start: Pro cpu start user code[0m
[0;32mI (217) cpu_start: cpu freq: 160000000 Hz[0m
[0;32mI (217) app_init: Application information:[0m
[0;32mI (220) app_init: Project name:     firmware[0m
[0;32mI (225) app_init: App version:      ab4d98e-dirty[0m
[0;32mI (230) app_init: Compile time:     Aug 21 2024 18:25:29[0m
[0;32mI (236) app_init: ELF file SHA256:  5a0d1aa9d...[0m
[0;32mI (241) app_init: ESP-IDF:          v5.3[0m
[0;32mI (246) efuse_init: Min chip rev:     v0.0[0m
[0;32mI (251) efuse_init: Max chip rev:     v3.99 [0m
[0;32mI (256) efuse_init: Chip rev:         v1.0[0m
[0;32mI (261) heap_init: Initializing. RAM available for dynamic allocation:[0m
[0;32mI (268) heap_init: At 3FFAE6E0 len 00001920 (6 KiB): DRAM[0m
[0;32mI (274) heap_init: At 3FFB2DA0 len 0002D260 (180 KiB): DRAM[0m
[0;32mI (280) heap_init: At 3FFE0440 len 00003AE0 (14 KiB): D/IRAM[0m
[0;32mI (286) heap_init: At 3FFE4350 len 0001BCB0 (111 KiB): D/IRAM[0m
[0;32mI (293) heap_init: At 4008E238 len 00011DC8 (71 KiB): IRAM[0m
[0;32mI (300) spi_flash: detected chip: generic[0m
[0;32mI (304) spi_flash: flash io: dio[0m
[0;33mW (307) spi_flash: Detected size(4096k) larger than the size in the binary image header(2048k). Using the size in the binary image header.[0m
[0;33mW (321) i2c: This driver is an old driver, please migrate your application code to adapt `driver/i2c_master.h`[0m
[0;32mI (332) main_task: Started on CPU0[0m
[0;32mI (342) main_task: Calling app_main()[0m
motro ok
[0;32mI (342) stepper: Stepper direction set to 0[0m
Stepper task created
Control task created
Main loop running
control task initiated
control task loop
control loop started[0;32mI (462) mpu_test: Roll: 0.17 | Pitch: 4.51[0m
-0.046623
[0;32mI (462) stepper: Stepper direction set to 1[0m
control task loop
control loop started[0;32mI (592) mpu_test: Roll: -0.34 | Pitch: 4.38[0m
1599.954590
[0;32mI (592) stepper: Stepper direction set to 0[0m
control task loop
control loop started[0;32mI (722) mpu_test: Roll: -0.84 | Pitch: 4.26[0m
-0.044143
[0;32mI (722) stepper: Stepper direction set to 1[0m
[0;32mI (742) stepper: Stepper direction set to 0[0m
Guru Meditation Error: Core  0 panic'ed (IntegerDivideByZero). Exception was unhandled.

Core  0 register dump:
PC      : 0x4000d099  PS      : 0x00060130  A0      : 0x800d9e70  A1      : 0x3ffb6bf0  
A2      : 0xc4b40000  A3      : 0x00000004  A4      : 0x00000000  A5      : 0x00000000  
A6      : 0x00000003  A7      : 0x00060023  A8      : 0x00000001  A9      : 0x00000004  
A10     : 0x00000000  A11     : 0xc4b40000  A12     : 0x00000000  A13     : 0x3f4031bf  
A14     : 0x00000005  A15     : 0x00000003  SAR     : 0x00000014  EXCCAUSE: 0x00000006  
EXCVADDR: 0x00000000  LBEG    : 0x400014fd  LEND    : 0x4000150d  LCOUNT  : 0xfffffffd  


Backtrace: 0x4000d096:0x3ffb6bf0 0x400d9e6d:0x3ffb6c10 0x400da94d:0x3ffb6c50 0x400d6870:0x3ffb6c90 0x400d64e4:0x3ffb6cb0 0x40087325:0x3ffb6cd0




ELF file SHA256: 5a0d1aa9d

Rebooting...
ets Jun  8 2016 00:22:57

rst:0xc (SW_CPU_RESET),boot:0x13 (SPI_FAST_FLASH_BOOT)
configsip: 0, SPIWP:0xee
clk_drv:0x00,q_drv:0x00,d_drv:0x00,cs0_drv:0x00,hd_drv:0x00,wp_drv:0x00
mode:DIO, clock div:2
load:0x3fff0030,len:7176
load:0x40078000,len:15564
ho 0 tail 12 room 4
load:0x40080400,len:4
load:0x40080404,len:3904
entry 0x40080640
[0;32mI (31) boot: ESP-IDF v5.3 2nd stage bootloader[0m
[0;32mI (31) boot: compile time Aug 21 2024 18:25:34[0m
[0;32mI (31) boot: Multicore bootloader[0m
[0;32mI (35) boot: chip revision: v1.0[0m
[0;32mI (39) boot.esp32: SPI Speed      : 40MHz[0m
[0;32mI (43) boot.esp32: SPI Mode       : DIO[0m
[0;32mI (48) boot.esp32: SPI Flash Size : 2MB[0m
[0;32mI (53) boot: Enabling RNG early entropy source...[0m
[0;32mI (58) boot: Partition Table:[0m
[0;32mI (62) boot: ## Label            Usage          Type ST Offset   Length[0m
[0;32mI (69) boot:  0 nvs              WiFi data        01 02 00009000 00006000[0m
[0;32mI (76) boot:  1 phy_init         RF data          01 01 0000f000 00001000[0m
[0;32mI (84) boot:  2 factory          factory app      00 00 00010000 00100000[0m
[0;32mI (91) boot: End of partition table[0m
[0;32mI (95) esp_image: segment 0: paddr=00010020 vaddr=3f400020 size=0b6b8h ( 46776) map[0m
[0;32mI (120) esp_image: segment 1: paddr=0001b6e0 vaddr=3ffb0000 size=023ech (  9196) load[0m
[0;32mI (124) esp_image: segment 2: paddr=0001dad4 vaddr=40080000 size=02544h (  9540) load[0m
[0;32mI (130) esp_image: segment 3: paddr=00020020 vaddr=400d0020 size=198d8h (104664) map[0m
[0;32mI (170) esp_image: segment 4: paddr=00039900 vaddr=40082544 size=0bcf4h ( 48372) load[0m
[0;32mI (196) boot: Loaded app from partition at offset 0x10000[0m
[0;32mI (196) boot: Disabling RNG early entropy source...[0m
[0;32mI (208) cpu_start: Multicore app[0m
[0;32mI (217) cpu_start: Pro cpu start user code[0m
[0;32mI (217) cpu_start: cpu freq: 160000000 Hz[0m
[0;32mI (217) app_init: Application information:[0m
[0;32mI (220) app_init: Project name:     firmware[0m
[0;32mI (225) app_init: App version:      ab4d98e-dirty[0m
[0;32mI (230) app_init: Compile time:     Aug 21 2024 18:25:29[0m
[0;32mI (236) app_init: ELF file SHA256:  5a0d1aa9d...[0m
[0;32mI (241) app_init: ESP-IDF:          v5.3[0m
[0;32mI (246) efuse_init: Min chip rev:     v0.0[0m
[0;32mI (251) efuse_init: Max chip rev:     v3.99 [0m
[0;32mI (256) efuse_init: Chip rev:         v1.0[0m
[0;32mI (261) heap_init: Initializing. RAM available for dynamic allocation:[0m
[0;32mI (268) heap_init: At 3FFAE6E0 len 00001920 (6 KiB): DRAM[0m
[0;32mI (274) heap_init: At 3FFB2DA0 len 0002D260 (180 KiB): DRAM[0m
[0;32mI (280) heap_init: At 3FFE0440 len 00003AE0 (14 KiB): D/IRAM[0m
[0;32mI (286) heap_init: At 3FFE4350 len 0001BCB0 (111 KiB): D/IRAM[0m
[0;32mI (293) heap_init: At 4008E238 len 00011DC8 (71 KiB): IRAM[0m
[0;32mI (300) spi_flash: detected chip: generic[0m
[0;32mI (304) spi_flash: flash io: dio[0m
[0;33mW (307) spi_flash: Detected size(4096k) larger than the size in the binary image header(2048k). Using the size in the binary image header.[0m
[0;33mW (321) i2c: This driver is an old driver, please migrate your application code to adapt `driver/i2c_master.h`[0m
[0;32mI (332) main_task: Started on CPU0[0m
[0;32mI (342) main_task: Calling app_main()[0m
motro ok
[0;32mI (342) stepper: Stepper direction set to 0[0m
Stepper task created
Control task created
Main loop running
control task initiated
control task loop
control loop started[0;32mI (462) mpu_test: Roll: 0.52 | Pitch: 4.64[0m
-0.047983
[0;32mI (462) stepper: Stepper direction set to 1[0m
control task loop
control loop started[0;32mI (592) mpu_test: Roll: 0.01 | Pitch: 4.52[0m
1599.953247
[0;32mI (592) stepper: Stepper direction set to 0[0m
control task loop
control loop started[0;32mI (722) mpu_test: Roll: -0.50 | Pitch: 4.39[0m
-0.045527
[0;32mI (722) stepper: Stepper direction set to 1[0m
[0;32mI (742) stepper: Stepper direction set to 0[0m
Guru Meditation Error: Core  0 panic'ed (IntegerDivideByZero). Exception was unhandled.

Core  0 register dump:
PC      : 0x4000d099  PS      : 0x00060130  A0      : 0x800d9e70  A1      : 0x3ffb6bf0  
A2      : 0xc4b40000  A3      : 0x00000004  A4      : 0x00000000  A5      : 0x00000000  
A6      : 0x00000003  A7      : 0x00060023  A8      : 0x00000001  A9      : 0x00000004  
A10     : 0x00000000  A11     : 0xc4b40000  A12     : 0x00000000  A13     : 0x3f4031bf  
A14     : 0x00000005  A15     : 0x00000003  SAR     : 0x00000014  EXCCAUSE: 0x00000006  
EXCVADDR: 0x00000000  LBEG    : 0x400014fd  LEND    : 0x4000150d  LCOUNT  : 0xfffffffd  


Backtrace: 0x4000d096:0x3ffb6bf0 0x400d9e6d:0x3ffb6c10 0x400da94d:0x3ffb6c50 0x400d6870:0x3ffb6c90 0x400d64e4:0x3ffb6cb0 0x40087325:0x3ffb6cd0




ELF file SHA256: 5a0d1aa9d

Rebooting...
ets Jun  8 2016 00:22:57

rst:0xc (SW_CPU_RESET),boot:0x13 (SPI_FAST_FLASH_BOOT)
configsip: 0, SPIWP:0xee
clk_drv:0x00,q_drv:0x00,d_drv:0x00,cs0_drv:0x00,hd_drv:0x00,wp_drv:0x00
mode:DIO, clock div:2
load:0x3fff0030,len:7176
load:0x40078000,len:15564
ho 0 tail 12 room 4
load:0x40080400,len:4
load:0x40080404,len:3904
entry 0x40080640
[0;32mI (31) boot: ESP-IDF v5.3 2nd stage bootloader[0m
[0;32mI (31) boot: compile time Aug 21 2024 18:25:34[0m
[0;32mI (31) boot: Multicore bootloader[0m
[0;32mI (35) boot: chip revision: v1.0[0m
[0;32mI (39) boot.esp32: SPI Speed      : 40MHz[0m
[0;32mI (43) boot.esp32: SPI Mode       : DIO[0m
[0;32mI (48) boot.esp32: SPI Flash Size : 2MB[0m
[0;32mI (53) boot: Enabling RNG early entropy source...[0m
[0;32mI (58) boot: Partition Table:[0m
[0;32mI (62) boot: ## Label            Usage          Type ST Offset   Length[0m
[0;32mI (69) boot:  0 nvs              WiFi data        01 02 00009000 00006000[0m
[0;32mI (76) boot:  1 phy_init         RF data          01 01 0000f000 00001000[0m
[0;32mI (84) boot:  2 factory          factory app      00 00 00010000 00100000[0m
[0;32mI (91) boot: End of partition table[0m
[0;32mI (95) esp_image: segment 0: paddr=00010020 vaddr=3f400020 size=0b6b8h ( 46776) map[0m
[0;32mI (120) esp_image: segment 1: paddr=0001b6e0 vaddr=3ffb0000 size=023ech (  9196) load[0m
[0;32mI (124) esp_image: segment 2: paddr=0001dad4 vaddr=40080000 size=02544h (  9540) load[0m
[0;32mI (130) esp_image: segment 3: paddr=00020020 vaddr=400d0020 size=198d8h (104664) map[0m
[0;32mI (170) esp_image: segment 4: paddr=00039900 vaddr=40082544 size=0bcf4h ( 48372) load[0m
[0;32mI (196) boot: Loaded app from partition at offset 0x10000[0m
[0;32mI (196) boot: Disabling RNG early entropy source...[0m
[0;32mI (208) cpu_start: Multicore app[0m
[0;32mI (217) cpu_start: Pro cpu start user code[0m
[0;32mI (217) cpu_start: cpu freq: 160000000 Hz[0m
[0;32mI (217) app_init: Application information:[0m
[0;32mI (220) app_init: Project name:     firmware[0m
[0;32mI (225) app_init: App version:      ab4d98e-dirty[0m
[0;32mI (230) app_init: Compile time:     Aug 21 2024 18:25:29[0m
[0;32mI (236) app_init: ELF file SHA256:  5a0d1aa9d...[0m
[0;32mI (241) app_init: ESP-IDF:          v5.3[0m
[0;32mI (246) efuse_init: Min chip rev:     v0.0[0m
[0;32mI (251) efuse_init: Max chip rev:     v3.99 [0m
[0;32mI (256) efuse_init: Chip rev:         v1.0[0m
[0;32mI (261) heap_init: Initializing. RAM available for dynamic allocation:[0m
[0;32mI (268) heap_init: At 3FFAE6E0 len 00001920 (6 KiB): DRAM[0m
[0;32mI (274) heap_init: At 3FFB2DA0 len 0002D260 (180 KiB): DRAM[0m
[0;32mI (280) heap_init: At 3FFE0440 len 00003AE0 (14 KiB): D/IRAM[0m
[0;32mI (286) heap_init: At 3FFE4350 len 0001BCB0 (111 KiB): D/IRAM[0m
[0;32mI (293) heap_init: At 4008E238 len 00011DC8 (71 KiB): IRAM[0m
[0;32mI (300) spi_flash: detected chip: generic[0m
[0;32mI (304) spi_flash: flash io: dio[0m
[0;33mW (307) spi_flash: Detected size(4096k) larger than the size in the binary image header(2048k). Using the size in the binary image header.[0m
[0;33mW (321) i2c: This driver is an old driver, please migrate your application code to adapt `driver/i2c_master.h`[0m
[0;32mI (332) main_task: Started on CPU0[0m
[0;32mI (342) main_task: Calling app_main()[0m
motro ok
[0;32mI (342) stepper: Stepper direction set to 0[0m
Stepper task created
Control task created
Main loop running
control task initiated
control task loop
control loop started[0;32mI (462) mpu_test: Roll: 0.45 | Pitch: 4.49[0m
-0.046437
[0;32mI (462) stepper: Stepper direction set to 1[0m
control task loop
control loop started[0;32mI (592) mpu_test: Roll: -0.06 | Pitch: 4.37[0m
1599.954712
[0;32mI (592) stepper: Stepper direction set to 0[0m
control task loop
control loop started[0;32mI (722) mpu_test: Roll: -0.56 | Pitch: 4.25[0m
-0.044018
[0;32mI (722) stepper: Stepper direction set to 1[0m
[0;32mI (742) stepper: Stepper direction set to 0[0m
Guru Meditation Error: Core  0 panic'ed (IntegerDivideByZero). Exception was unhandled.

Core  0 register dump:
PC      : 0x4000d099  PS      : 0x00060130  A0      : 0x800d9e70  A1      : 0x3ffb6bf0  
A2      : 0xc4b40000  A3      : 0x00000004  A4      : 0x00000000  A5      : 0x00000000  
A6      : 0x00000003  A7      : 0x00060023  A8      : 0x00000001  A9      : 0x00000004  
A10     : 0x00000000  A11     : 0xc4b40000  A12     : 0x00000000  A13     : 0x3f4031bf  
A14     : 0x00000005  A15     : 0x00000003  SAR     : 0x00000014  EXCCAUSE: 0x00000006  
EXCVADDR: 0x00000000  LBEG    : 0x400014fd  LEND    : 0x4000150d  LCOUNT  : 0xfffffffd  


Backtrace: 0x4000d096:0x3ffb6bf0 0x400d9e6d:0x3ffb6c10 0x400da94d:0x3ffb6c50 0x400d6870:0x3ffb6c90 0x400d64e4:0x3ffb6cb0 0x40087325:0x3ffb6cd0




ELF file SHA256: 5a0d1aa9d

Rebooting...
ets Jun  8 2016 00:22:57

rst:0xc (SW_CPU_RESET),boot:0x13 (SPI_FAST_FLASH_BOOT)
configsip: 0, SPIWP:0xee
clk_drv:0x00,q_drv:0x00,d_drv:0x00,cs0_drv:0x00,hd_drv:0x00,wp_drv:0x00
mode:DIO, clock div:2
load:0x3fff0030,len:7176
load:0x40078000,len:15564
ho 0 tail 12 room 4
load:0x40080400,len:4
load:0x40080404,len:3904
entry 0x40080640
[0;32mI (31) boot: ESP-IDF v5.3 2nd stage bootloader[0m
[0;32mI (31) boot: compile time Aug 21 2024 18:25:34[0m
[0;32mI (31) boot: Multicore bootloader[0m
[0;32mI (35) boot: chip revision: v1.0[0m
[0;32mI (39) boot.esp32: SPI Speed      : 40MHz[0m
[0;32mI (43) boot.esp32: SPI Mode       : DIO[0m
[0;32mI (48) boot.esp32: SPI Flash Size : 2MB[0m
[0;32mI (53) boot: Enabling RNG early entropy source...[0m
[0;32mI (58) boot: Partition Table:[0m
[0;32mI (62) boot: ## Label            Usage          Type ST Offset   Length[0m
[0;32mI (69) boot:  0 nvs              WiFi data        01 02 00009000 00006000[0m
[0;32mI (76) boot:  1 phy_init         RF data          01 01 0000f000 00001000[0m
[0;32mI (84) boot:  2 factory          factory app      00 00 00010000 00100000[0m
[0;32mI (91) boot: End of partition table[0m
[0;32mI (95) esp_image: segment 0: paddr=00010020 vaddr=3f400020 size=0b6b8h ( 46776) map[0m
[0;32mI (120) esp_image: segment 1: paddr=0001b6e0 vaddr=3ffb0000 size=023ech (  9196) load[0m
[0;32mI (124) esp_image: segment 2: paddr=0001dad4 vaddr=40080000 size=02544h (  9540) load[0m
[0;32mI (130) esp_image: segment 3: paddr=00020020 vaddr=400d0020 size=198d8h (104664) map[0m
[0;32mI (170) esp_image: segment 4: paddr=00039900 vaddr=40082544 size=0bcf4h ( 48372) load[0m
[0;32mI (196) boot: Loaded app from partition at offset 0x10000[0m
[0;32mI (196) boot: Disabling RNG early entropy source...[0m
[0;32mI (208) cpu_start: Multicore app[0m
[0;32mI (217) cpu_start: Pro cpu start user code[0m
[0;32mI (217) cpu_start: cpu freq: 160000000 Hz[0m
[0;32mI (217) app_init: Application information:[0m
[0;32mI (220) app_init: Project name:     firmware[0m
[0;32mI (225) app_init: App version:      ab4d98e-dirty[0m
[0;32mI (230) app_init: Compile time:     Aug 21 2024 18:25:29[0m
[0;32mI (236) app_init: ELF file SHA256:  5a0d1aa9d...[0m
[0;32mI (241) app_init: ESP-IDF:          v5.3[0m
[0;32mI (246) efuse_init: Min chip rev:     v0.0[0m
[0;32mI (251) efuse_init: Max chip rev:     v3.99 [0m
[0;32mI (256) efuse_init: Chip rev:         v1.0[0m
[0;32mI (261) heap_init: Initializing. RAM available for dynamic allocation:[0m
[0;32mI (268) heap_init: At 3FFAE6E0 len 00001920 (6 KiB): DRAM[0m
[0;32mI (274) heap_init: At 3FFB2DA0 len 0002D260 (180 KiB): DRAM[0m
[0;32mI (280) heap_init: At 3FFE0440 len 00003AE0 (14 KiB): D/IRAM[0m
[0;32mI (286) heap_init: At 3FFE4350 len 0001BCB0 (111 KiB): D/IRAM[0m
[0;32mI (293) heap_init: At 4008E238 len 00011DC8 (71 KiB): IRAM[0m
[0;32mI (300) spi_flash: detected chip: generic[0m
[0;32mI (304) spi_flash: flash io: dio[0m
[0;33mW (307) spi_flash: Detected size(4096k) larger than the size in the binary image header(2048k). Using the size in the binary image header.[0m
[0;33mW (321) i2c: This driver is an old driver, please migrate your application code to adapt `driver/i2c_master.h`[0m
[0;32mI (332) main_task: Started on CPU0[0m
[0;32mI (342) main_task: Calling app_main()[0m
motro ok
[0;32mI (342) stepper: Stepper direction set to 0[0m
Stepper task created
Control task created
Main loop running
control task initiated
control task loop
control loop started[0;32mI (462) mpu_test: Roll: 0.42 | Pitch: 4.64[0m
-0.047998
[0;32mI (462) stepper: Stepper direction set to 1[0m
control task loop
control loop started[0;32mI (592) mpu_test: Roll: -0.09 | Pitch: 4.52[0m
1599.953125
[0;32mI (592) stepper: Stepper direction set to 0[0m
control task loop
control loop started[0;32mI (722) mpu_test: Roll: -0.60 | Pitch: 4.39[0m
-0.045556
[0;32mI (722) stepper: Stepper direction set to 1[0m
[0;32mI (742) stepper: Stepper direction set to 0[0m
Guru Meditation Error: Core  0 panic'ed (IntegerDivideByZero). Exception was unhandled.

Core  0 register dump:
PC      : 0x4000d099  PS      : 0x00060130  A0      : 0x800d9e70  A1      : 0x3ffb6bf0  
A2      : 0xc4b40000  A3      : 0x00000004  A4      : 0x00000000  A5      : 0x00000000  
A6      : 0x00000003  A7      : 0x00060023  A8      : 0x00000001  A9      : 0x00000004  
A10     : 0x00000000  A11     : 0xc4b40000  A12     : 0x00000000  A13     : 0x3f4031bf  
A14     : 0x00000005  A15     : 0x00000003  SAR     : 0x00000014  EXCCAUSE: 0x00000006  
EXCVADDR: 0x00000000  LBEG    : 0x400014fd  LEND    : 0x4000150d  LCOUNT  : 0xfffffffd  


Backtrace: 0x4000d096:0x3ffb6bf0 0x400d9e6d:0x3ffb6c10 0x400da94d:0x3ffb6c50 0x400d6870:0x3ffb6c90 0x400d64e4:0x3ffb6cb0 0x40087325:0x3ffb6cd0




ELF file SHA256: 5a0d1aa9d

Rebooting...
ets Jun  8 2016 00:22:57

rst:0xc (SW_CPU_RESET),boot:0x13 (SPI_FAST_FLASH_BOOT)
configsip: 0, SPIWP:0xee
clk_drv:0x00,q_drv:0x00,d_drv:0x00,cs0_drv:0x00,hd_drv:0x00,wp_drv:0x00
mode:DIO, clock div:2
load:0x3fff0030,len:7176
load:0x40078000,len:15564
ho 0 tail 12 room 4
load:0x40080400,len:4
load:0x40080404,len:3904
entry 0x40080640
[0;32mI (31) boot: ESP-IDF v5.3 2nd stage bootloader[0m
[0;32mI (31) boot: compile time Aug 21 2024 18:25:34[0m
[0;32mI (31) boot: Multicore bootloader[0m
[0;32mI (35) boot: chip revision: v1.0[0m
[0;32mI (39) boot.esp32: SPI Speed      : 40MHz[0m
[0;32mI (43) boot.esp32: SPI Mode       : DIO[0m
[0;32mI (48) boot.esp32: SPI Flash Size : 2MB[0m
[0;32mI (53) boot: Enabling RNG early entropy source...[0m
[0;32mI (58) boot: Partition Table:[0m
[0;32mI (62) boot: ## Label            Usage          Type ST Offset   Length[0m
[0;32mI (69) boot:  0 nvs              WiFi data        01 02 00009000 00006000[0m
[0;32mI (76) boot:  1 phy_init         RF data          01 01 0000f000 00001000[0m
[0;32mI (84) boot:  2 factory          factory app      00 00 00010000 00100000[0m
[0;32mI (91) boot: End of partition table[0m
[0;32mI (95) esp_image: segment 0: paddr=00010020 vaddr=3f400020 size=0b6b8h ( 46776) map[0m
[0;32mI (120) esp_image: segment 1: paddr=0001b6e0 vaddr=3ffb0000 size=023ech (  9196) load[0m
[0;32mI (124) esp_image: segment 2: paddr=0001dad4 vaddr=40080000 size=02544h (  9540) load[0m
[0;32mI (130) esp_image: segment 3: paddr=00020020 vaddr=400d0020 size=198d8h (104664) map[0m
[0;32mI (170) esp_image: segment 4: paddr=00039900 vaddr=40082544 size=0bcf4h ( 48372) load[0m
[0;32mI (196) boot: Loaded app from partition at offset 0x10000[0m
[0;32mI (196) boot: Disabling RNG early entropy source...[0m
[0;32mI (208) cpu_start: Multicore app[0m
[0;32mI (217) cpu_start: Pro cpu start user code[0m
[0;32mI (217) cpu_start: cpu freq: 160000000 Hz[0m
[0;32mI (217) app_init: Application information:[0m
[0;32mI (220) app_init: Project name:     firmware[0m
[0;32mI (225) app_init: App version:      ab4d98e-dirty[0m
[0;32mI (230) app_init: Compile time:     Aug 21 2024 18:25:29[0m
[0;32mI (236) app_init: ELF file SHA256:  5a0d1aa9d...[0m
[0;32mI (241) app_init: ESP-IDF:          v5.3[0m
[0;32mI (246) efuse_init: Min chip rev:     v0.0[0m
[0;32mI (251) efuse_init: Max chip rev:     v3.99 [0m
[0;32mI (256) efuse_init: Chip rev:         v1.0[0m
[0;32mI (261) heap_init: Initializing. RAM available for dynamic allocation:[0m
[0;32mI (268) heap_init: At 3FFAE6E0 len 00001920 (6 KiB): DRAM[0m
[0;32mI (274) heap_init: At 3FFB2DA0 len 0002D260 (180 KiB): DRAM[0m
[0;32mI (280) heap_init: At 3FFE0440 len 00003AE0 (14 KiB): D/IRAM[0m
[0;32mI (286) heap_init: At 3FFE4350 len 0001BCB0 (111 KiB): D/IRAM[0m
[0;32mI (293) heap_init: At 4008E238 len 00011DC8 (71 KiB): IRAM[0m
[0;32mI (300) spi_flash: detected chip: generic[0m
[0;32mI (304) spi_flash: flash io: dio[0m
[0;33mW (307) spi_flash: Detected size(4096k) larger than the size in the binary image header(2048k). Using the size in the binary image header.[0m
[0;33mW (321) i2c: This driver is an old driver, please migrate your application code to adapt `driver/i2c_master.h`[0m
[0;32mI (332) main_task: Started on CPU0[0m
[0;32mI (342) main_task: Calling app_main()[0m
motro ok
[0;32mI (342) stepper: Stepper direction set to 0[0m
Stepper task created
Control task created
Main loop running
control task initiated
control task loop
control loop started[0;32mI (462) mpu_test: Roll: 0.17 | Pitch: 4.86[0m
-0.050242
[0;32mI (462) stepper: Stepper direction set to 1[0m
control task loop
control loop started[0;32mI (592) mpu_test: Roll: -0.33 | Pitch: 4.73[0m
1599.950928
[0;32mI (592) stepper: Stepper direction set to 0[0m
control task loop
control loop started[0;32mI (722) mpu_test: Roll: -0.83 | Pitch: 4.61[0m
-0.047753
[0;32mI (722) stepper: Stepper direction set to 1[0m
[0;32mI (742) stepper: Stepper direction set to 0[0m
Guru Meditation Error: Core  0 panic'ed (IntegerDivideByZero). Exception was unhandled.

Core  0 register dump:
PC      : 0x4000d099  PS      : 0x00060130  A0      : 0x800d9e70  A1      : 0x3ffb6bf0  
A2      : 0xc4b40000  A3      : 0x00000004  A4      : 0x00000000  A5      : 0x00000000  
A6      : 0x00000003  A7      : 0x00060023  A8      : 0x00000001  A9      : 0x00000004  
A10     : 0x00000000  A11     : 0xc4b40000  A12     : 0x00000000  A13     : 0x3f4031bf  
A14     : 0x00000005  A15     : 0x00000003  SAR     : 0x00000014  EXCCAUSE: 0x00000006  
EXCVADDR: 0x00000000  LBEG    : 0x400014fd  LEND    : 0x4000150d  LCOUNT  : 0xfffffffd  


Backtrace: 0x4000d096:0x3ffb6bf0 0x400d9e6d:0x3ffb6c10 0x400da94d:0x3ffb6c50 0x400d6870:0x3ffb6c90 0x400d64e4:0x3ffb6cb0 0x40087325:0x3ffb6cd0




ELF file SHA256: 5a0d1aa9d

Rebooting...
ets Jun  8 2016 00:22:57

rst:0xc (SW_CPU_RESET),boot:0x13 (SPI_FAST_FLASH_BOOT)
configsip: 0, SPIWP:0xee
clk_drv:0x00,q_drv:0x00,d_drv:0x00,cs0_drv:0x00,hd_drv:0x00,wp_drv:0x00
mode:DIO, clock div:2
load:0x3fff0030,len:7176
load:0x40078000,len:15564
ho 0 tail 12 room 4
load:0x40080400,len:4
load:0x40080404,len:3904
entry 0x40080640
[0;32mI (31) boot: ESP-IDF v5.3 2nd stage bootloader[0m
[0;32mI (31) boot: compile time Aug 21 2024 18:25:34[0m
[0;32mI (31) boot: Multicore bootloader[0m
[0;32mI (35) boot: chip revision: v1.0[0m
[0;32mI (39) boot.esp32: SPI Speed      : 40MHz[0m
[0;32mI (43) boot.esp32: SPI Mode       : DIO[0m
[0;32mI (48) boot.esp32: SPI Flash Size : 2MB[0m
[0;32mI (53) boot: Enabling RNG early entropy source...[0m
[0;32mI (58) boot: Partition Table:[0m
[0;32mI (62) boot: ## Label            Usage          Type ST Offset   Length[0m
[0;32mI (69) boot:  0 nvs              WiFi data        01 02 00009000 00006000[0m
[0;32mI (76) boot:  1 phy_init         RF data          01 01 0000f000 00001000[0m
[0;32mI (84) boot:  2 factory          factory app      00 00 00010000 00100000[0m
[0;32mI (91) boot: End of partition table[0m
[0;32mI (95) esp_image: segment 0: paddr=00010020 vaddr=3f400020 size=0b6b8h ( 46776) map[0m
[0;32mI (120) esp_image: segment 1: paddr=0001b6e0 vaddr=3ffb0000 size=023ech (  9196) load[0m
[0;32mI (124) esp_image: segment 2: paddr=0001dad4 vaddr=40080000 size=02544h (  9540) load[0m
[0;32mI (130) esp_image: segment 3: paddr=00020020 vaddr=400d0020 size=198d8h (104664) map[0m
[0;32mI (170) esp_image: segment 4: paddr=00039900 vaddr=40082544 size=0bcf4h ( 48372) load[0m
[0;32mI (196) boot: Loaded app from partition at offset 0x10000[0m
[0;32mI (196) boot: Disabling RNG early entropy source...[0m
[0;32mI (208) cpu_start: Multicore app[0m
[0;32mI (217) cpu_start: Pro cpu start user code[0m
[0;32mI (217) cpu_start: cpu freq: 160000000 Hz[0m
[0;32mI (217) app_init: Application information:[0m
[0;32mI (220) app_init: Project name:     firmware[0m
[0;32mI (225) app_init: App version:      ab4d98e-dirty[0m
[0;32mI (230) app_init: Compile time:     Aug 21 2024 18:25:29[0m
[0;32mI (236) app_init: ELF file SHA256:  5a0d1aa9d...[0m
[0;32mI (241) app_init: ESP-IDF:          v5.3[0m
[0;32mI (246) efuse_init: Min chip rev:     v0.0[0m
[0;32mI (251) efuse_init: Max chip rev:     v3.99 [0m
[0;32mI (256) efuse_init: Chip rev:         v1.0[0m
[0;32mI (261) heap_init: Initializing. RAM available for dynamic allocation:[0m
[0;32mI (268) heap_init: At 3FFAE6E0 len 00001920 (6 KiB): DRAM[0m
[0;32mI (274) heap_init: At 3FFB2DA0 len 0002D260 (180 KiB): DRAM[0m
[0;32mI (280) heap_init: At 3FFE0440 len 00003AE0 (14 KiB): D/IRAM[0m
[0;32mI (286) heap_init: At 3FFE4350 len 0001BCB0 (111 KiB): D/IRAM[0m
[0;32mI (293) heap_init: At 4008E238 len 00011DC8 (71 KiB): IRAM[0m
[0;32mI (300) spi_flash: detected chip: generic[0m
[0;32mI (304) spi_flash: flash io: dio[0m
[0;33mW (307) spi_flash: Detected size(4096k) larger than the size in the binary image header(2048k). Using the size in the binary image header.[0m
[0;33mW (321) i2c: This driver is an old driver, please migrate your application code to adapt `driver/i2c_master.h`[0m
[0;32mI (332) main_task: Started on CPU0[0m
[0;32mI (342) main_task: Calling app_main()[0m
motro ok
[0;32mI (342) stepper: Stepper direction set to 0[0m
Stepper task created
Control task created
Main loop running
control task initiated
control task loop
control loop started[0;32mI (462) mpu_test: Roll: 0.35 | Pitch: 4.74[0m
-0.049006
[0;32mI (462) stepper: Stepper direction set to 1[0m
control task loop
control loop started[0;32mI (592) mpu_test: Roll: -0.16 | Pitch: 4.61[0m
1599.952271
[0;32mI (592) stepper: Stepper direction set to 0[0m
control task loop
control loop started[0;32mI (722) mpu_test: Roll: -0.66 | Pitch: 4.48[0m
-0.046444
[0;32mI (722) stepper: Stepper direction set to 1[0m
[0;32mI (742) stepper: Stepper direction set to 0[0m
Guru Meditation Error: Core  0 panic'ed (IntegerDivideByZero). Exception was unhandled.

Core  0 register dump:
PC      : 0x4000d099  PS      : 0x00060130  A0      : 0x800d9e70  A1      : 0x3ffb6bf0  
A2      : 0xc4b40000  A3      : 0x00000004  A4      : 0x00000000  A5      : 0x00000000  
A6      : 0x00000003  A7      : 0x00060023  A8      : 0x00000001  A9      : 0x00000004  
A10     : 0x00000000  A11     : 0xc4b40000  A12     : 0x00000000  A13     : 0x3f4031bf  
A14     : 0x00000005  A15     : 0x00000003  SAR     : 0x00000014  EXCCAUSE: 0x00000006  
EXCVADDR: 0x00000000  LBEG    : 0x400014fd  LEND    : 0x4000150d  LCOUNT  : 0xfffffffd  


Backtrace: 0x4000d096:0x3ffb6bf0 0x400d9e6d:0x3ffb6c10 0x400da94d:0x3ffb6c50 0x400d6870:0x3ffb6c90 0x400d64e4:0x3ffb6cb0 0x40087325:0x3ffb6cd0




ELF file SHA256: 5a0d1aa9d

Rebooting...
ets Jun  8 2016 00:22:57

rst:0xc (SW_CPU_RESET),boot:0x13 (SPI_FAST_FLASH_BOOT)
configsip: 0, SPIWP:0xee
clk_drv:0x00,q_drv:0x00,d_drv:0x00,cs0_drv:0x00,hd_drv:0x00,wp_drv:0x00
mode:DIO, clock div:2
load:0x3fff0030,len:7176
load:0x40078000,len:15564
ho 0 tail 12 room 4
load:0x40080400,len:4
load:0x40080404,len:3904
entry 0x40080640
[0;32mI (31) boot: ESP-IDF v5.3 2nd stage bootloader[0m
[0;32mI (31) boot: compile time Aug 21 2024 18:25:34[0m
[0;32mI (31) boot: Multicore bootloader[0m
[0;32mI (35) boot: chip revision: v1.0[0m
[0;32mI (39) boot.esp32: SPI Speed      : 40MHz[0m
[0;32mI (43) boot.esp32: SPI Mode       : DIO[0m
[0;32mI (48) boot.esp32: SPI Flash Size : 2MB[0m
[0;32mI (53) boot: Enabling RNG early entropy source...[0m
[0;32mI (58) boot: Partition Table:[0m
[0;32mI (62) boot: ## Label            Usage          Type ST Offset   Length[0m
[0;32mI (69) boot:  0 nvs              WiFi data        01 02 00009000 00006000[0m
[0;32mI (76) boot:  1 phy_init         RF data          01 01 0000f000 00001000[0m
[0;32mI (84) boot:  2 factory          factory app      00 00 00010000 00100000[0m
[0;32mI (91) boot: End of partition table[0m
[0;32mI (95) esp_image: segment 0: paddr=00010020 vaddr=3f400020 size=0b6b8h ( 46776) map[0m
[0;32mI (120) esp_image: segment 1: paddr=0001b6e0 vaddr=3ffb0000 size=023ech (  9196) load[0m
[0;32mI (124) esp_image: segment 2: paddr=0001dad4 vaddr=40080000 size=02544h (  9540) load[0m
[0;32mI (130) esp_image: segment 3: paddr=00020020 vaddr=400d0020 size=198d8h (104664) map[0m
[0;32mI (170) esp_image: segment 4: paddr=00039900 vaddr=40082544 size=0bcf4h ( 48372) load[0m
[0;32mI (196) boot: Loaded app from partition at offset 0x10000[0m
[0;32mI (196) boot: Disabling RNG early entropy source...[0m
[0;32mI (208) cpu_start: Multicore app[0m
[0;32mI (217) cpu_start: Pro cpu start user code[0m
[0;32mI (217) cpu_start: cpu freq: 160000000 Hz[0m
[0;32mI (217) app_init: Application information:[0m
[0;32mI (220) app_init: Project name:     firmware[0m
[0;32mI (225) app_init: App version:      ab4d98e-dirty[0m
[0;32mI (230) app_init: Compile time:     Aug 21 2024 18:25:29[0m
[0;32mI (236) app_init: ELF file SHA256:  5a0d1aa9d...[0m
[0;32mI (241) app_init: ESP-IDF:          v5.3[0m
[0;32mI (246) efuse_init: Min chip rev:     v0.0[0m
[0;32mI (251) efuse_init: Max chip rev:     v3.99 [0m
[0;32mI (256) efuse_init: Chip rev:         v1.0[0m
[0;32mI (261) heap_init: Initializing. RAM available for dynamic allocation:[0m
[0;32mI (268) heap_init: At 3FFAE6E0 len 00001920 (6 KiB): DRAM[0m
[0;32mI (274) heap_init: At 3FFB2DA0 len 0002D260 (180 KiB): DRAM[0m
[0;32mI (280) heap_init: At 3FFE0440 len 00003AE0 (14 KiB): D/IRAM[0m
[0;32mI (286) heap_init: At 3FFE4350 len 0001BCB0 (111 KiB): D/IRAM[0m
[0;32mI (293) heap_init: At 4008E238 len 00011DC8 (71 KiB): IRAM[0m
[0;32mI (300) spi_flash: detected chip: generic[0m
[0;32mI (304) spi_flash: flash io: dio[0m
[0;33mW (307) spi_flash: Detected size(4096k) larger than the size in the binary image header(2048k). Using the size in the binary image header.[0m
[0;33mW (321) i2c: This driver is an old driver, please migrate your application code to adapt `driver/i2c_master.h`[0m
[0;32mI (332) main_task: Started on CPU0[0m
[0;32mI (342) main_task: Calling app_main()[0m
motro ok
[0;32mI (342) stepper: Stepper direction set to 0[0m
Stepper task created
Control task created
Main loop running
control task initiated
control task loop
control loop started[0;32mI (462) mpu_test: Roll: 0.43 | Pitch: 4.86[0m
-0.050335
[0;32mI (462) stepper: Stepper direction set to 1[0m
control task loop
control loop started[0;32mI (592) mpu_test: Roll: -0.07 | Pitch: 4.74[0m
1599.950928
[0;32mI (592) stepper: Stepper direction set to 0[0m
control task loop
control loop started[0;32mI (722) mpu_test: Roll: -0.58 | Pitch: 4.61[0m
-0.047795
[0;32mI (722) stepper: Stepper direction set to 1[0m
[0;32mI (742) stepper: Stepper direction set to 0[0m
Guru Meditation Error: Core  0 panic'ed (IntegerDivideByZero). Exception was unhandled.

Core  0 register dump:
PC      : 0x4000d099  PS      : 0x00060130  A0      : 0x800d9e70  A1      : 0x3ffb6bf0  
A2      : 0xc4b40000  A3      : 0x00000004  A4      : 0x00000000  A5      : 0x00000000  
A6      : 0x00000003  A7      : 0x00060023  A8      : 0x00000001  A9      : 0x00000004  
A10     : 0x00000000  A11     : 0xc4b40000  A12     : 0x00000000  A13     : 0x3f4031bf  
A14     : 0x00000005  A15     : 0x00000003  SAR     : 0x00000014  EXCCAUSE: 0x00000006  
EXCVADDR: 0x00000000  LBEG    : 0x400014fd  LEND    : 0x4000150d  LCOUNT  : 0xfffffffd  


Backtrace: 0x4000d096:0x3ffb6bf0 0x400d9e6d:0x3ffb6c10 0x400da94d:0x3ffb6c50 0x400d6870:0x3ffb6c90 0x400d64e4:0x3ffb6cb0 0x40087325:0x3ffb6cd0




ELF file SHA256: 5a0d1aa9d

Rebooting...
ets Jun  8 2016 00:22:57

rst:0xc (SW_CPU_RESET),boot:0x13 (SPI_FAST_FLASH_BOOT)
configsip: 0, SPIWP:0xee
clk_drv:0x00,q_drv:0x00,d_drv:0x00,cs0_drv:0x00,hd_drv:0x00,wp_drv:0x00
mode:DIO, clock div:2
load:0x3fff0030,len:7176
load:0x40078000,len:15564
ho 0 tail 12 room 4
load:0x40080400,len:4
load:0x40080404,len:3904
entry 0x40080640
[0;32mI (31) boot: ESP-IDF v5.3 2nd stage bootloader[0m
[0;32mI (31) boot: compile time Aug 21 2024 18:25:34[0m
[0;32mI (31) boot: Multicore bootloader[0m
[0;32mI (35) boot: chip revision: v1.0[0m
[0;32mI (39) boot.esp32: SPI Speed      : 40MHz[0m
[0;32mI (43) boot.esp32: SPI Mode       : DIO[0m
[0;32mI (48) boot.esp32: SPI Flash Size : 2MB[0m
[0;32mI (53) boot: Enabling RNG early entropy source...[0m
[0;32mI (58) boot: Partition Table:[0m
[0;32mI (62) boot: ## Label            Usage          Type ST Offset   Length[0m
[0;32mI (69) boot:  0 nvs              WiFi data        01 02 00009000 00006000[0m
[0;32mI (76) boot:  1 phy_init         RF data          01 01 0000f000 00001000[0m
[0;32mI (84) boot:  2 factory          factory app      00 00 00010000 00100000[0m
[0;32mI (91) boot: End of partition table[0m
[0;32mI (95) esp_image: segment 0: paddr=00010020 vaddr=3f400020 size=0b6b8h ( 46776) map[0m
[0;32mI (120) esp_image: segment 1: paddr=0001b6e0 vaddr=3ffb0000 size=023ech (  9196) load[0m
[0;32mI (124) esp_image: segment 2: paddr=0001dad4 vaddr=40080000 size=02544h (  9540) load[0m
[0;32mI (130) esp_image: segment 3: paddr=00020020 vaddr=400d0020 size=198d8h (104664) map[0m
[0;32mI (170) esp_image: segment 4: paddr=00039900 vaddr=40082544 size=0bcf4h ( 48372) load[0m
[0;32mI (196) boot: Loaded app from partition at offset 0x10000[0m
[0;32mI (196) boot: Disabling RNG early entropy source...[0m
[0;32mI (208) cpu_start: Multicore app[0m
[0;32mI (217) cpu_start: Pro cpu start user code[0m
[0;32mI (217) cpu_start: cpu freq: 160000000 Hz[0m
[0;32mI (217) app_init: Application information:[0m
[0;32mI (220) app_init: Project name:     firmware[0m
[0;32mI (225) app_init: App version:      ab4d98e-dirty[0m
[0;32mI (230) app_init: Compile time:     Aug 21 2024 18:25:29[0m
[0;32mI (236) app_init: ELF file SHA256:  5a0d1aa9d...[0m
[0;32mI (241) app_init: ESP-IDF:          v5.3[0m
[0;32mI (246) efuse_init: Min chip rev:     v0.0[0m
[0;32mI (251) efuse_init: Max chip rev:     v3.99 [0m
[0;32mI (256) efuse_init: Chip rev:         v1.0[0m
[0;32mI (261) heap_init: Initializing. RAM available for dynamic allocation:[0m
[0;32mI (268) heap_init: At 3FFAE6E0 len 00001920 (6 KiB): DRAM[0m
[0;32mI (274) heap_init: At 3FFB2DA0 len 0002D260 (180 KiB): DRAM[0m
[0;32mI (280) heap_init: At 3FFE0440 len 00003AE0 (14 KiB): D/IRAM[0m
[0;32mI (286) heap_init: At 3FFE4350 len 0001BCB0 (111 KiB): D/IRAM[0m
[0;32mI (293) heap_init: At 4008E238 len 00011DC8 (71 KiB): IRAM[0m
[0;32mI (300) spi_flash: detected chip: generic[0m
[0;32mI (304) spi_flash: flash io: dio[0m
[0;33mW (307) spi_flash: Detected size(4096k) larger than the size in the binary image header(2048k). Using the size in the binary image header.[0m
[0;33mW (321) i2c: This driver is an old driver, please migrate your application code to adapt `driver/i2c_master.h`[0m
[0;32mI (332) main_task: Started on CPU0[0m
[0;32mI (342) main_task: Calling app_main()[0m
motro ok
[0;32mI (342) stepper: Stepper direction set to 0[0m
Stepper task created
Control task created
Main loop running
control task initiated
control task loop
control loop started[0;32mI (462) mpu_test: Roll: 0.22 | Pitch: 4.57[0m
-0.047227
[0;32mI (462) stepper: Stepper direction set to 1[0m
control task loop
control loop started[0;32mI (592) mpu_test: Roll: -0.28 | Pitch: 4.44[0m
1599.953979
[0;32mI (592) stepper: Stepper direction set to 0[0m
control task loop
control loop started[0;32mI (722) mpu_test: Roll: -0.79 | Pitch: 4.32[0m
-0.044751
[0;32mI (722) stepper: Stepper direction set to 1[0m
