[0;32mI (170) boot: Loaded app from partition at ï¿½[0;32mI (13) boot: ESP-IDF v5.2.2 2nd stage bootloader[0m
[0;32mI (13) boot: compile time Jul 23 2024 21:33:41[0m
[0;32mI (13) boot: Multicore bootloader[0m
[0;32mI (17) boot: chip revision: v3.0[0m
[0;32mI (20) boot.esp32: SPI Speed      : 40MHz[0m
[0;32mI (25) boot.esp32: SPI Mode       : DIO[0m
[0;32mI (30) boot.esp32: SPI Flash Size : 2MB[0m
[0;32mI (34) boot: Enabling RNG early entropy source...[0m
[0;32mI (40) boot: Partition Table:[0m
[0;32mI (43) boot: ## Label            Usage          Type ST Offset   Length[0m
[0;32mI (50) boot:  0 nvs              WiFi data        01 02 00009000 00006000[0m
[0;32mI (58) boot:  1 phy_init         RF data          01 01 0000f000 00001000[0m
[0;32mI (65) boot:  2 factory          factory app      00 00 00010000 00100000[0m
[0;32mI (73) boot: End of partition table[0m
[0;32mI (77) esp_image: segment 0: paddr=00010020 vaddr=3f400020 size=0b134h ( 45364) map[0m
[0;32mI (101) esp_image: segment 1: paddr=0001b15c vaddr=3ffb0000 size=022a4h (  8868) load[0m
[0;32mI (105) esp_image: segment 2: paddr=0001d408 vaddr=40080000 size=02c10h ( 11280) load[0m
[0;32mI (111) esp_image: segment 3: paddr=00020020 vaddr=400d0020 size=16358h ( 90968) map[0m
[0;32mI (147) esp_image: segment 4: paddr=00036380 vaddr=40082c10 size=0ab1ch ( 43804) load[0m
[0;32mI (171) boot: Loaded app from partition at offset 0x10000[0m
[0;32mI (171) boot: Disabling RNG early entropy source...[0m
[0;32mI (182) cpu_start: Multicore app[0m
[0;32mI (191) cpu_start: Pro cpu start user code[0m
[0;32mI (191) cpu_start: cpu freq: 160000000 Hz[0m
[0;32mI (191) cpu_start: Application information:[0m
[0;32mI (194) cpu_start: Project name:     step_motor[0m
[0;32mI (199) cpu_start: App version:      f2f43e1[0m
[0;32mI (204) cpu_start: Compile time:     Jul 23 2024 21:33:35[0m
[0;32mI (210) cpu_start: ELF file SHA256:  fd9199b1e...[0m
[0;32mI (216) cpu_start: ESP-IDF:          v5.2.2[0m
[0;32mI (220) cpu_start: Min chip rev:     v0.0[0m
[0;32mI (225) cpu_start: Max chip rev:     v3.99 [0m
[0;32mI (230) cpu_start: Chip rev:         v3.0[0m
[0;32mI (235) heap_init: Initializing. RAM available for dynamic allocation:[0m
[0;32mI (242) heap_init: At 3FFAE6E0 len 00001920 (6 KiB): DRAM[0m
[0;32mI (248) heap_init: At 3FFB2B70 len 0002D490 (181 KiB): DRAM[0m
[0;32mI (254) heap_init: At 3FFE0440 len 00003AE0 (14 KiB): D/IRAM[0m
[0;32mI (261) heap_init: At 3FFE4350 len 0001BCB0 (111 KiB): D/IRAM[0m
[0;32mI (267) heap_init: At 4008D72C len 000128D4 (74 KiB): IRAM[0m
[0;32mI (275) spi_flash: detected chip: generic[0m
[0;32mI (278) spi_flash: flash io: dio[0m
[0;33mW (282) spi_flash: Detected size(4096k) larger than the size in the binary image header(2048k). Using the size in the binary image header.[0m
[0;32mI (296) main_task: Started on CPU0[0m
[0;32mI (306) main_task: Calling app_main()[0m
[0;32mI (306) example: Initialize EN + DIR GPIO[0m
[0;32mI (306) gpio: GPIO[0]| InputEn: 0| OutputEn: 1| OpenDrain: 0| Pullup: 0| Pulldown: 0| Intr:0 [0m
[0;32mI (316) gpio: GPIO[2]| InputEn: 0| OutputEn: 1| OpenDrain: 0| Pullup: 0| Pulldown: 0| Intr:0 [0m
[0;32mI (326) example: Create RMT TX channel[0m
[0;32mI (326) gpio: GPIO[4]| InputEn: 0| OutputEn: 1| OpenDrain: 0| Pullup: 1| Pulldown: 0| Intr:0 [0m
[0;32mI (336) example: Set spin direction[0m
[0;32mI (336) example: Enable step motor[0m
[0;32mI (346) example: Create motor encoders[0m
[0;32mI (346) example: Enable RMT channel[0m
[0;32mI (356) example: Spin motor for 6000 steps: 500 accel + 5000 uniform + 500 decel[0m
[0;31mE (356) rmt: rmt_transmit(491): loop count is not supported[0m
ESP_ERROR_CHECK failed: esp_err_t 0x106 (ESP_ERR_NOT_SUPPORTED) at 0x400d58e6
file: "./main/stepper_motor_example_main.c" line 96
func: app_main
expression: rmt_transmit(motor_chan, uniform_motor_encoder, &uniform_speed_hz, sizeof(uniform_speed_hz), &tx_config)

abort() was called at PC 0x40085e17 on core 0


Backtrace: 0x4008162e:0x3ffb4d00 0x40085e21:0x3ffb4d20 0x4008c071:0x3ffb4d40 0x40085e17:0x3ffb4db0 0x400d58e6:0x3ffb4de0 0x400e5ac4:0x3ffb4e70 0x400868c9:0x3ffb4ea0




ELF file SHA256: fd9199b1e

Rebooting...
[0;32mI (13) boot: ESP-IDF v5.2.2 2nd stage bootloader[0m
[0;32mI (13) boot: compile time Jul 23 2024 21:33:41[0m
[0;32mI (13) boot: Multicore bootloader[0m
[0;32mI (16) boot: chip revision: v3.0[0m
[0;32mI (20) boot.esp32: SPI Speed      : 40MHz[0m
[0;32mI (25) boot.esp32: SPI Mode       : DIO[0m
[0;32mI (29) boot.esp32: SPI Flash Size : 2MB[0m
[0;32mI (34) boot: Enabling RNG early entropy source...[0m
[0;32mI (39) boot: Partition Table:[0m
[0;32mI (43) boot: ## Label            Usage          Type ST Offset   Length[0m
[0;32mI (50) boot:  0 nvs              WiFi data        01 02 00009000 00006000[0m
[0;32mI (57) boot:  1 phy_init         RF data          01 01 0000f000 00001000[0m
[0;32mI (65) boot:  2 factory          factory app      00 00 00010000 00100000[0m
[0;32mI (72) boot: End of partition table[0m
[0;32mI (77) esp_image: segment 0: paddr=00010020 vaddr=3f400020 size=0b134h ( 45364) map[0m
[0;32mI (101) esp_image: segment 1: paddr=0001b15c vaddr=3ffb0000 size=022a4h (  8868) load[0m
[0;32mI (104) esp_image: segment 2: paddr=0001d408 vaddr=40080000 size=02c10h ( 11280) load[0m
[0;32mI (111) esp_image: segment 3: paddr=00020020 vaddr=400d0020 size=16358h ( 90968) map[0m
[0;32mI (146) esp_image: segment 4: paddr=00036380 vaddr=40082c10 size=0ab1ch ( 43804) load[0m
[0;32mI (170) boot: Loaded app from partition at offset 0x10000[0m
[0;32mI (170) boot: Disabling RNG early entropy source...[0m
[0;32mI (182) cpu_start: Multicore app[0m
[0;32mI (190) cpu_start: Pro cpu start user code[0m
[0;32mI (191) cpu_start: cpu freq: 160000000 Hz[0m
[0;32mI (191) cpu_start: Application information:[0m
[0;32mI (194) cpu_start: Project name:     step_motor[0m
[0;32mI (199) cpu_start: App version:      f2f43e1[0m
[0;32mI (204) cpu_start: Compile time:     Jul 23 2024 21:33:35[0m
[0;32mI (210) cpu_start: ELF file SHA256:  fd9199b1e...[0m
[0;32mI (215) cpu_start: ESP-IDF:          v5.2.2[0m
[0;32mI (220) cpu_start: Min chip rev:     v0.0[0m
[0;32mI (225) cpu_start: Max chip rev:     v3.99 [0m
[0;32mI (230) cpu_start: Chip rev:         v3.0[0m
[0;32mI (235) heap_init: Initializing. RAM available for dynamic allocation:[0m
[0;32mI (242) heap_init: At 3FFAE6E0 len 00001920 (6 KiB): DRAM[0m
[0;32mI (248) heap_init: At 3FFB2B70 len 0002D490 (181 KiB): DRAM[0m
[0;32mI (254) heap_init: At 3FFE0440 len 00003AE0 (14 KiB): D/IRAM[0m
[0;32mI (260) heap_init: At 3FFE4350 len 0001BCB0 (111 KiB): D/IRAM[0m
[0;32mI (267) heap_init: At 4008D72C len 000128D4 (74 KiB): IRAM[0m
[0;32mI (274) spi_flash: detected chip: generic[0m
[0;32mI (277) spi_flash: flash io: dio[0m
[0;33mW (281) spi_flash: Detected size(4096k) larger than the size in the binary image header(2048k). Using the size in the binary image header.[0m
[0;32mI (295) main_task: Started on CPU0[0m
[0;32mI (305) main_task: Calling app_main()[0m
[0;32mI (305) example: Initialize EN + DIR GPIO[0m
[0;32mI (305) gpio: GPIO[0]| InputEn: 0| OutputEn: 1| OpenDrain: 0| Pullup: 0| Pulldown: 0| Intr:0 [0m
[0;32mI (315) gpio: GPIO[2]| InputEn: 0| OutputEn: 1| OpenDrain: 0| Pullup: 0| Pulldown: 0| Intr:0 [0m
[0;32mI (325) example: Create RMT TX channel[0m
[0;32mI (325) gpio: GPIO[4]| InputEn: 0| OutputEn: 1| OpenDrain: 0| Pullup: 1| Pulldown: 0| Intr:0 [0m
[0;32mI (335) example: Set spin direction[0m
[0;32mI (335) example: Enable step motor[0m
[0;32mI (345) example: Create motor encoders[0m
[0;32mI (345) example: Enable RMT channel[0m
[0;32mI (355) example: Spin motor for 6000 steps: 500 accel + 5000 uniform + 500 decel[0m
[0;31mE (355) rmt: rmt_transmit(491): loop count is not supported[0m
ESP_ERROR_CHECK failed: esp_err_t 0x106 (ESP_ERR_NOT_SUPPORTED) at 0x400d58e6
file: "./main/stepper_motor_example_main.c" line 96
func: app_main
expression: rmt_transmit(motor_chan, uniform_motor_encoder, &uniform_speed_hz, sizeof(uniform_speed_hz), &tx_config)

abort() was called at PC 0x40085e17 on core 0


Backtrace: 0x4008162e:0x3ffb4d00 0x40085e21:0x3ffb4d20 0x4008c071:0x3ffb4d40 0x40085e17:0x3ffb4db0 0x400d58e6:0x3ffb4de0 0x400e5ac4:0x3ffb4e70 0x400868c9:0x3ffb4ea0




ELF file SHA256: fd9199b1e

Rebooting...
[0;32mI (13) boot: ESP-IDF v5.2.2 2nd stage bootloader[0m
[0;32mI (13) boot: compile time Jul 23 2024 21:33:41[0m
[0;32mI (13) boot: Multicore bootloader[0m
[0;32mI (16) boot: chip revision: v3.0[0m
[0;32mI (20) boot.esp32: SPI Speed      : 40MHz[0m
[0;32mI (25) boot.esp32: SPI Mode       : DIO[0m
[0;32mI (29) boot.esp32: SPI Flash Size : 2MB[0m
[0;32mI (34) boot: Enabling RNG early entropy source...[0m
[0;32mI (39) boot: Partition Table:[0m
[0;32mI (43) boot: ## Label            Usage          Type ST Offset   Length[0m
[0;32mI (50) boot:  0 nvs              WiFi data        01 02 00009000 00006000[0m
[0;32mI (57) boot:  1 phy_init         RF data          01 01 0000f000 00001000[0m
[0;32mI (65) boot:  2 factory          factory app      00 00 00010000 00100000[0m
[0;32mI (72) boot: End of partition table[0m
[0;32mI (77) esp_image: segment 0: paddr=00010020 vaddr=3f400020 size=0b134h ( 45364) map[0m
[0;32mI (101) esp_image: segment 1: paddr=0001b15c vaddr=3ffb0000 size=022a4h (  8868) load[0m
[0;32mI (104) esp_image: segment 2: paddr=0001d408 vaddr=40080000 size=02c10h ( 11280) load[0m
[0;32mI (111) esp_image: segment 3: paddr=00020020 vaddr=400d0020 size=16358h ( 90968) map[0m
[0;32mI (146) esp_image: segment 4: paddr=00036380 vaddr=40082c10 size=0ab1ch ( 43804) load[0m
[0;32mI (170) boot: Loaded app from partition at offset 0x10000[0m
[0;32mI (170) boot: Disabling RNG early entropy source...[0m
[0;32mI (182) cpu_start: Multicore app[0m
[0;32mI (190) cpu_start: Pro cpu start user code[0m
[0;32mI (191) cpu_start: cpu freq: 160000000 Hz[0m
[0;32mI (191) cpu_start: Application information:[0m
[0;32mI (194) cpu_start: Project name:     step_motor[0m
[0;32mI (199) cpu_start: App version:      f2f43e1[0m
[0;32mI (204) cpu_start: Compile time:     Jul 23 2024 21:33:35[0m
[0;32mI (210) cpu_start: ELF file SHA256:  fd9199b1e...[0m
[0;32mI (215) cpu_start: ESP-IDF:          v5.2.2[0m
[0;32mI (220) cpu_start: Min chip rev:     v0.0[0m
[0;32mI (225) cpu_start: Max chip rev:     v3.99 [0m
[0;32mI (230) cpu_start: Chip rev:         v3.0[0m
[0;32mI (235) heap_init: Initializing. RAM available for dynamic allocation:[0m
[0;32mI (242) heap_init: At 3FFAE6E0 len 00001920 (6 KiB): DRAM[0m
[0;32mI (248) heap_init: At 3FFB2B70 len 0002D490 (181 KiB): DRAM[0m
[0;32mI (254) heap_init: At 3FFE0440 len 00003AE0 (14 KiB): D/IRAM[0m
[0;32mI (260) heap_init: At 3FFE4350 len 0001BCB0 (111 KiB): D/IRAM[0m
[0;32mI (267) heap_init: At 4008D72C len 000128D4 (74 KiB): IRAM[0m
[0;32mI (274) spi_flash: detected chip: generic[0m
[0;32mI (277) spi_flash: flash io: dio[0m
[0;33mW (281) spi_flash: Detected size(4096k) larger than the size in the binary image header(2048k). Using the size in the binary image header.[0m
[0;32mI (295) main_task: Started on CPU0[0m
[0;32mI (305) main_task: Calling app_main()[0m
[0;32mI (305) example: Initialize EN + DIR GPIO[0m
[0;32mI (305) gpio: GPIO[0]| InputEn: 0| OutputEn: 1| OpenDrain: 0| Pullup: 0| Pulldown: 0| Intr:0 [0m
[0;32mI (315) gpio: GPIO[2]| InputEn: 0| OutputEn: 1| OpenDrain: 0| Pullup: 0| Pulldown: 0| Intr:0 [0m
[0;32mI (325) example: Create RMT TX channel[0m
[0;32mI (325) gpio: GPIO[4]| InputEn: 0| OutputEn: 1| OpenDrain: 0| Pullup: 1| Pulldown: 0| Intr:0 [0m
[0;32mI (335) example: Set spin direction[0m
[0;32mI (335) example: Enable step motor[0m
[0;32mI (345) example: Create motor encoders[0m
[0;32mI (345) example: Enable RMT channel[0m
[0;32mI (355) example: Spin motor for 6000 steps: 500 accel + 5000 uniform + 500 decel[0m
[0;31mE (355) rmt: rmt_transmit(491): loop count is not supported[0m
ESP_ERROR_CHECK failed: esp_err_t 0x106 (ESP_ERR_NOT_SUPPORTED) at 0x400d58e6
file: "./main/stepper_motor_example_main.c" line 96
func: app_main
expression: rmt_transmit(motor_chan, uniform_motor_encoder, &uniform_speed_hz, sizeof(uniform_speed_hz), &tx_config)

abort() was called at PC 0x40085e17 on core 0


Backtrace: 0x4008162e:0x3ffb4d00 0x40085e21:0x3ffb4d20 0x4008c071:0x3ffb4d40 0x40085e17:0x3ffb4db0 0x400d58e6:0x3ffb4de0 0x400e5ac4:0x3ffb4e70 0x400868c9:0x3ffb4ea0




ELF file SHA256: fd9199b1e

Rebooting...
[0;32mI (13) boot: ESP-IDF v5.2.2 2nd stage bootloader[0m
[0;32mI (13) boot: compile time Jul 23 2024 21:33:41[0m
[0;32mI (13) boot: Multicore bootloader[0m
[0;32mI (16) boot: chip revision: v3.0[0m
[0;32mI (20) boot.esp32: SPI Speed      : 40MHz[0m
[0;32mI (25) boot.esp32: SPI Mode       : DIO[0m
[0;32mI (29) boot.esp32: SPI Flash Size : 2MB[0m
[0;32mI (34) boot: Enabling RNG early entropy source...[0m
[0;32mI (39) boot: Partition Table:[0m
[0;32mI (43) boot: ## Label            Usage          Type ST Offset   Length[0m
[0;32mI (50) boot:  0 nvs              WiFi data        01 02 00009000 00006000[0m
[0;32mI (57) boot:  1 phy_init         RF data          01 01 0000f000 00001000[0m
[0;32mI (65) boot:  2 factory          factory app      00 00 00010000 00100000[0m
[0;32mI (72) boot: End of partition table[0m
[0;32mI (77) esp_image: segment 0: paddr=00010020 vaddr=3f400020 size=0b134h ( 45364) map[0m
[0;32mI (101) esp_image: segment 1: paddr=0001b15c vaddr=3ffb0000 size=022a4h (  8868) load[0m
[0;32mI (104) esp_image: segment 2: paddr=0001d408 vaddr=40080000 size=02c10h ( 11280) load[0m
[0;32mI (111) esp_image: segment 3: paddr=00020020 vaddr=400d0020 size=16358h ( 90968) map[0m
[0;32mI (146) esp_image: segment 4: paddr=00036380 vaddr=40082c10 size=0ab1ch ( 43804) load[0m
[0;32mI (170) boot: Loaded app from partition at offset 0x10000[0m
[0;32mI (170) boot: Disabling RNG early entropy source...[0m
[0;32mI (182) cpu_start: Multicore app[0m
[0;32mI (190) cpu_start: Pro cpu start user code[0m
[0;32mI (191) cpu_start: cpu freq: 160000000 Hz[0m
[0;32mI (191) cpu_start: Application information:[0m
[0;32mI (194) cpu_start: Project name:     step_motor[0m
[0;32mI (199) cpu_start: App version:      f2f43e1[0m
[0;32mI (204) cpu_start: Compile time:     Jul 23 2024 21:33:35[0m
[0;32mI (210) cpu_start: ELF file SHA256:  fd9199b1e...[0m
[0;32mI (215) cpu_start: ESP-IDF:          v5.2.2[0m
[0;32mI (220) cpu_start: Min chip rev:     v0.0[0m
[0;32mI (225) cpu_start: Max chip rev:     v3.99 [0m
[0;32mI (230) cpu_start: Chip rev:         v3.0[0m
[0;32mI (235) heap_init: Initializing. RAM available for dynamic allocation:[0m
[0;32mI (242) heap_init: At 3FFAE6E0 len 00001920 (6 KiB): DRAM[0m
[0;32mI (248) heap_init: At 3FFB2B70 len 0002D490 (181 KiB): DRAM[0m
[0;32mI (254) heap_init: At 3FFE0440 len 00003AE0 (14 KiB): D/IRAM[0m
[0;32mI (260) heap_init: At 3FFE4350 len 0001BCB0 (111 KiB): D/IRAM[0m
[0;32mI (267) heap_init: At 4008D72C len 000128D4 (74 KiB): IRAM[0m
[0;32mI (274) spi_flash: detected chip: generic[0m
[0;32mI (277) spi_flash: flash io: dio[0m
[0;33mW (281) spi_flash: Detected size(4096k) larger than the size in the binary image header(2048k). Using the size in the binary image header.[0m
[0;32mI (295) main_task: Started on CPU0[0m
[0;32mI (305) main_task: Calling app_main()[0m
[0;32mI (305) example: Initialize EN + DIR GPIO[0m
[0;32mI (305) gpio: GPIO[0]| InputEn: 0| OutputEn: 1| OpenDrain: 0| Pullup: 0| Pulldown: 0| Intr:0 [0m
[0;32mI (315) gpio: GPIO[2]| InputEn: 0| OutputEn: 1| OpenDrain: 0| Pullup: 0| Pulldown: 0| Intr:0 [0m
[0;32mI (325) example: Create RMT TX channel[0m
[0;32mI (325) gpio: GPIO[4]| InputEn: 0| OutputEn: 1| OpenDrain: 0| Pullup: 1| Pulldown: 0| Intr:0 [0m
[0;32mI (335) example: Set spin direction[0m
[0;32mI (335) example: Enable step motor[0m
[0;32mI (345) example: Create motor encoders[0m
[0;32mI (345) example: Enable RMT channel[0m
[0;32mI (355) example: Spin motor for 6000 steps: 500 accel + 5000 uniform + 500 decel[0m
[0;31mE (355) rmt: rmt_transmit(491): loop count is not supported[0m
ESP_ERROR_CHECK failed: esp_err_t 0x106 (ESP_ERR_NOT_SUPPORTED) at 0x400d58e6
file: "./main/stepper_motor_example_main.c" line 96
func: app_main
expression: rmt_transmit(motor_chan, uniform_motor_encoder, &uniform_speed_hz, sizeof(uniform_speed_hz), &tx_config)

abort() was called at PC 0x40085e17 on core 0


Backtrace: 0x4008162e:0x3ffb4d00 0x40085e21:0x3ffb4d20 0x4008c071:0x3ffb4d40 0x40085e17:0x3ffb4db0 0x400d58e6:0x3ffb4de0 0x400e5ac4:0x3ffb4e70 0x400868c9:0x3ffb4ea0




ELF file SHA256: fd9199b1e

Rebooting...
[0;32mI (13) boot: ESP-IDF v5.2.2 2nd stage bootloader[0m
[0;32mI (13) boot: compile time Jul 23 2024 21:33:41[0m
[0;32mI (13) boot: Multicore bootloader[0m
[0;32mI (16) boot: chip revision: v3.0[0m
[0;32mI (20) boot.esp32: SPI Speed      : 40MHz[0m
[0;32mI (25) boot.esp32: SPI Mode       : DIO[0m
[0;32mI (29) boot.esp32: SPI Flash Size : 2MB[0m
[0;32mI (34) boot: Enabling RNG early entropy source...[0m
[0;32mI (39) boot: Partition Table:[0m
[0;32mI (43) boot: ## Label            Usage          Type ST Offset   Length[0m
[0;32mI (50) boot:  0 nvs              WiFi data        01 02 00009000 00006000[0m
[0;32mI (57) boot:  1 phy_init         RF data          01 01 0000f000 00001000[0m
[0;32mI (65) boot:  2 factory          factory app      00 00 00010000 00100000[0m
[0;32mI (72) boot: End of partition table[0m
[0;32mI (77) esp_image: segment 0: paddr=00010020 vaddr=3f400020 size=0b134h ( 45364) map[0m
[0;32mI (101) esp_image: segment 1: paddr=0001b15c vaddr=3ffb0000 size=022a4h (  8868) load[0m
[0;32mI (104) esp_image: segment 2: paddr=0001d408 vaddr=40080000 size=02c10h ( 11280) load[0m
[0;32mI (111) esp_image: segment 3: paddr=00020020 vaddr=400d0020 size=16358h ( 90968) map[0m
[0;32mI (146) esp_image: segment 4: paddr=00036380 vaddr=40082c10 size=0ab1ch ( 43804) load[0m
[0;32mI (170) boot: Loaded app from partition at offset 0x10000[0m
[0;32mI (170) boot: Disabling RNG early entropy source...[0m
[0;32mI (182) cpu_start: Multicore app[0m
[0;32mI (190) cpu_start: Pro cpu start user code[0m
[0;32mI (191) cpu_start: cpu freq: 160000000 Hz[0m
[0;32mI (191) cpu_start: Application information:[0m
[0;32mI (194) cpu_start: Project name:     step_motor[0m
[0;32mI (199) cpu_start: App version:      f2f43e1[0m
[0;32mI (204) cpu_start: Compile time:     Jul 23 2024 21:33:35[0m
[0;32mI (210) cpu_start: ELF file SHA256:  fd9199b1e...[0m
[0;32mI (215) cpu_start: ESP-IDF:          v5.2.2[0m
[0;32mI (220) cpu_start: Min chip rev:     v0.0[0m
[0;32mI (225) cpu_start: Max chip rev:     v3.99 [0m
[0;32mI (230) cpu_start: Chip rev:         v3.0[0m
[0;32mI (235) heap_init: Initializing. RAM available for dynamic allocation:[0m
[0;32mI (242) heap_init: At 3FFAE6E0 len 00001920 (6 KiB): DRAM[0m
[0;32mI (248) heap_init: At 3FFB2B70 len 0002D490 (181 KiB): DRAM[0m
[0;32mI (254) heap_init: At 3FFE0440 len 00003AE0 (14 KiB): D/IRAM[0m
[0;32mI (260) heap_init: At 3FFE4350 len 0001BCB0 (111 KiB): D/IRAM[0m
[0;32mI (267) heap_init: At 4008D72C len 000128D4 (74 KiB): IRAM[0m
[0;32mI (274) spi_flash: detected chip: generic[0m
[0;32mI (277) spi_flash: flash io: dio[0m
[0;33mW (281) spi_flash: Detected size(4096k) larger than the size in the binary image header(2048k). Using the size in the binary image header.[0m
[0;32mI (295) main_task: Started on CPU0[0m
[0;32mI (305) main_task: Calling app_main()[0m
[0;32mI (305) example: Initialize EN + DIR GPIO[0m
[0;32mI (305) gpio: GPIO[0]| InputEn: 0| OutputEn: 1| OpenDrain: 0| Pullup: 0| Pulldown: 0| Intr:0 [0m
[0;32mI (315) gpio: GPIO[2]| InputEn: 0| OutputEn: 1| OpenDrain: 0| Pullup: 0| Pulldown: 0| Intr:0 [0m
[0;32mI (325) example: Create RMT TX channel[0m
[0;32mI (325) gpio: GPIO[4]| InputEn: 0| OutputEn: 1| OpenDrain: 0| Pullup: 1| Pulldown: 0| Intr:0 [0m
[0;32mI (335) example: Set spin direction[0m
[0;32mI (335) example: Enable step motor[0m
[0;32mI (345) example: Create motor encoders[0m
[0;32mI (345) example: Enable RMT channel[0m
[0;32mI (355) example: Spin motor for 6000 steps: 500 accel + 5000 uniform + 500 decel[0m
[0;31mE (355) rmt: rmt_transmit(491): loop count is not supported[0m
ESP_ERROR_CHECK failed: esp_err_t 0x106 (ESP_ERR_NOT_SUPPORTED) at 0x400d58e6
file: "./main/stepper_motor_example_main.c" line 96
func: app_main
expression: rmt_transmit(motor_chan, uniform_motor_encoder, &uniform_speed_hz, sizeof(uniform_speed_hz), &tx_config)

abort() was called at PC 0x40085e17 on core 0


Backtrace: 0x4008162e:0x3ffb4d00 0x40085e21:0x3ffb4d20 0x4008c071:0x3ffb4d40 0x40085e17:0x3ffb4db0 0x400d58e6:0x3ffb4de0 0x400e5ac4:0x3ffb4e70 0x400868c9:0x3ffb4ea0




ELF file SHA256: fd9199b1e

Rebooting...
[0;32mI (13) boot: ESP-IDF v5.2.2 2nd stage bootloader[0m
[0;32mI (13) boot: compile time Jul 23 2024 21:33:41[0m
[0;32mI (13) boot: Multicore bootloader[0m
[0;32mI (16) boot: chip revision: v3.0[0m
[0;32mI (20) boot.esp32: SPI Speed      : 40MHz[0m
[0;32mI (25) boot.esp32: SPI Mode       : DIO[0m
[0;32mI (29) boot.esp32: SPI Flash Size : 2MB[0m
[0;32mI (34) boot: Enabling RNG early entropy source...[0m
[0;32mI (39) boot: Partition Table:[0m
[0;32mI (43) boot: ## Label            Usage          Type ST Offset   Length[0m
[0;32mI (50) boot:  0 nvs              WiFi data        01 02 00009000 00006000[0m
[0;32mI (57) boot:  1 phy_init         RF data          01 01 0000f000 00001000[0m
[0;32mI (65) boot:  2 factory          factory app      00 00 00010000 00100000[0m
[0;32mI (72) boot: End of partition table[0m
[0;32mI (77) esp_image: segment 0: paddr=00010020 vaddr=3f400020 size=0b134h ( 45364) map[0m
[0;32mI (101) esp_image: segment 1: paddr=0001b15c vaddr=3ffb0000 size=022a4h (  8868) load[0m
[0;32mI (104) esp_image: segment 2: paddr=0001d408 vaddr=40080000 size=02c10h ( 11280) load[0m
[0;32mI (111) esp_image: segment 3: paddr=00020020 vaddr=400d0020 size=16358h ( 90968) map[0m
[0;32mI (146) esp_image: segment 4: paddr=00036380 vaddr=40082c10 size=0ab1ch ( 43804) load[0m
[0;32mI (170) boot: Loaded app from partition at offset 0x10000[0m
[0;32mI (170) boot: Disabling RNG early entropy source...[0m
[0;32mI (182) cpu_start: Multicore app[0m
[0;32mI (190) cpu_start: Pro cpu start user code[0m
[0;32mI (191) cpu_start: cpu freq: 160000000 Hz[0m
[0;32mI (191) cpu_start: Application information:[0m
[0;32mI (194) cpu_start: Project name:     step_motor[0m
[0;32mI (199) cpu_start: App version:      f2f43e1[0m
[0;32mI (204) cpu_start: Compile time:     Jul 23 2024 21:33:35[0m
[0;32mI (210) cpu_start: ELF file SHA256:  fd9199b1e...[0m
[0;32mI (215) cpu_start: ESP-IDF:          v5.2.2[0m
[0;32mI (220) cpu_start: Min chip rev:     v0.0[0m
[0;32mI (225) cpu_start: Max chip rev:     v3.99 [0m
[0;32mI (230) cpu_start: Chip rev:         v3.0[0m
[0;32mI (235) heap_init: Initializing. RAM available for dynamic allocation:[0m
[0;32mI (242) heap_init: At 3FFAE6E0 len 00001920 (6 KiB): DRAM[0m
[0;32mI (248) heap_init: At 3FFB2B70 len 0002D490 (181 KiB): DRAM[0m
[0;32mI (254) heap_init: At 3FFE0440 len 00003AE0 (14 KiB): D/IRAM[0m
[0;32mI (260) heap_init: At 3FFE4350 len 0001BCB0 (111 KiB): D/IRAM[0m
[0;32mI (267) heap_init: At 4008D72C len 000128D4 (74 KiB): IRAM[0m
[0;32mI (274) spi_flash: detected chip: generic[0m
[0;32mI (277) spi_flash: flash io: dio[0m
[0;33mW (281) spi_flash: Detected size(4096k) larger than the size in the binary image header(2048k). Using the size in the binary image header.[0m
[0;32mI (295) main_task: Started on CPU0[0m
[0;32mI (305) main_task: Calling app_main()[0m
[0;32mI (305) example: Initialize EN + DIR GPIO[0m
[0;32mI (305) gpio: GPIO[0]| InputEn: 0| OutputEn: 1| OpenDrain: 0| Pullup: 0| Pulldown: 0| Intr:0 [0m
[0;32mI (315) gpio: GPIO[2]| InputEn: 0| OutputEn: 1| OpenDrain: 0| Pullup: 0| Pulldown: 0| Intr:0 [0m
[0;32mI (325) example: Create RMT TX channel[0m
[0;32mI (325) gpio: GPIO[4]| InputEn: 0| OutputEn: 1| OpenDrain: 0| Pullup: 1| Pulldown: 0| Intr:0 [0m
[0;32mI (335) example: Set spin direction[0m
[0;32mI (335) example: Enable step motor[0m
[0;32mI (345) example: Create motor encoders[0m
[0;32mI (345) example: Enable RMT channel[0m
[0;32mI (355) example: Spin motor for 6000 steps: 500 accel + 5000 uniform + 500 decel[0m
[0;31mE (355) rmt: rmt_transmit(491): loop count is not supported[0m
ESP_ERROR_CHECK failed: esp_err_t 0x106 (ESP_ERR_NOT_SUPPORTED) at 0x400d58e6
file: "./main/stepper_motor_example_main.c" line 96
func: app_main
expression: rmt_transmit(motor_chan, uniform_motor_encoder, &uniform_speed_hz, sizeof(uniform_speed_hz), &tx_config)

abort() was called at PC 0x40085e17 on core 0


Backtrace: 0x4008162e:0x3ffb4d00 0x40085e21:0x3ffb4d20 0x4008c071:0x3ffb4d40 0x40085e17:0x3ffb4db0 0x400d58e6:0x3ffb4de0 0x400e5ac4:0x3ffb4e70 0x400868c9:0x3ffb4ea0




ELF file SHA256: fd9199b1e

Rebooting...
[0;32mI (13) boot: ESP-IDF v5.2.2 2nd stage bootloader[0m
[0;32mI (13) boot: compile time Jul 23 2024 21:33:41[0m
[0;32mI (13) boot: Multicore bootloader[0m
[0;32mI (16) boot: chip revision: v3.0[0m
[0;32mI (20) boot.esp32: SPI Speed      : 40MHz[0m
[0;32mI (25) boot.esp32: SPI Mode       : DIO[0m
[0;32mI (29) boot.esp32: SPI Flash Size : 2MB[0m
[0;32mI (34) boot: Enabling RNG early entropy source...[0m
[0;32mI (39) boot: Partition Table:[0m
[0;32mI (43) boot: ## Label            Usage          Type ST Offset   Length[0m
[0;32mI (50) boot:  0 nvs              WiFi data        01 02 00009000 00006000[0m
[0;32mI (57) boot:  1 phy_init         RF data          01 01 0000f000 00001000[0m
[0;32mI (65) boot:  2 factory          factory app      00 00 00010000 00100000[0m
[0;32mI (72) boot: End of partition table[0m
[0;32mI (77) esp_image: segment 0: paddr=00010020 vaddr=3f400020 size=0b134h ( 45364) map[0m
[0;32mI (101) esp_image: segment 1: paddr=0001b15c vaddr=3ffb0000 size=022a4h (  8868) load[0m
[0;32mI (104) esp_image: segment 2: paddr=0001d408 vaddr=40080000 size=02c10h ( 11280) load[0m
[0;32mI (111) esp_image: segment 3: paddr=00020020 vaddr=400d0020 size=16358h ( 90968) map[0m
[0;32mI (146) esp_image: segment 4: paddr=00036380 vaddr=40082c10 size=0ab1ch ( 43804) load[0m
[0;32mI (170) boot: Loaded app from partition at offset 0x10000[0m
[0;32mI (170) boot: Disabling RNG early entropy source...[0m
[0;32mI (182) cpu_start: Multicore app[0m
[0;32mI (190) cpu_start: Pro cpu start user code[0m
[0;32mI (191) cpu_start: cpu freq: 160000000 Hz[0m
[0;32mI (191) cpu_start: Application information:[0m
[0;32mI (194) cpu_start: Project name:     step_motor[0m
[0;32mI (199) cpu_start: App version:      f2f43e1[0m
[0;32mI (204) cpu_start: Compile time:     Jul 23 2024 21:33:35[0m
[0;32mI (210) cpu_start: ELF file SHA256:  fd9199b1e...[0m
[0;32mI (215) cpu_start: ESP-IDF:          v5.2.2[0m
[0;32mI (220) cpu_start: Min chip rev:     v0.0[0m
[0;32mI (225) cpu_start: Max chip rev:     v3.99 [0m
[0;32mI (230) cpu_start: Chip rev:         v3.0[0m
[0;32mI (235) heap_init: Initializing. RAM available for dynamic allocation:[0m
[0;32mI (242) heap_init: At 3FFAE6E0 len 00001920 (6 KiB): DRAM[0m
[0;32mI (248) heap_init: At 3FFB2B70 len 0002D490 (181 KiB): DRAM[0m
[0;32mI (254) heap_init: At 3FFE0440 len 00003AE0 (14 KiB): D/IRAM[0m
[0;32mI (260) heap_init: At 3FFE4350 len 0001BCB0 (111 KiB): D/IRAM[0m
[0;32mI (267) heap_init: At 4008D72C len 000128D4 (74 KiB): IRAM[0m
[0;32mI (274) spi_flash: detected chip: generic[0m
[0;32mI (277) spi_flash: flash io: dio[0m
[0;33mW (281) spi_flash: Detected size(4096k) larger than the size in the binary image header(2048k). Using the size in the binary image header.[0m
[0;32mI (295) main_task: Started on CPU0[0m
[0;32mI (305) main_task: Calling app_main()[0m
[0;32mI (305) example: Initialize EN + DIR GPIO[0m
[0;32mI (305) gpio: GPIO[0]| InputEn: 0| OutputEn: 1| OpenDrain: 0| Pullup: 0| Pulldown: 0| Intr:0 [0m
[0;32mI (315) gpio: GPIO[2]| InputEn: 0| OutputEn: 1| OpenDrain: 0| Pullup: 0| Pulldown: 0| Intr:0 [0m
[0;32mI (325) example: Create RMT TX channel[0m
[0;32mI (325) gpio: GPIO[4]| InputEn: 0| OutputEn: 1| OpenDrain: 0| Pullup: 1| Pulldown: 0| Intr:0 [0m
[0;32mI (335) example: Set spin direction[0m
[0;32mI (335) example: Enable step motor[0m
[0;32mI (345) example: Create motor encoders[0m
[0;32mI (345) example: Enable RMT channel[0m
[0;32mI (355) example: Spin motor for 6000 steps: 500 accel + 5000 uniform + 500 decel[0m
[0;31mE (355) rmt: rmt_transmit(491): loop count is not supported[0m
ESP_ERROR_CHECK failed: esp_err_t 0x106 (ESP_ERR_NOT_SUPPORTED) at 0x400d58e6
file: "./main/stepper_motor_example_main.c" line 96
func: app_main
expression: rmt_transmit(motor_chan, uniform_motor_encoder, &uniform_speed_hz, sizeof(uniform_speed_hz), &tx_config)

abort() was called at PC 0x40085e17 on core 0


Backtrace: 0x4008162e:0x3ffb4d00 0x40085e21:0x3ffb4d20 0x4008c071:0x3ffb4d40 0x40085e17:0x3ffb4db0 0x400d58e6:0x3ffb4de0 0x400e5ac4:0x3ffb4e70 0x400868c9:0x3ffb4ea0




ELF file SHA256: fd9199b1e

Rebooting...
[0;32mI (13) boot: ESP-IDF v5.2.2 2nd stage bootloader[0m
[0;32mI (13) boot: compile time Jul 23 2024 21:33:41[0m
[0;32mI (13) boot: Multicore bootloader[0m
[0;32mI (16) boot: chip revision: v3.0[0m
[0;32mI (20) boot.esp32: SPI Speed      : 40MHz[0m
[0;32mI (25) boot.esp32: SPI Mode       : DIO[0m
[0;32mI (29) boot.esp32: SPI Flash Size : 2MB[0m
[0;32mI (34) boot: Enabling RNG early entropy source...[0m
[0;32mI (39) boot: Partition Table:[0m
[0;32mI (43) boot: ## Label            Usage          Type ST Offset   Length[0m
[0;32mI (50) boot:  0 nvs              WiFi data        01 02 00009000 00006000[0m
[0;32mI (57) boot:  1 phy_init         RF data          01 01 0000f000 00001000[0m
[0;32mI (65) boot:  2 factory          factory app      00 00 00010000 00100000[0m
[0;32mI (72) boot: End of partition table[0m
[0;32mI (77) esp_image: segment 0: paddr=00010020 vaddr=3f400020 size=0b134h ( 45364) map[0m
[0;32mI (101) esp_image: segment 1: paddr=0001b15c vaddr=3ffb0000 size=022a4h (  8868) load[0m
[0;32mI (104) esp_image: segment 2: paddr=0001d408 vaddr=40080000 size=02c10h ( 11280) load[0m
[0;32mI (111) esp_image: segment 3: paddr=00020020 vaddr=400d0020 size=16358h ( 90968) map[0m
[0;32mI (146) esp_image: segment 4: paddr=00036380 vaddr=40082c10 size=0ab1ch ( 43804) load[0m
[0;32mI (170) boot: Loaded app from partition at offset 0x10000[0m
[0;32mI (170) boot: Disabling RNG early entropy source...[0m
[0;32mI (182) cpu_start: Multicore app[0m
[0;32mI (190) cpu_start: Pro cpu start user code[0m
[0;32mI (191) cpu_start: cpu freq: 160000000 Hz[0m
[0;32mI (191) cpu_start: Application information:[0m
[0;32mI (194) cpu_start: Project name:     step_motor[0m
[0;32mI (199) cpu_start: App version:      f2f43e1[0m
[0;32mI (204) cpu_start: Compile time:     Jul 23 2024 21:33:35[0m
[0;32mI (210) cpu_start: ELF file SHA256:  fd9199b1e...[0m
[0;32mI (215) cpu_start: ESP-IDF:          v5.2.2[0m
[0;32mI (220) cpu_start: Min chip rev:     v0.0[0m
[0;32mI (225) cpu_start: Max chip rev:     v3.99 [0m
[0;32mI (230) cpu_start: Chip rev:         v3.0[0m
[0;32mI (235) heap_init: Initializing. RAM available for dynamic allocation:[0m
[0;32mI (242) heap_init: At 3FFAE6E0 len 00001920 (6 KiB): DRAM[0m
[0;32mI (248) heap_init: At 3FFB2B70 len 0002D490 (181 KiB): DRAM[0m
[0;32mI (254) heap_init: At 3FFE0440 len 00003AE0 (14 KiB): D/IRAM[0m
[0;32mI (260) heap_init: At 3FFE4350 len 0001BCB0 (111 KiB): D/IRAM[0m
[0;32mI (267) heap_init: At 4008D72C len 000128D4 (74 KiB): IRAM[0m
[0;32mI (274) spi_flash: detected chip: generic[0m
[0;32mI (277) spi_flash: flash io: dio[0m
[0;33mW (281) spi_flash: Detected size(4096k) larger than the size in the binary image header(2048k). Using the size in the binary image header.[0m
[0;32mI (295) main_task: Started on CPU0[0m
[0;32mI (305) main_task: Calling app_main()[0m
[0;32mI (305) example: Initialize EN + DIR GPIO[0m
[0;32mI (305) gpio: GPIO[0]| InputEn: 0| OutputEn: 1| OpenDrain: 0| Pullup: 0| Pulldown: 0| Intr:0 [0m
[0;32mI (315) gpio: GPIO[2]| InputEn: 0| OutputEn: 1| OpenDrain: 0| Pullup: 0| Pulldown: 0| Intr:0 [0m
[0;32mI (325) example: Create RMT TX channel[0m
[0;32mI (325) gpio: GPIO[4]| InputEn: 0| OutputEn: 1| OpenDrain: 0| Pullup: 1| Pulldown: 0| Intr:0 [0m
[0;32mI (335) example: Set spin direction[0m
[0;32mI (335) example: Enable step motor[0m
[0;32mI (345) example: Create motor encoders[0m
[0;32mI (345) example: Enable RMT channel[0m
[0;32mI (355) example: Spin motor for 6000 steps: 500 accel + 5000 uniform + 500 decel[0m
[0;31mE (355) rmt: rmt_transmit(491): loop count is not supported[0m
ESP_ERROR_CHECK failed: esp_err_t 0x106 (ESP_ERR_NOT_SUPPORTED) at 0x400d58e6
file: "./main/stepper_motor_example_main.c" line 96
func: app_main
expression: rmt_transmit(motor_chan, uniform_motor_encoder, &uniform_speed_hz, sizeof(uniform_speed_hz), &tx_config)

abort() was called at PC 0x40085e17 on core 0


Backtrace: 0x4008162e:0x3ffb4d00 0x40085e21:0x3ffb4d20 0x4008c071:0x3ffb4d40 0x40085e17:0x3ffb4db0 0x400d58e6:0x3ffb4de0 0x400e5ac4:0x3ffb4e70 0x400868c9:0x3ffb4ea0




ELF file SHA256: fd9199b1e

Rebooting...
[0;32mI (13) boot: ESP-IDF v5.2.2 2nd stage bootloader[0m
[0;32mI (13) boot: compile time Jul 23 2024 21:33:41[0m
[0;32mI (13) boot: Multicore bootloader[0m
[0;32mI (16) boot: chip revision: v3.0[0m
[0;32mI (20) boot.esp32: SPI Speed      : 40MHz[0m
[0;32mI (25) boot.esp32: SPI Mode       : DIO[0m
[0;32mI (29) boot.esp32: SPI Flash Size : 2MB[0m
[0;32mI (34) boot: Enabling RNG early entropy source...[0m
[0;32mI (39) boot: Partition Table:[0m
[0;32mI (43) boot: ## Label            Usage          Type ST Offset   Length[0m
[0;32mI (50) boot:  0 nvs              WiFi data        01 02 00009000 00006000[0m
[0;32mI (57) boot:  1 phy_init         RF data          01 01 0000f000 00001000[0m
[0;32mI (65) boot:  2 factory          factory app      00 00 00010000 00100000[0m
[0;32mI (72) boot: End of partition table[0m
[0;32mI (77) esp_image: segment 0: paddr=00010020 vaddr=3f400020 size=0b134h ( 45364) map[0m
[0;32mI (101) esp_image: segment 1: paddr=0001b15c vaddr=3ffb0000 size=022a4h (  8868) load[0m
[0;32mI (104) esp_image: segment 2: paddr=0001d408 vaddr=40080000 size=02c10h ( 11280) load[0m
[0;32mI (111) esp_image: segment 3: paddr=00020020 vaddr=400d0020 size=16358h ( 90968) map[0m
[0;32mI (146) esp_image: segment 4: paddr=00036380 vaddr=40082c10 size=0ab1ch ( 43804) load[0m
[0;32mI (170) boot: Loaded app from partition at offset 0x10000[0m
[0;32mI (170) boot: Disabling RNG early entropy source...[0m
[0;32mI (182) cpu_start: Multicore app[0m
[0;32mI (190) cpu_start: Pro cpu start user code[0m
[0;32mI (191) cpu_start: cpu freq: 160000000 Hz[0m
[0;32mI (191) cpu_start: Application information:[0m
[0;32mI (194) cpu_start: Project name:     step_motor[0m
[0;32mI (199) cpu_start: App version:      f2f43e1[0m
[0;32mI (204) cpu_start: Compile time:     Jul 23 2024 21:33:35[0m
[0;32mI (210) cpu_start: ELF file SHA256:  fd9199b1e...[0m
[0;32mI (215) cpu_start: ESP-IDF:          v5.2.2[0m
[0;32mI (220) cpu_start: Min chip rev:     v0.0[0m
[0;32mI (225) cpu_start: Max chip rev:     v3.99 [0m
[0;32mI (230) cpu_start: Chip rev:         v3.0[0m
[0;32mI (235) heap_init: Initializing. RAM available for dynamic allocation:[0m
[0;32mI (242) heap_init: At 3FFAE6E0 len 00001920 (6 KiB): DRAM[0m
[0;32mI (248) heap_init: At 3FFB2B70 len 0002D490 (181 KiB): DRAM[0m
[0;32mI (254) heap_init: At 3FFE0440 len 00003AE0 (14 KiB): D/IRAM[0m
[0;32mI (260) heap_init: At 3FFE4350 len 0001BCB0 (111 KiB): D/IRAM[0m
[0;32mI (267) heap_init: At 4008D72C len 000128D4 (74 KiB): IRAM[0m
[0;32mI (274) spi_flash: detected chip: generic[0m
[0;32mI (277) spi_flash: flash io: dio[0m
[0;33mW (281) spi_flash: Detected size(4096k) larger than the size in the binary image header(2048k). Using the size in the binary image header.[0m
[0;32mI (295) main_task: Started on CPU0[0m
[0;32mI (305) main_task: Calling app_main()[0m
[0;32mI (305) example: Initialize EN + DIR GPIO[0m
[0;32mI (305) gpio: GPIO[0]| InputEn: 0| OutputEn: 1| OpenDrain: 0| Pullup: 0| Pulldown: 0| Intr:0 [0m
[0;32mI (315) gpio: GPIO[2]| InputEn: 0| OutputEn: 1| OpenDrain: 0| Pullup: 0| Pulldown: 0| Intr:0 [0m
[0;32mI (325) example: Create RMT TX channel[0m
[0;32mI (325) gpio: GPIO[4]| InputEn: 0| OutputEn: 1| OpenDrain: 0| Pullup: 1| Pulldown: 0| Intr:0 [0m
[0;32mI (335) example: Set spin direction[0m
[0;32mI (335) example: Enable step motor[0m
[0;32mI (345) example: Create motor encoders[0m
[0;32mI (345) example: Enable RMT channel[0m
[0;32mI (355) example: Spin motor for 6000 steps: 500 accel + 5000 uniform + 500 decel[0m
[0;31mE (355) rmt: rmt_transmit(491): loop count is not supported[0m
ESP_ERROR_CHECK failed: esp_err_t 0x106 (ESP_ERR_NOT_SUPPORTED) at 0x400d58e6
file: "./main/stepper_motor_example_main.c" line 96
func: app_main
expression: rmt_transmit(motor_chan, uniform_motor_encoder, &uniform_speed_hz, sizeof(uniform_speed_hz), &tx_config)

abort() was called at PC 0x40085e17 on core 0


Backtrace: 0x4008162e:0x3ffb4d00 0x40085e21:0x3ffb4d20 0x4008c071:0x3ffb4d40 0x40085e17:0x3ffb4db0 0x400d58e6:0x3ffb4de0 0x400e5ac4:0x3ffb4e70 0x400868c9:0x3ffb4ea0




ELF file SHA256: fd9199b1e

Rebooting...
[0;32mI (13) boot: ESP-IDF v5.2.2 2nd stage bootloader[0m
[0;32mI (13) boot: compile time Jul 23 2024 21:33:41[0m
[0;32mI (13) boot: Multicore bootloader[0m
[0;32mI (16) boot: chip revision: v3.0[0m
[0;32mI (20) boot.esp32: SPI Speed      : 40MHz[0m
[0;32mI (25) boot.esp32: SPI Mode       : DIO[0m
[0;32mI (29) boot.esp32: SPI Flash Size : 2MB[0m
[0;32mI (34) boot: Enabling RNG early entropy source...[0m
[0;32mI (39) boot: Partition Table:[0m
[0;32mI (43) boot: ## Label            Usage          Type ST Offset   Length[0m
[0;32mI (50) boot:  0 nvs              WiFi data        01 02 00009000 00006000[0m
[0;32mI (57) boot:  1 phy_init         RF data          01 01 0000f000 00001000[0m
[0;32mI (65) boot:  2 factory          factory app      00 00 00010000 00100000[0m
[0;32mI (72) boot: End of partition table[0m
[0;32mI (77) esp_image: segment 0: paddr=00010020 vaddr=3f400020 size=0b134h ( 45364) map[0m
[0;32mI (101) esp_image: segment 1: paddr=0001b15c vaddr=3ffb0000 size=022a4h (  8868) load[0m
[0;32mI (104) esp_image: segment 2: paddr=0001d408 vaddr=40080000 size=02c10h ( 11280) load[0m
[0;32mI (111) esp_image: segment 3: paddr=00020020 vaddr=400d0020 size=16358h ( 90968) map[0m
[0;32mI (146) esp_image: segment 4: paddr=00036380 vaddr=40082c10 size=0ab1ch ( 43804) load[0m
[0;32mI (170) boot: Loaded app from partition at offset 0x10000[0m
[0;32mI (170) boot: Disabling RNG early entropy source...[0m
[0;32mI (182) cpu_start: Multicore app[0m
[0;32mI (190) cpu_start: Pro cpu start user code[0m
[0;32mI (191) cpu_start: cpu freq: 160000000 Hz[0m
[0;32mI (191) cpu_start: Application information:[0m
[0;32mI (194) cpu_start: Project name:     step_motor[0m
[0;32mI (199) cpu_start: App version:      f2f43e1[0m
[0;32mI (204) cpu_start: Compile time:     Jul 23 2024 21:33:35[0m
[0;32mI (210) cpu_start: ELF file SHA256:  fd9199b1e...[0m
[0;32mI (215) cpu_start: ESP-IDF:          v5.2.2[0m
[0;32mI (220) cpu_start: Min chip rev:     v0.0[0m
[0;32mI (225) cpu_start: Max chip rev:     v3.99 [0m
[0;32mI (230) cpu_start: Chip rev:         v3.0[0m
[0;32mI (235) heap_init: Initializing. RAM available for dynamic allocation:[0m
[0;32mI (242) heap_init: At 3FFAE6E0 len 00001920 (6 KiB): DRAM[0m
[0;32mI (248) heap_init: At 3FFB2B70 len 0002D490 (181 KiB): DRAM[0m
[0;32mI (254) heap_init: At 3FFE0440 len 00003AE0 (14 KiB): D/IRAM[0m
[0;32mI (260) heap_init: At 3FFE4350 len 0001BCB0 (111 KiB): D/IRAM[0m
[0;32mI (267) heap_init: At 4008D72C len 000128D4 (74 KiB): IRAM[0m
[0;32mI (274) spi_flash: detected chip: generic[0m
[0;32mI (277) spi_flash: flash io: dio[0m
[0;33mW (281) spi_flash: Detected size(4096k) larger than the size in the binary image header(2048k). Using the size in the binary image header.[0m
[0;32mI (295) main_task: Started on CPU0[0m
[0;32mI (305) main_task: Calling app_main()[0m
[0;32mI (305) example: Initialize EN + DIR GPIO[0m
[0;32mI (305) gpio: GPIO[0]| InputEn: 0| OutputEn: 1| OpenDrain: 0| Pullup: 0| Pulldown: 0| Intr:0 [0m
[0;32mI (315) gpio: GPIO[2]| InputEn: 0| OutputEn: 1| OpenDrain: 0| Pullup: 0| Pulldown: 0| Intr:0 [0m
[0;32mI (325) example: Create RMT TX channel[0m
[0;32mI (325) gpio: GPIO[4]| InputEn: 0| OutputEn: 1| OpenDrain: 0| Pullup: 1| Pulldown: 0| Intr:0 [0m
[0;32mI (335) example: Set spin direction[0m
[0;32mI (335) example: Enable step motor[0m
[0;32mI (345) example: Create motor encoders[0m
[0;32mI (345) example: Enable RMT channel[0m
[0;32mI (355) example: Spin motor for 6000 steps: 500 accel + 5000 uniform + 500 decel[0m
[0;31mE (355) rmt: rmt_transmit(491): loop count is not supported[0m
ESP_ERROR_CHECK failed: esp_err_t 0x106 (ESP_ERR_NOT_SUPPORTED) at 0x400d58e6
file: "./main/stepper_motor_example_main.c" line 96
func: app_main
expression: rmt_transmit(motor_chan, uniform_motor_encoder, &uniform_speed_hz, sizeof(uniform_speed_hz), &tx_config)

abort() was called at PC 0x40085e17 on core 0


Backtrace: 0x4008162e:0x3ffb4d00 0x40085e21:0x3ffb4d20 0x4008c071:0x3ffb4d40 0x40085e17:0x3ffb4db0 0x400d58e6:0x3ffb4de0 0x400e5ac4:0x3ffb4e70 0x400868c9:0x3ffb4ea0




ELF file SHA256: fd9199b1e

Rebooting...
[0;32mI (13) boot: ESP-IDF v5.2.2 2nd stage bootloader[0m
[0;32mI (13) boot: compile time Jul 23 2024 21:33:41[0m
[0;32mI (13) boot: Multicore bootloader[0m
[0;32mI (16) boot: chip revision: v3.0[0m
[0;32mI (20) boot.esp32: SPI Speed      : 40MHz[0m
[0;32mI (25) boot.esp32: SPI Mode       : DIO[0m
[0;32mI (29) boot.esp32: SPI Flash Size : 2MB[0m
[0;32mI (34) boot: Enabling RNG early entropy source...[0m
[0;32mI (39) boot: Partition Table:[0m
[0;32mI (43) boot: ## Label            Usage          Type ST Offset   Length[0m
[0;32mI (50) boot:  0 nvs              WiFi data        01 02 00009000 00006000[0m
[0;32mI (57) boot:  1 phy_init         RF data          01 01 0000f000 00001000[0m
[0;32mI (65) boot:  2 factory          factory app      00 00 00010000 00100000[0m
[0;32mI (72) boot: End of partition table[0m
[0;32mI (77) esp_image: segment 0: paddr=00010020 vaddr=3f400020 size=0b134h ( 45364) map[0m
[0;32mI (101) esp_image: segment 1: paddr=0001b15c vaddr=3ffb0000 size=022a4h (  8868) load[0m
[0;32mI (104) esp_image: segment 2: paddr=0001d408 vaddr=40080000 size=02c10h ( 11280) load[0m
[0;32mI (111) esp_image: segment 3: paddr=00020020 vaddr=400d0020 size=16358h ( 90968) map[0m
[0;32mI (146) esp_image: segment 4: paddr=00036380 vaddr=40082c10 size=0ab1ch ( 43804) load[0m
[0;32mI (170) boot: Loaded app from partition at offset 0x10000[0m
[0;32mI (170) boot: Disabling RNG early entropy source...[0m
[0;32mI (182) cpu_start: Multicore app[0m
[0;32mI (190) cpu_start: Pro cpu start user code[0m
[0;32mI (191) cpu_start: cpu freq: 160000000 Hz[0m
[0;32mI (191) cpu_start: Application information:[0m
[0;32mI (194) cpu_start: Project name:     step_motor[0m
[0;32mI (199) cpu_start: App version:      f2f43e1[0m
[0;32mI (204) cpu_start: Compile time:     Jul 23 2024 21:33:35[0m
[0;32mI (210) cpu_start: ELF file SHA256:  fd9199b1e...[0m
[0;32mI (215) cpu_start: ESP-IDF:          v5.2.2[0m
[0;32mI (220) cpu_start: Min chip rev:     v0.0[0m
[0;32mI (225) cpu_start: Max chip rev:     v3.99 [0m
[0;32mI (230) cpu_start: Chip rev:         v3.0[0m
[0;32mI (235) heap_init: Initializing. RAM available for dynamic allocation:[0m
[0;32mI (242) heap_init: At 3FFAE6E0 len 00001920 (6 KiB): DRAM[0m
[0;32mI (248) heap_init: At 3FFB2B70 len 0002D490 (181 KiB): DRAM[0m
[0;32mI (254) heap_init: At 3FFE0440 len 00003AE0 (14 KiB): D/IRAM[0m
[0;32mI (260) heap_init: At 3FFE4350 len 0001BCB0 (111 KiB): D/IRAM[0m
[0;32mI (267) heap_init: At 4008D72C len 000128D4 (74 KiB): IRAM[0m
[0;32mI (274) spi_flash: detected chip: generic[0m
[0;32mI (277) spi_flash: flash io: dio[0m
[0;33mW (281) spi_flash: Detected size(4096k) larger than the size in the binary image header(2048k). Using the size in the binary image header.[0m
[0;32mI (295) main_task: Started on CPU0[0m
[0;32mI (305) main_task: Calling app_main()[0m
[0;32mI (305) example: Initialize EN + DIR GPIO[0m
[0;32mI (305) gpio: GPIO[0]| InputEn: 0| OutputEn: 1| OpenDrain: 0| Pullup: 0| Pulldown: 0| Intr:0 [0m
[0;32mI (315) gpio: GPIO[2]| InputEn: 0| OutputEn: 1| OpenDrain: 0| Pullup: 0| Pulldown: 0| Intr:0 [0m
[0;32mI (325) example: Create RMT TX channel[0m
[0;32mI (325) gpio: GPIO[4]| InputEn: 0| OutputEn: 1| OpenDrain: 0| Pullup: 1| Pulldown: 0| Intr:0 [0m
[0;32mI (335) example: Set spin direction[0m
[0;32mI (335) example: Enable step motor[0m
[0;32mI (345) example: Create motor encoders[0m
[0;32mI (345) example: Enable RMT channel[0m
[0;32mI (355) example: Spin motor for 6000 steps: 500 accel + 5000 uniform + 500 decel[0m
[0;31mE (355) rmt: rmt_transmit(491): loop count is not supported[0m
ESP_ERROR_CHECK failed: esp_err_t 0x106 (ESP_ERR_NOT_SUPPORTED) at 0x400d58e6
file: "./main/stepper_motor_example_main.c" line 96
func: app_main
expression: rmt_transmit(motor_chan, uniform_motor_encoder, &uniform_speed_hz, sizeof(uniform_speed_hz), &tx_config)

abort() was called at PC 0x40085e17 on core 0


Backtrace: 0x4008162e:0x3ffb4d00 0x40085e21:0x3ffb4d20 0x4008c071:0x3ffb4d40 0x40085e17:0x3ffb4db0 0x400d58e6:0x3ffb4de0 0x400e5ac4:0x3ffb4e70 0x400868c9:0x3ffb4ea0




ELF file SHA256: fd9199b1e

Rebooting...
[0;32mI (13) boot: ESP-IDF v5.2.2 2nd stage bootloader[0m
[0;32mI (13) boot: compile time Jul 23 2024 21:33:41[0m
[0;32mI (13) boot: Multicore bootloader[0m
[0;32mI (16) boot: chip revision: v3.0[0m
[0;32mI (20) boot.esp32: SPI Speed      : 40MHz[0m
[0;32mI (25) boot.esp32: SPI Mode       : DIO[0m
[0;32mI (29) boot.esp32: SPI Flash Size : 2MB[0m
[0;32mI (34) boot: Enabling RNG early entropy source...[0m
[0;32mI (39) boot: Partition Table:[0m
[0;32mI (43) boot: ## Label            Usage          Type ST Offset   Length[0m
[0;32mI (50) boot:  0 nvs              WiFi data        01 02 00009000 00006000[0m
[0;32mI (57) boot:  1 phy_init         RF data          01 01 0000f000 00001000[0m
[0;32mI (65) boot:  2 factory          factory app      00 00 00010000 00100000[0m
[0;32mI (72) boot: End of partition table[0m
[0;32mI (77) esp_image: segment 0: paddr=00010020 vaddr=3f400020 size=0b134h ( 45364) map[0m
[0;32mI (101) esp_image: segment 1: paddr=0001b15c vaddr=3ffb0000 size=022a4h (  8868) load[0m
[0;32mI (104) esp_image: segment 2: paddr=0001d408 vaddr=40080000 size=02c10h ( 11280) load[0m
[0;32mI (111) esp_image: segment 3: paddr=00020020 vaddr=400d0020 size=16358h ( 90968) map[0m
[0;32mI (146) esp_image: segment 4: paddr=00036380 vaddr=40082c10 size=0ab1ch ( 43804) load[0m
[0;32mI (170) boot: Loaded app from partition at offset 0x10000[0m
[0;32mI (170) boot: Disabling RNG early entropy source...[0m
[0;32mI (182) cpu_start: Multicore app[0m
[0;32mI (190) cpu_start: Pro cpu start user code[0m
[0;32mI (191) cpu_start: cpu freq: 160000000 Hz[0m
[0;32mI (191) cpu_start: Application information:[0m
[0;32mI (194) cpu_start: Project name:     step_motor[0m
[0;32mI (199) cpu_start: App version:      f2f43e1[0m
[0;32mI (204) cpu_start: Compile time:     Jul 23 2024 21:33:35[0m
[0;32mI (210) cpu_start: ELF file SHA256:  fd9199b1e...[0m
[0;32mI (215) cpu_start: ESP-IDF:          v5.2.2[0m
[0;32mI (220) cpu_start: Min chip rev:     v0.0[0m
[0;32mI (225) cpu_start: Max chip rev:     v3.99 [0m
[0;32mI (230) cpu_start: Chip rev:         v3.0[0m
[0;32mI (235) heap_init: Initializing. RAM available for dynamic allocation:[0m
[0;32mI (242) heap_init: At 3FFAE6E0 len 00001920 (6 KiB): DRAM[0m
[0;32mI (248) heap_init: At 3FFB2B70 len 0002D490 (181 KiB): DRAM[0m
[0;32mI (254) heap_init: At 3FFE0440 len 00003AE0 (14 KiB): D/IRAM[0m
[0;32mI (260) heap_init: At 3FFE4350 len 0001BCB0 (111 KiB): D/IRAM[0m
[0;32mI (267) heap_init: At 4008D72C len 000128D4 (74 KiB): IRAM[0m
[0;32mI (274) spi_flash: detected chip: generic[0m
[0;32mI (277) spi_flash: flash io: dio[0m
[0;33mW (281) spi_flash: Detected size(4096k) larger than the size in the binary image header(2048k). Using the size in the binary image header.[0m
[0;32mI (295) main_task: Started on CPU0[0m
[0;32mI (305) main_task: Calling app_main()[0m
[0;32mI (305) example: Initialize EN + DIR GPIO[0m
[0;32mI (305) gpio: GPIO[0]| InputEn: 0| OutputEn: 1| OpenDrain: 0| Pullup: 0| Pulldown: 0| Intr:0 [0m
[0;32mI (315) gpio: GPIO[2]| InputEn: 0| OutputEn: 1| OpenDrain: 0| Pullup: 0| Pulldown: 0| Intr:0 [0m
[0;32mI (325) example: Create RMT TX channel[0m
[0;32mI (325) gpio: GPIO[4]| InputEn: 0| OutputEn: 1| OpenDrain: 0| Pullup: 1| Pulldown: 0| Intr:0 [0m
[0;32mI (335) example: Set spin direction[0m
[0;32mI (335) example: Enable step motor[0m
[0;32mI (345) example: Create motor encoders[0m
[0;32mI (345) example: Enable RMT channel[0m
[0;32mI (355) example: Spin motor for 6000 steps: 500 accel + 5000 uniform + 500 decel[0m
[0;31mE (355) rmt: rmt_transmit(491): loop count is not supported[0m
ESP_ERROR_CHECK failed: esp_err_t 0x106 (ESP_ERR_NOT_SUPPORTED) at 0x400d58e6
file: "./main/stepper_motor_example_main.c" line 96
func: app_main
expression: rmt_transmit(motor_chan, uniform_motor_encoder, &uniform_speed_hz, sizeof(uniform_speed_hz), &tx_config)

abort() was called at PC 0x40085e17 on core 0


Backtrace: 0x4008162e:0x3ffb4d00 0x40085e21:0x3ffb4d20 0x4008c071:0x3ffb4d40 0x40085e17:0x3ffb4db0 0x400d58e6:0x3ffb4de0 0x400e5ac4:0x3ffb4e70 0x400868c9:0x3ffb4ea0




ELF file SHA256: fd9199b1e

Rebooting...
[0;32mI (13) boot: ESP-IDF v5.2.2 2nd stage bootloader[0m
[0;32mI (13) boot: compile time Jul 23 2024 21:33:41[0m
[0;32mI (13) boot: Multicore bootloader[0m
[0;32mI (16) boot: chip revision: v3.0[0m
[0;32mI (20) boot.esp32: SPI Speed      : 40MHz[0m
[0;32mI (25) boot.esp32: SPI Mode       : DIO[0m
[0;32mI (29) boot.esp32: SPI Flash Size : 2MB[0m
[0;32mI (34) boot: Enabling RNG early entropy source...[0m
[0;32mI (39) boot: Partition Table:[0m
[0;32mI (43) boot: ## Label            Usage          Type ST Offset   Length[0m
[0;32mI (50) boot:  0 nvs              WiFi data        01 02 00009000 00006000[0m
[0;32mI (57) boot:  1 phy_init         RF data          01 01 0000f000 00001000[0m
[0;32mI (65) boot:  2 factory          factory app      00 00 00010000 00100000[0m
[0;32mI (72) boot: End of partition table[0m
[0;32mI (77) esp_image: segment 0: paddr=00010020 vaddr=3f400020 size=0b134h ( 45364) map[0m
[0;32mI (101) esp_image: segment 1: paddr=0001b15c vaddr=3ffb0000 size=022a4h (  8868) load[0m
[0;32mI (104) esp_image: segment 2: paddr=0001d408 vaddr=40080000 size=02c10h ( 11280) load[0m
[0;32mI (111) esp_image: segment 3: paddr=00020020 vaddr=400d0020 size=16358h ( 90968) map[0m
[0;32mI (146) esp_image: segment 4: paddr=00036380 vaddr=40082c10 size=0ab1ch ( 43804) load[0m
[0;32mI (170) boot: Loaded app from partition at offset 0x10000[0m
[0;32mI (170) boot: Disabling RNG early entropy source...[0m
[0;32mI (182) cpu_start: Multicore app[0m
[0;32mI (190) cpu_start: Pro cpu start user code[0m
[0;32mI (191) cpu_start: cpu freq: 160000000 Hz[0m
[0;32mI (191) cpu_start: Application information:[0m
[0;32mI (194) cpu_start: Project name:     step_motor[0m
[0;32mI (199) cpu_start: App version:      f2f43e1[0m
[0;32mI (204) cpu_start: Compile time:     Jul 23 2024 21:33:35[0m
[0;32mI (210) cpu_start: ELF file SHA256:  fd9199b1e...[0m
[0;32mI (215) cpu_start: ESP-IDF:          v5.2.2[0m
[0;32mI (220) cpu_start: Min chip rev:     v0.0[0m
[0;32mI (225) cpu_start: Max chip rev:     v3.99 [0m
[0;32mI (230) cpu_start: Chip rev:         v3.0[0m
[0;32mI (235) heap_init: Initializing. RAM available for dynamic allocation:[0m
[0;32mI (242) heap_init: At 3FFAE6E0 len 00001920 (6 KiB): DRAM[0m
[0;32mI (248) heap_init: At 3FFB2B70 len 0002D490 (181 KiB): DRAM[0m
[0;32mI (254) heap_init: At 3FFE0440 len 00003AE0 (14 KiB): D/IRAM[0m
[0;32mI (260) heap_init: At 3FFE4350 len 0001BCB0 (111 KiB): D/IRAM[0m
[0;32mI (267) heap_init: At 4008D72C len 000128D4 (74 KiB): IRAM[0m
[0;32mI (274) spi_flash: detected chip: generic[0m
[0;32mI (277) spi_flash: flash io: dio[0m
[0;33mW (281) spi_flash: Detected size(4096k) larger than the size in the binary image header(2048k). Using the size in the binary image header.[0m
[0;32mI (295) main_task: Started on CPU0[0m
[0;32mI (305) main_task: Calling app_main()[0m
[0;32mI (305) example: Initialize EN + DIR GPIO[0m
[0;32mI (305) gpio: GPIO[0]| InputEn: 0| OutputEn: 1| OpenDrain: 0| Pullup: 0| Pulldown: 0| Intr:0 [0m
[0;32mI (315) gpio: GPIO[2]| InputEn: 0| OutputEn: 1| OpenDrain: 0| Pullup: 0| Pulldown: 0| Intr:0 [0m
[0;32mI (325) example: Create RMT TX channel[0m
[0;32mI (325) gpio: GPIO[4]| InputEn: 0| OutputEn: 1| OpenDrain: 0| Pullup: 1| Pulldown: 0| Intr:0 [0m
[0;32mI (335) example: Set spin direction[0m
[0;32mI (335) example: Enable step motor[0m
[0;32mI (345) example: Create motor encoders[0m
[0;32mI (345) example: Enable RMT channel[0m
[0;32mI (355) example: Spin motor for 6000 steps: 500 accel + 5000 uniform + 500 decel[0m
[0;31mE (355) rmt: rmt_transmit(491): loop count is not supported[0m
ESP_ERROR_CHECK failed: esp_err_t 0x106 (ESP_ERR_NOT_SUPPORTED) at 0x400d58e6
file: "./main/stepper_motor_example_main.c" line 96
func: app_main
expression: rmt_transmit(motor_chan, uniform_motor_encoder, &uniform_speed_hz, sizeof(uniform_speed_hz), &tx_config)

abort() was called at PC 0x40085e17 on core 0


Backtrace: 0x4008162e:0x3ffb4d00 0x40085e21:0x3ffb4d20 0x4008c071:0x3ffb4d40 0x40085e17:0x3ffb4db0 0x400d58e6:0x3ffb4de0 0x400e5ac4:0x3ffb4e70 0x400868c9:0x3ffb4ea0




ELF file SHA256: fd9199b1e

Rebooting...
[0;32mI (13) boot: ESP-IDF v5.2.2 2nd stage bootloader[0m
[0;32mI (13) boot: compile time Jul 23 2024 21:33:41[0m
[0;32mI (13) boot: Multicore bootloader[0m
[0;32mI (16) boot: chip revision: v3.0[0m
[0;32mI (20) boot.esp32: SPI Speed      : 40MHz[0m
[0;32mI (25) boot.esp32: SPI Mode       : DIO[0m
[0;32mI (29) boot.esp32: SPI Flash Size : 2MB[0m
[0;32mI (34) boot: Enabling RNG early entropy source...[0m
[0;32mI (39) boot: Partition Table:[0m
[0;32mI (43) boot: ## Label            Usage          Type ST Offset   Length[0m
[0;32mI (50) boot:  0 nvs              WiFi data        01 02 00009000 00006000[0m
[0;32mI (57) boot:  1 phy_init         RF data          01 01 0000f000 00001000[0m
[0;32mI (65) boot:  2 factory          factory app      00 00 00010000 00100000[0m
[0;32mI (72) boot: End of partition table[0m
[0;32mI (77) esp_image: segment 0: paddr=00010020 vaddr=3f400020 size=0b134h ( 45364) map[0m
[0;32mI (101) esp_image: segment 1: paddr=0001b15c vaddr=3ffb0000 size=022a4h (  8868) load[0m
[0;32mI (104) esp_image: segment 2: paddr=0001d408 vaddr=40080000 size=02c10h ( 11280) load[0m
[0;32mI (111) esp_image: segment 3: paddr=00020020 vaddr=400d0020 size=16358h ( 90968) map[0m
[0;32mI (146) esp_image: segment 4: paddr=00036380 vaddr=40082c10 size=0ab1ch ( 43804) load[0m
[0;32mI (170) boot: Loaded app from partition at offset 0x10000[0m
[0;32mI (170) boot: Disabling RNG early entropy source...[0m
[0;32mI (182) cpu_start: Multicore app[0m
[0;32mI (190) cpu_start: Pro cpu start user code[0m
[0;32mI (191) cpu_start: cpu freq: 160000000 Hz[0m
[0;32mI (191) cpu_start: Application information:[0m
[0;32mI (194) cpu_start: Project name:     step_motor[0m
[0;32mI (199) cpu_start: App version:      f2f43e1[0m
[0;32mI (204) cpu_start: Compile time:     Jul 23 2024 21:33:35[0m
[0;32mI (210) cpu_start: ELF file SHA256:  fd9199b1e...[0m
[0;32mI (215) cpu_start: ESP-IDF:          v5.2.2[0m
[0;32mI (220) cpu_start: Min chip rev:     v0.0[0m
[0;32mI (225) cpu_start: Max chip rev:     v3.99 [0m
[0;32mI (230) cpu_start: Chip rev:         v3.0[0m
[0;32mI (235) heap_init: Initializing. RAM available for dynamic allocation:[0m
[0;32mI (242) heap_init: At 3FFAE6E0 len 00001920 (6 KiB): DRAM[0m
[0;32mI (248) heap_init: At 3FFB2B70 len 0002D490 (181 KiB): DRAM[0m
[0;32mI (254) heap_init: At 3FFE0440 len 00003AE0 (14 KiB): D/IRAM[0m
[0;32mI (260) heap_init: At 3FFE4350 len 0001BCB0 (111 KiB): D/IRAM[0m
[0;32mI (267) heap_init: At 4008D72C len 000128D4 (74 KiB): IRAM[0m
[0;32mI (274) spi_flash: detected chip: generic[0m
[0;32mI (277) spi_flash: flash io: dio[0m
[0;33mW (281) spi_flash: Detected size(4096k) larger than the size in the binary image header(2048k). Using the size in the binary image header.[0m
[0;32mI (295) main_task: Started on CPU0[0m
[0;32mI (305) main_task: Calling app_main()[0m
[0;32mI (305) example: Initialize EN + DIR GPIO[0m
[0;32mI (305) gpio: GPIO[0]| InputEn: 0| OutputEn: 1| OpenDrain: 0| Pullup: 0| Pulldown: 0| Intr:0 [0m
[0;32mI (315) gpio: GPIO[2]| InputEn: 0| OutputEn: 1| OpenDrain: 0| Pullup: 0| Pulldown: 0| Intr:0 [0m
[0;32mI (325) example: Create RMT TX channel[0m
[0;32mI (325) gpio: GPIO[4]| InputEn: 0| OutputEn: 1| OpenDrain: 0| Pullup: 1| Pulldown: 0| Intr:0 [0m
[0;32mI (335) example: Set spin direction[0m
[0;32mI (335) example: Enable step motor[0m
[0;32mI (345) example: Create motor encoders[0m
[0;32mI (345) example: Enable RMT channel[0m
[0;32mI (355) example: Spin motor for 6000 steps: 500 accel + 5000 uniform + 500 decel[0m
[0;31mE (355) rmt: rmt_transmit(491): loop count is not supported[0m
ESP_ERROR_CHECK failed: esp_err_t 0x106 (ESP_ERR_NOT_SUPPORTED) at 0x400d58e6
file: "./main/stepper_motor_example_main.c" line 96
func: app_main
expression: rmt_transmit(motor_chan, uniform_motor_encoder, &uniform_speed_hz, sizeof(uniform_speed_hz), &tx_config)

abort() was called at PC 0x40085e17 on core 0


Backtrace: 0x4008162e:0x3ffb4d00 0x40085e21:0x3ffb4d20 0x4008c071:0x3ffb4d40 0x40085e17:0x3ffb4db0 0x400d58e6:0x3ffb4de0 0x400e5ac4:0x3ffb4e70 0x400868c9:0x3ffb4ea0




ELF file SHA256: fd9199b1e

Rebooting...
[0;32mI (13) boot: ESP-IDF v5.2.2 2nd stage bootloader[0m
[0;32mI (13) boot: compile time Jul 23 2024 21:33:41[0m
[0;32mI (13) boot: Multicore bootloader[0m
[0;32mI (16) boot: chip revision: v3.0[0m
[0;32mI (20) boot.esp32: SPI Speed      : 40MHz[0m
[0;32mI (25) boot.esp32: SPI Mode       : DIO[0m
[0;32mI (29) boot.esp32: SPI Flash Size : 2MB[0m
[0;32mI (34) boot: Enabling RNG early entropy source...[0m
[0;32mI (39) boot: Partition Table:[0m
[0;32mI (43) boot: ## Label            Usage          Type ST Offset   Length[0m
[0;32mI (50) boot:  0 nvs              WiFi data        01 02 00009000 00006000[0m
[0;32mI (57) boot:  1 phy_init         RF data          01 01 0000f000 00001000[0m
[0;32mI (65) boot:  2 factory          factory app      00 00 00010000 00100000[0m
[0;32mI (72) boot: End of partition table[0m
[0;32mI (77) esp_image: segment 0: paddr=00010020 vaddr=3f400020 size=0b134h ( 45364) map[0m
[0;32mI (101) esp_image: segment 1: paddr=0001b15c vaddr=3ffb0000 size=022a4h (  8868) load[0m
[0;32mI (104) esp_image: segment 2: paddr=0001d408 vaddr=40080000 size=02c10h ( 11280) load[0m
[0;32mI (111) esp_image: segment 3: paddr=00020020 vaddr=400d0020 size=16358h ( 90968) map[0m
[0;32mI (146) esp_image: segment 4: paddr=00036380 vaddr=40082c10 size=0ab1ch ( 43804) load[0m
[0;32mI (170) boot: Loaded app from partition at offset 0x10000[0m
[0;32mI (170) boot: Disabling RNG early entropy source...[0m
[0;32mI (182) cpu_start: Multicore app[0m
[0;32mI (190) cpu_start: Pro cpu start user code[0m
[0;32mI (191) cpu_start: cpu freq: 160000000 Hz[0m
[0;32mI (191) cpu_start: Application information:[0m
[0;32mI (194) cpu_start: Project name:     step_motor[0m
[0;32mI (199) cpu_start: App version:      f2f43e1[0m
[0;32mI (204) cpu_start: Compile time:     Jul 23 2024 21:33:35[0m
[0;32mI (210) cpu_start: ELF file SHA256:  fd9199b1e...[0m
[0;32mI (215) cpu_start: ESP-IDF:          v5.2.2[0m
[0;32mI (220) cpu_start: Min chip rev:     v0.0[0m
[0;32mI (225) cpu_start: Max chip rev:     v3.99 [0m
[0;32mI (230) cpu_start: Chip rev:         v3.0[0m
[0;32mI (235) heap_init: Initializing. RAM available for dynamic allocation:[0m
[0;32mI (242) heap_init: At 3FFAE6E0 len 00001920 (6 KiB): DRAM[0m
[0;32mI (248) heap_init: At 3FFB2B70 len 0002D490 (181 KiB): DRAM[0m
[0;32mI (254) heap_init: At 3FFE0440 len 00003AE0 (14 KiB): D/IRAM[0m
[0;32mI (260) heap_init: At 3FFE4350 len 0001BCB0 (111 KiB): D/IRAM[0m
[0;32mI (267) heap_init: At 4008D72C len 000128D4 (74 KiB): IRAM[0m
[0;32mI (274) spi_flash: detected chip: generic[0m
[0;32mI (277) spi_flash: flash io: dio[0m
[0;33mW (281) spi_flash: Detected size(4096k) larger than the size in the binary image header(2048k). Using the size in the binary image header.[0m
[0;32mI (295) main_task: Started on CPU0[0m
[0;32mI (305) main_task: Calling app_main()[0m
[0;32mI (305) example: Initialize EN + DIR GPIO[0m
[0;32mI (305) gpio: GPIO[0]| InputEn: 0| OutputEn: 1| OpenDrain: 0| Pullup: 0| Pulldown: 0| Intr:0 [0m
[0;32mI (315) gpio: GPIO[2]| InputEn: 0| OutputEn: 1| OpenDrain: 0| Pullup: 0| Pulldown: 0| Intr:0 [0m
[0;32mI (325) example: Create RMT TX channel[0m
[0;32mI (325) gpio: GPIO[4]| InputEn: 0| OutputEn: 1| OpenDrain: 0| Pullup: 1| Pulldown: 0| Intr:0 [0m
[0;32mI (335) example: Set spin direction[0m
[0;32mI (335) example: Enable step motor[0m
[0;32mI (345) example: Create motor encoders[0m
[0;32mI (345) example: Enable RMT channel[0m
[0;32mI (355) example: Spin motor for 6000 steps: 500 accel + 5000 uniform + 500 decel[0m
[0;31mE (355) rmt: rmt_transmit(491): loop count is not supported[0m
ESP_ERROR_CHECK failed: esp_err_t 0x106 (ESP_ERR_NOT_SUPPORTED) at 0x400d58e6
file: "./main/stepper_motor_example_main.c" line 96
func: app_main
expression: rmt_transmit(motor_chan, uniform_motor_encoder, &uniform_speed_hz, sizeof(uniform_speed_hz), &tx_config)

abort() was called at PC 0x40085e17 on core 0


Backtrace: 0x4008162e:0x3ffb4d00 0x40085e21:0x3ffb4d20 0x4008c071:0x3ffb4d40 0x40085e17:0x3ffb4db0 0x400d58e6:0x3ffb4de0 0x400e5ac4:0x3ffb4e70 0x400868c9:0x3ffb4ea0




ELF file SHA256: fd9199b1e

Rebooting...
[0;32mI (13) boot: ESP-IDF v5.2.2 2nd stage bootloader[0m
[0;32mI (13) boot: compile time Jul 23 2024 21:33:41[0m
[0;32mI (13) boot: Multicore bootloader[0m
[0;32mI (16) boot: chip revision: v3.0[0m
[0;32mI (20) boot.esp32: SPI Speed      : 40MHz[0m
[0;32mI (25) boot.esp32: SPI Mode       : DIO[0m
[0;32mI (29) boot.esp32: SPI Flash Size : 2MB[0m
[0;32mI (34) boot: Enabling RNG early entropy source...[0m
[0;32mI (39) boot: Partition Table:[0m
[0;32mI (43) boot: ## Label            Usage          Type ST Offset   Length[0m
[0;32mI (50) boot:  0 nvs              WiFi data        01 02 00009000 00006000[0m
[0;32mI (57) boot:  1 phy_init         RF data          01 01 0000f000 00001000[0m
[0;32mI (65) boot:  2 factory          factory app      00 00 00010000 00100000[0m
[0;32mI (72) boot: End of partition table[0m
[0;32mI (77) esp_image: segment 0: paddr=00010020 vaddr=3f400020 size=0b134h ( 45364) map[0m
[0;32mI (101) esp_image: segment 1: paddr=0001b15c vaddr=3ffb0000 size=022a4h (  8868) load[0m
[0;32mI (104) esp_image: segment 2: paddr=0001d408 vaddr=40080000 size=02c10h ( 11280) load[0m
[0;32mI (111) esp_image: segment 3: paddr=00020020 vaddr=400d0020 size=16358h ( 90968) map[0m
[0;32mI (146) esp_image: segment 4: paddr=00036380 vaddr=40082c10 size=0ab1ch ( 43804) load[0m
[0;32mI (170) boot: Loaded app from partition at offset 0x10000[0m
[0;32mI (170) boot: Disabling RNG early entropy source...[0m
[0;32mI (182) cpu_start: Multicore app[0m
[0;32mI (190) cpu_start: Pro cpu start user code[0m
[0;32mI (191) cpu_start: cpu freq: 160000000 Hz[0m
[0;32mI (191) cpu_start: Application information:[0m
[0;32mI (194) cpu_start: Project name:     step_motor[0m
[0;32mI (199) cpu_start: App version:      f2f43e1[0m
[0;32mI (204) cpu_start: Compile time:     Jul 23 2024 21:33:35[0m
[0;32mI (210) cpu_start: ELF file SHA256:  fd9199b1e...[0m
[0;32mI (215) cpu_start: ESP-IDF:          v5.2.2[0m
[0;32mI (220) cpu_start: Min chip rev:     v0.0[0m
[0;32mI (225) cpu_start: Max chip rev:     v3.99 [0m
[0;32mI (230) cpu_start: Chip rev:         v3.0[0m
[0;32mI (235) heap_init: Initializing. RAM available for dynamic allocation:[0m
[0;32mI (242) heap_init: At 3FFAE6E0 len 00001920 (6 KiB): DRAM[0m
[0;32mI (248) heap_init: At 3FFB2B70 len 0002D490 (181 KiB): DRAM[0m
[0;32mI (254) heap_init: At 3FFE0440 len 00003AE0 (14 KiB): D/IRAM[0m
[0;32mI (260) heap_init: At 3FFE4350 len 0001BCB0 (111 KiB): D/IRAM[0m
[0;32mI (267) heap_init: At 4008D72C len 000128D4 (74 KiB): IRAM[0m
[0;32mI (274) spi_flash: detected chip: generic[0m
[0;32mI (277) spi_flash: flash io: dio[0m
[0;33mW (281) spi_flash: Detected size(4096k) larger than the size in the binary image header(2048k). Using the size in the binary image header.[0m
[0;32mI (295) main_task: Started on CPU0[0m
[0;32mI (305) main_task: Calling app_main()[0m
[0;32mI (305) example: Initialize EN + DIR GPIO[0m
[0;32mI (305) gpio: GPIO[0]| InputEn: 0| OutputEn: 1| OpenDrain: 0| Pullup: 0| Pulldown: 0| Intr:0 [0m
[0;32mI (315) gpio: GPIO[2]| InputEn: 0| OutputEn: 1| OpenDrain: 0| Pullup: 0| Pulldown: 0| Intr:0 [0m
[0;32mI (325) example: Create RMT TX channel[0m
[0;32mI (325) gpio: GPIO[4]| InputEn: 0| OutputEn: 1| OpenDrain: 0| Pullup: 1| Pulldown: 0| Intr:0 [0m
[0;32mI (335) example: Set spin direction[0m
[0;32mI (335) example: Enable step motor[0m
[0;32mI (345) example: Create motor encoders[0m
[0;32mI (345) example: Enable RMT channel[0m
[0;32mI (355) example: Spin motor for 6000 steps: 500 accel + 5000 uniform + 500 decel[0m
[0;31mE (355) rmt: rmt_transmit(491): loop count is not supported[0m
ESP_ERROR_CHECK failed: esp_err_t 0x106 (ESP_ERR_NOT_SUPPORTED) at 0x400d58e6
file: "./main/stepper_motor_example_main.c" line 96
func: app_main
expression: rmt_transmit(motor_chan, uniform_motor_encoder, &uniform_speed_hz, sizeof(uniform_speed_hz), &tx_config)

abort() was called at PC 0x40085e17 on core 0


Backtrace: 0x4008162e:0x3ffb4d00 0x40085e21:0x3ffb4d20 0x4008c071:0x3ffb4d40 0x40085e17:0x3ffb4db0 0x400d58e6:0x3ffb4de0 0x400e5ac4:0x3ffb4e70 0x400868c9:0x3ffb4ea0




ELF file SHA256: fd9199b1e

Rebooting...
[0;32mI (13) boot: ESP-IDF v5.2.2 2nd stage bootloader[0m
[0;32mI (13) boot: compile time Jul 23 2024 21:33:41[0m
[0;32mI (13) boot: Multicore bootloader[0m
[0;32mI (16) boot: chip revision: v3.0[0m
[0;32mI (20) boot.esp32: SPI Speed      : 40MHz[0m
[0;32mI (25) boot.esp32: SPI Mode       : DIO[0m
[0;32mI (29) boot.esp32: SPI Flash Size : 2MB[0m
[0;32mI (34) boot: Enabling RNG early entropy source...[0m
[0;32mI (39) boot: Partition Table:[0m
[0;32mI (43) boot: ## Label            Usage          Type ST Offset   Length[0m
[0;32mI (50) boot:  0 nvs              WiFi data        01 02 00009000 00006000[0m
[0;32mI (57) boot:  1 phy_init         RF data          01 01 0000f000 00001000[0m
[0;32mI (65) boot:  2 factory          factory app      00 00 00010000 00100000[0m
[0;32mI (72) boot: End of partition table[0m
[0;32mI (77) esp_image: segment 0: paddr=00010020 vaddr=3f400020 size=0b134h ( 45364) map[0m
[0;32mI (101) esp_image: segment 1: paddr=0001b15c vaddr=3ffb0000 size=022a4h (  8868) load[0m
[0;32mI (104) esp_image: segment 2: paddr=0001d408 vaddr=40080000 size=02c10h ( 11280) load[0m
[0;32mI (111) esp_image: segment 3: paddr=00020020 vaddr=400d0020 size=16358h ( 90968) map[0m
[0;32mI (146) esp_image: segment 4: paddr=00036380 vaddr=40082c10 size=0ab1ch ( 43804) load[0m
[0;32mI (170) boot: Loaded app from partition at offset 0x10000[0m
[0;32mI (170) boot: Disabling RNG early entropy source...[0m
[0;32mI (182) cpu_start: Multicore app[0m
[0;32mI (190) cpu_start: Pro cpu start user code[0m
[0;32mI (191) cpu_start: cpu freq: 160000000 Hz[0m
[0;32mI (191) cpu_start: Application information:[0m
[0;32mI (194) cpu_start: Project name:     step_motor[0m
[0;32mI (199) cpu_start: App version:      f2f43e1[0m
[0;32mI (204) cpu_start: Compile time:     Jul 23 2024 21:33:35[0m
[0;32mI (210) cpu_start: ELF file SHA256:  fd9199b1e...[0m
[0;32mI (215) cpu_start: ESP-IDF:          v5.2.2[0m
[0;32mI (220) cpu_start: Min chip rev:     v0.0[0m
[0;32mI (225) cpu_start: Max chip rev:     v3.99 [0m
[0;32mI (230) cpu_start: Chip rev:         v3.0[0m
[0;32mI (235) heap_init: Initializing. RAM available for dynamic allocation:[0m
[0;32mI (242) heap_init: At 3FFAE6E0 len 00001920 (6 KiB): DRAM[0m
[0;32mI (248) heap_init: At 3FFB2B70 len 0002D490 (181 KiB): DRAM[0m
[0;32mI (254) heap_init: At 3FFE0440 len 00003AE0 (14 KiB): D/IRAM[0m
[0;32mI (260) heap_init: At 3FFE4350 len 0001BCB0 (111 KiB): D/IRAM[0m
[0;32mI (267) heap_init: At 4008D72C len 000128D4 (74 KiB): IRAM[0m
[0;32mI (274) spi_flash: detected chip: generic[0m
[0;32mI (277) spi_flash: flash io: dio[0m
[0;33mW (281) spi_flash: Detected size(4096k) larger than the size in the binary image header(2048k). Using the size in the binary image header.[0m
[0;32mI (295) main_task: Started on CPU0[0m
[0;32mI (305) main_task: Calling app_main()[0m
[0;32mI (305) example: Initialize EN + DIR GPIO[0m
[0;32mI (305) gpio: GPIO[0]| InputEn: 0| OutputEn: 1| OpenDrain: 0| Pullup: 0| Pulldown: 0| Intr:0 [0m
[0;32mI (315) gpio: GPIO[2]| InputEn: 0| OutputEn: 1| OpenDrain: 0| Pullup: 0| Pulldown: 0| Intr:0 [0m
[0;32mI (325) example: Create RMT TX channel[0m
[0;32mI (325) gpio: GPIO[4]| InputEn: 0| OutputEn: 1| OpenDrain: 0| Pullup: 1| Pulldown: 0| Intr:0 [0m
[0;32mI (335) example: Set spin direction[0m
[0;32mI (335) example: Enable step motor[0m
[0;32mI (345) example: Create motor encoders[0m
[0;32mI (345) example: Enable RMT channel[0m
[0;32mI (355) example: Spin motor for 6000 steps: 500 accel + 5000 uniform + 500 decel[0m
[0;31mE (355) rmt: rmt_transmit(491): loop count is not supported[0m
ESP_ERROR_CHECK failed: esp_err_t 0x106 (ESP_ERR_NOT_SUPPORTED) at 0x400d58e6
file: "./main/stepper_motor_example_main.c" line 96
func: app_main
expression: rmt_transmit(motor_chan, uniform_motor_encoder, &uniform_speed_hz, sizeof(uniform_speed_hz), &tx_config)

abort() was called at PC 0x40085e17 on core 0


Backtrace: 0x4008162e:0x3ffb4d00 0x40085e21:0x3ffb4d20 0x4008c071:0x3ffb4d40 0x40085e17:0x3ffb4db0 0x400d58e6:0x3ffb4de0 0x400e5ac4:0x3ffb4e70 0x400868c9:0x3ffb4ea0




ELF file SHA256: fd9199b1e

Rebooting...
[0;32mI (13) boot: ESP-IDF v5.2.2 2nd stage bootloader[0m
[0;32mI (13) boot: compile time Jul 23 2024 21:33:41[0m
[0;32mI (13) boot: Multicore bootloader[0m
[0;32mI (16) boot: chip revision: v3.0[0m
[0;32mI (20) boot.esp32: SPI Speed      : 40MHz[0m
[0;32mI (25) boot.esp32: SPI Mode       : DIO[0m
[0;32mI (29) boot.esp32: SPI Flash Size : 2MB[0m
[0;32mI (34) boot: Enabling RNG early entropy source...[0m
[0;32mI (39) boot: Partition Table:[0m
[0;32mI (43) boot: ## Label            Usage          Type ST Offset   Length[0m
[0;32mI (50) boot:  0 nvs              WiFi data        01 02 00009000 00006000[0m
[0;32mI (57) boot:  1 phy_init         RF data          01 01 0000f000 00001000[0m
[0;32mI (65) boot:  2 factory          factory app      00 00 00010000 00100000[0m
[0;32mI (72) boot: End of partition table[0m
[0;32mI (77) esp_image: segment 0: paddr=00010020 vaddr=3f400020 size=0b134h ( 45364) map[0m
[0;32mI (101) esp_image: segment 1: paddr=0001b15c vaddr=3ffb0000 size=022a4h (  8868) load[0m
[0;32mI (104) esp_image: segment 2: paddr=0001d408 vaddr=40080000 size=02c10h ( 11280) load[0m
[0;32mI (111) esp_image: segment 3: paddr=00020020 vaddr=400d0020 size=16358h ( 90968) map[0m
[0;32mI (146) esp_image: segment 4: paddr=00036380 vaddr=40082c10 size=0ab1ch ( 43804) load[0m
[0;32mI (170) boot: Loaded app from partition at offset 0x10000[0m
[0;32mI (170) boot: Disabling RNG early entropy source...[0m
[0;32mI (182) cpu_start: Multicore app[0m
[0;32mI (190) cpu_start: Pro cpu start user code[0m
[0;32mI (191) cpu_start: cpu freq: 160000000 Hz[0m
[0;32mI (191) cpu_start: Application information:[0m
[0;32mI (194) cpu_start: Project name:     step_motor[0m
[0;32mI (199) cpu_start: App version:      f2f43e1[0m
[0;32mI (204) cpu_start: Compile time:     Jul 23 2024 21:33:35[0m
[0;32mI (210) cpu_start: ELF file SHA256:  fd9199b1e...[0m
[0;32mI (215) cpu_start: ESP-IDF:          v5.2.2[0m
[0;32mI (220) cpu_start: Min chip rev:     v0.0[0m
[0;32mI (225) cpu_start: Max chip rev:     v3.99 [0m
[0;32mI (230) cpu_start: Chip rev:         v3.0[0m
[0;32mI (235) heap_init: Initializing. RAM available for dynamic allocation:[0m
[0;32mI (242) heap_init: At 3FFAE6E0 len 00001920 (6 KiB): DRAM[0m
[0;32mI (248) heap_init: At 3FFB2B70 len 0002D490 (181 KiB): DRAM[0m
[0;32mI (254) heap_init: At 3FFE0440 len 00003AE0 (14 KiB): D/IRAM[0m
[0;32mI (260) heap_init: At 3FFE4350 len 0001BCB0 (111 KiB): D/IRAM[0m
[0;32mI (267) heap_init: At 4008D72C len 000128D4 (74 KiB): IRAM[0m
[0;32mI (274) spi_flash: detected chip: generic[0m
[0;32mI (277) spi_flash: flash io: dio[0m
[0;33mW (281) spi_flash: Detected size(4096k) larger than the size in the binary image header(2048k). Using the size in the binary image header.[0m
[0;32mI (295) main_task: Started on CPU0[0m
[0;32mI (305) main_task: Calling app_main()[0m
[0;32mI (305) example: Initialize EN + DIR GPIO[0m
[0;32mI (305) gpio: GPIO[0]| InputEn: 0| OutputEn: 1| OpenDrain: 0| Pullup: 0| Pulldown: 0| Intr:0 [0m
[0;32mI (315) gpio: GPIO[2]| InputEn: 0| OutputEn: 1| OpenDrain: 0| Pullup: 0| Pulldown: 0| Intr:0 [0m
[0;32mI (325) example: Create RMT TX channel[0m
[0;32mI (325) gpio: GPIO[4]| InputEn: 0| OutputEn: 1| OpenDrain: 0| Pullup: 1| Pulldown: 0| Intr:0 [0m
[0;32mI (335) example: Set spin direction[0m
[0;32mI (335) example: Enable step motor[0m
[0;32mI (345) example: Create motor encoders[0m
[0;32mI (345) example: Enable RMT channel[0m
[0;32mI (355) example: Spin motor for 6000 steps: 500 accel + 5000 uniform + 500 decel[0m
[0;31mE (355) rmt: rmt_transmit(491): loop count is not supported[0m
ESP_ERROR_CHECK failed: esp_err_t 0x106 (ESP_ERR_NOT_SUPPORTED) at 0x400d58e6
file: "./main/stepper_motor_example_main.c" line 96
func: app_main
expression: rmt_transmit(motor_chan, uniform_motor_encoder, &uniform_speed_hz, sizeof(uniform_speed_hz), &tx_config)

abort() was called at PC 0x40085e17 on core 0


Backtrace: 0x4008162e:0x3ffb4d00 0x40085e21:0x3ffb4d20 0x4008c071:0x3ffb4d40 0x40085e17:0x3ffb4db0 0x400d58e6:0x3ffb4de0 0x400e5ac4:0x3ffb4e70 0x400868c9:0x3ffb4ea0




ELF file SHA256: fd9199b1e

Rebooting...
[0;32mI (13) boot: ESP-IDF v5.2.2 2nd stage bootloader[0m
[0;32mI (13) boot: compile time Jul 23 2024 21:33:41[0m
[0;32mI (13) boot: Multicore bootloader[0m
[0;32mI (16) boot: chip revision: v3.0[0m
[0;32mI (20) boot.esp32: SPI Speed      : 40MHz[0m
[0;32mI (25) boot.esp32: SPI Mode       : DIO[0m
[0;32mI (29) boot.esp32: SPI Flash Size : 2MB[0m
[0;32mI (34) boot: Enabling RNG early entropy source...[0m
[0;32mI (39) boot: Partition Table:[0m
[0;32mI (43) boot: ## Label            Usage          Type ST Offset   Length[0m
[0;32mI (50) boot:  0 nvs              WiFi data        01 02 00009000 00006000[0m
[0;32mI (57) boot:  1 phy_init         RF data          01 01 0000f000 00001000[0m
[0;32mI (65) boot:  2 factory          factory app      00 00 00010000 00100000[0m
[0;32mI (72) boot: End of partition table[0m
[0;32mI (77) esp_image: segment 0: paddr=00010020 vaddr=3f400020 size=0b134h ( 45364) map[0m
[0;32mI (101) esp_image: segment 1: paddr=0001b15c vaddr=3ffb0000 size=022a4h (  8868) load[0m
[0;32mI (104) esp_image: segment 2: paddr=0001d408 vaddr=40080000 size=02c10h ( 11280) load[0m
[0;32mI (111) esp_image: segment 3: paddr=00020020 vaddr=400d0020 size=16358h ( 90968) map[0m
[0;32mI (146) esp_image: segment 4: paddr=00036380 vaddr=40082c10 size=0ab1ch ( 43804) load[0m
[0;32mI (170) boot: Loaded app from partition at offset 0x10000[0m
[0;32mI (170) boot: Disabling RNG early entropy source...[0m
[0;32mI (182) cpu_start: Multicore app[0m
[0;32mI (190) cpu_start: Pro cpu start user code[0m
[0;32mI (191) cpu_start: cpu freq: 160000000 Hz[0m
[0;32mI (191) cpu_start: Application information:[0m
[0;32mI (194) cpu_start: Project name:     step_motor[0m
[0;32mI (199) cpu_start: App version:      f2f43e1[0m
[0;32mI (204) cpu_start: Compile time:     Jul 23 2024 21:33:35[0m
[0;32mI (210) cpu_start: ELF file SHA256:  fd9199b1e...[0m
[0;32mI (215) cpu_start: ESP-IDF:          v5.2.2[0m
[0;32mI (220) cpu_start: Min chip rev:     v0.0[0m
[0;32mI (225) cpu_start: Max chip rev:     v3.99 [0m
[0;32mI (230) cpu_start: Chip rev:         v3.0[0m
[0;32mI (235) heap_init: Initializing. RAM available for dynamic allocation:[0m
[0;32mI (242) heap_init: At 3FFAE6E0 len 00001920 (6 KiB): DRAM[0m
[0;32mI (248) heap_init: At 3FFB2B70 len 0002D490 (181 KiB): DRAM[0m
[0;32mI (254) heap_init: At 3FFE0440 len 00003AE0 (14 KiB): D/IRAM[0m
[0;32mI (260) heap_init: At 3FFE4350 len 0001BCB0 (111 KiB): D/IRAM[0m
[0;32mI (267) heap_init: At 4008D72C len 000128D4 (74 KiB): IRAM[0m
[0;32mI (274) spi_flash: detected chip: generic[0m
[0;32mI (277) spi_flash: flash io: dio[0m
[0;33mW (281) spi_flash: Detected size(4096k) larger than the size in the binary image header(2048k). Using the size in the binary image header.[0m
[0;32mI (295) main_task: Started on CPU0[0m
[0;32mI (305) main_task: Calling app_main()[0m
[0;32mI (305) example: Initialize EN + DIR GPIO[0m
[0;32mI (305) gpio: GPIO[0]| InputEn: 0| OutputEn: 1| OpenDrain: 0| Pullup: 0| Pulldown: 0| Intr:0 [0m
[0;32mI (315) gpio: GPIO[2]| InputEn: 0| OutputEn: 1| OpenDrain: 0| Pullup: 0| Pulldown: 0| Intr:0 [0m
[0;32mI (325) example: Create RMT TX channel[0m
[0;32mI (325) gpio: GPIO[4]| InputEn: 0| OutputEn: 1| OpenDrain: 0| Pullup: 1| Pulldown: 0| Intr:0 [0m
[0;32mI (335) example: Set spin direction[0m
[0;32mI (335) example: Enable step motor[0m
[0;32mI (345) example: Create motor encoders[0m
[0;32mI (345) example: Enable RMT channel[0m
[0;32mI (355) example: Spin motor for 6000 steps: 500 accel + 5000 uniform + 500 decel[0m
[0;31mE (355) rmt: rmt_transmit(491): loop count is not supported[0m
ESP_ERROR_CHECK failed: esp_err_t 0x106 (ESP_ERR_NOT_SUPPORTED) at 0x400d58e6
file: "./main/stepper_motor_example_main.c" line 96
func: app_main
expression: rmt_transmit(motor_chan, uniform_motor_encoder, &uniform_speed_hz, sizeof(uniform_speed_hz), &tx_config)

abort() was called at PC 0x40085e17 on core 0


Backtrace: 0x4008162e:0x3ffb4d00 0x40085e21:0x3ffb4d20 0x4008c071:0x3ffb4d40 0x40085e17:0x3ffb4db0 0x400d58e6:0x3ffb4de0 0x400e5ac4:0x3ffb4e70 0x400868c9:0x3ffb4ea0




ELF file SHA256: fd9199b1e

Rebooting...
[0;32mI (13) boot: ESP-IDF v5.2.2 2nd stage bootloader[0m
[0;32mI (13) boot: compile time Jul 23 2024 21:33:41[0m
[0;32mI (13) boot: Multicore bootloader[0m
[0;32mI (16) boot: chip revision: v3.0[0m
[0;32mI (20) boot.esp32: SPI Speed      : 40MHz[0m
[0;32mI (25) boot.esp32: SPI Mode       : DIO[0m
[0;32mI (29) boot.esp32: SPI Flash Size : 2MB[0m
[0;32mI (34) boot: Enabling RNG early entropy source...[0m
[0;32mI (39) boot: Partition Table:[0m
[0;32mI (43) boot: ## Label            Usage          Type ST Offset   Length[0m
[0;32mI (50) boot:  0 nvs              WiFi data        01 02 00009000 00006000[0m
[0;32mI (57) boot:  1 phy_init         RF data          01 01 0000f000 00001000[0m
[0;32mI (65) boot:  2 factory          factory app      00 00 00010000 00100000[0m
[0;32mI (72) boot: End of partition table[0m
[0;32mI (77) esp_image: segment 0: paddr=00010020 vaddr=3f400020 size=0b134h ( 45364) map[0m
[0;32mI (101) esp_image: segment 1: paddr=0001b15c vaddr=3ffb0000 size=022a4h (  8868) load[0m
[0;32mI (104) esp_image: segment 2: paddr=0001d408 vaddr=40080000 size=02c10h ( 11280) load[0m
[0;32mI (111) esp_image: segment 3: paddr=00020020 vaddr=400d0020 size=16358h ( 90968) map[0m
[0;32mI (146) esp_image: segment 4: paddr=00036380 vaddr=40082c10 size=0ab1ch ( 43804) load[0m
[0;32mI (170) boot: Loaded app from partition at offset 0x10000[0m
[0;32mI (170) boot: Disabling RNG early entropy source...[0m
[0;32mI (182) cpu_start: Multicore app[0m
[0;32mI (190) cpu_start: Pro cpu start user code[0m
[0;32mI (191) cpu_start: cpu freq: 160000000 Hz[0m
[0;32mI (191) cpu_start: Application information:[0m
[0;32mI (194) cpu_start: Project name:     step_motor[0m
[0;32mI (199) cpu_start: App version:      f2f43e1[0m
[0;32mI (204) cpu_start: Compile time:     Jul 23 2024 21:33:35[0m
[0;32mI (210) cpu_start: ELF file SHA256:  fd9199b1e...[0m
[0;32mI (215) cpu_start: ESP-IDF:          v5.2.2[0m
[0;32mI (220) cpu_start: Min chip rev:     v0.0[0m
[0;32mI (225) cpu_start: Max chip rev:     v3.99 [0m
[0;32mI (230) cpu_start: Chip rev:         v3.0[0m
[0;32mI (235) heap_init: Initializing. RAM available for dynamic allocation:[0m
[0;32mI (242) heap_init: At 3FFAE6E0 len 00001920 (6 KiB): DRAM[0m
[0;32mI (248) heap_init: At 3FFB2B70 len 0002D490 (181 KiB): DRAM[0m
[0;32mI (254) heap_init: At 3FFE0440 len 00003AE0 (14 KiB): D/IRAM[0m
[0;32mI (260) heap_init: At 3FFE4350 len 0001BCB0 (111 KiB): D/IRAM[0m
[0;32mI (267) heap_init: At 4008D72C len 000128D4 (74 KiB): IRAM[0m
[0;32mI (274) spi_flash: detected chip: generic[0m
[0;32mI (277) spi_flash: flash io: dio[0m
[0;33mW (281) spi_flash: Detected size(4096k) larger than the size in the binary image header(2048k). Using the size in the binary image header.[0m
[0;32mI (295) main_task: Started on CPU0[0m
[0;32mI (305) main_task: Calling app_main()[0m
[0;32mI (305) example: Initialize EN + DIR GPIO[0m
[0;32mI (305) gpio: GPIO[0]| InputEn: 0| OutputEn: 1| OpenDrain: 0| Pullup: 0| Pulldown: 0| Intr:0 [0m
[0;32mI (315) gpio: GPIO[2]| InputEn: 0| OutputEn: 1| OpenDrain: 0| Pullup: 0| Pulldown: 0| Intr:0 [0m
[0;32mI (325) example: Create RMT TX channel[0m
[0;32mI (325) gpio: GPIO[4]| InputEn: 0| OutputEn: 1| OpenDrain: 0| Pullup: 1| Pulldown: 0| Intr:0 [0m
[0;32mI (335) example: Set spin direction[0m
[0;32mI (335) example: Enable step motor[0m
[0;32mI (345) example: Create motor encoders[0m
[0;32mI (345) example: Enable RMT channel[0m
[0;32mI (355) example: Spin motor for 6000 steps: 500 accel + 5000 uniform + 500 decel[0m
[0;31mE (355) rmt: rmt_transmit(491): loop count is not supported[0m
ESP_ERROR_CHECK failed: esp_err_t 0x106 (ESP_ERR_NOT_SUPPORTED) at 0x400d58e6
file: "./main/stepper_motor_example_main.c" line 96
func: app_main
expression: rmt_transmit(motor_chan, uniform_motor_encoder, &uniform_speed_hz, sizeof(uniform_speed_hz), &tx_config)

abort() was called at PC 0x40085e17 on core 0


Backtrace: 0x4008162e:0x3ffb4d00 0x40085e21:0x3ffb4d20 0x4008c071:0x3ffb4d40 0x40085e17:0x3ffb4db0 0x400d58e6:0x3ffb4de0 0x400e5ac4:0x3ffb4e70 0x400868c9:0x3ffb4ea0




ELF file SHA256: fd9199b1e

Rebooting...
[0;32mI (13) boot: ESP-IDF v5.2.2 2nd stage bootloader[0m
[0;32mI (13) boot: compile time Jul 23 2024 21:33:41[0m
[0;32mI (13) boot: Multicore bootloader[0m
[0;32mI (16) boot: chip revision: v3.0[0m
[0;32mI (20) boot.esp32: SPI Speed      : 40MHz[0m
[0;32mI (25) boot.esp32: SPI Mode       : DIO[0m
[0;32mI (29) boot.esp32: SPI Flash Size : 2MB[0m
[0;32mI (34) boot: Enabling RNG early entropy source...[0m
[0;32mI (39) boot: Partition Table:[0m
[0;32mI (43) boot: ## Label            Usage          Type ST Offset   Length[0m
[0;32mI (50) boot:  0 nvs              WiFi data        01 02 00009000 00006000[0m
[0;32mI (57) boot:  1 phy_init         RF data          01 01 0000f000 00001000[0m
[0;32mI (65) boot:  2 factory          factory app      00 00 00010000 00100000[0m
[0;32mI (72) boot: End of partition table[0m
[0;32mI (77) esp_image: segment 0: paddr=00010020 vaddr=3f400020 size=0b134h ( 45364) map[0m
[0;32mI (101) esp_image: segment 1: paddr=0001b15c vaddr=3ffb0000 size=022a4h (  8868) load[0m
[0;32mI (104) esp_image: segment 2: paddr=0001d408 vaddr=40080000 size=02c10h ( 11280) load[0m
[0;32mI (111) esp_image: segment 3: paddr=00020020 vaddr=400d0020 size=16358h ( 90968) map[0m
[0;32mI (146) esp_image: segment 4: paddr=00036380 vaddr=40082c10 size=0ab1ch ( 43804) load[0m
[0;32mI (170) boot: Loaded app from partition at offset 0x10000[0m
[0;32mI (170) boot: Disabling RNG early entropy source...[0m
[0;32mI (182) cpu_start: Multicore app[0m
[0;32mI (190) cpu_start: Pro cpu start user code[0m
[0;32mI (191) cpu_start: cpu freq: 160000000 Hz[0m
[0;32mI (191) cpu_start: Application information:[0m
[0;32mI (194) cpu_start: Project name:     step_motor[0m
[0;32mI (199) cpu_start: App version:      f2f43e1[0m
[0;32mI (204) cpu_start: Compile time:     Jul 23 2024 21:33:35[0m
[0;32mI (210) cpu_start: ELF file SHA256:  fd9199b1e...[0m
[0;32mI (215) cpu_start: ESP-IDF:          v5.2.2[0m
[0;32mI (220) cpu_start: Min chip rev:     v0.0[0m
[0;32mI (225) cpu_start: Max chip rev:     v3.99 [0m
[0;32mI (230) cpu_start: Chip rev:         v3.0[0m
[0;32mI (235) heap_init: Initializing. RAM available for dynamic allocation:[0m
[0;32mI (242) heap_init: At 3FFAE6E0 len 00001920 (6 KiB): DRAM[0m
[0;32mI (248) heap_init: At 3FFB2B70 len 0002D490 (181 KiB): DRAM[0m
[0;32mI (254) heap_init: At 3FFE0440 len 00003AE0 (14 KiB): D/IRAM[0m
[0;32mI (260) heap_init: At 3FFE4350 len 0001BCB0 (111 KiB): D/IRAM[0m
[0;32mI (267) heap_init: At 4008D72C len 000128D4 (74 KiB): IRAM[0m
[0;32mI (274) spi_flash: detected chip: generic[0m
[0;32mI (277) spi_flash: flash io: dio[0m
[0;33mW (281) spi_flash: Detected size(4096k) larger than the size in the binary image header(2048k). Using the size in the binary image header.[0m
[0;32mI (295) main_task: Started on CPU0[0m
[0;32mI (305) main_task: Calling app_main()[0m
[0;32mI (305) example: Initialize EN + DIR GPIO[0m
[0;32mI (305) gpio: GPIO[0]| InputEn: 0| OutputEn: 1| OpenDrain: 0| Pullup: 0| Pulldown: 0| Intr:0 [0m
[0;32mI (315) gpio: GPIO[2]| InputEn: 0| OutputEn: 1| OpenDrain: 0| Pullup: 0| Pulldown: 0| Intr:0 [0m
[0;32mI (325) example: Create RMT TX channel[0m
[0;32mI (325) gpio: GPIO[4]| InputEn: 0| OutputEn: 1| OpenDrain: 0| Pullup: 1| Pulldown: 0| Intr:0 [0m
[0;32mI (335) example: Set spin direction[0m
[0;32mI (335) example: Enable step motor[0m
[0;32mI (345) example: Create motor encoders[0m
[0;32mI (345) example: Enable RMT channel[0m
[0;32mI (355) example: Spin motor for 6000 steps: 500 accel + 5000 uniform + 500 decel[0m
[0;31mE (355) rmt: rmt_transmit(491): loop count is not supported[0m
ESP_ERROR_CHECK failed: esp_err_t 0x106 (ESP_ERR_NOT_SUPPORTED) at 0x400d58e6
file: "./main/stepper_motor_example_main.c" line 96
func: app_main
expression: rmt_transmit(motor_chan, uniform_motor_encoder, &uniform_speed_hz, sizeof(uniform_speed_hz), &tx_config)

abort() was called at PC 0x40085e17 on core 0


Backtrace: 0x4008162e:0x3ffb4d00 0x40085e21:0x3ffb4d20 0x4008c071:0x3ffb4d40 0x40085e17:0x3ffb4db0 0x400d58e6:0x3ffb4de0 0x400e5ac4:0x3ffb4e70 0x400868c9:0x3ffb4ea0




ELF file SHA256: fd9199b1e

Rebooting...
[0;32mI (13) boot: ESP-IDF v5.2.2 2nd stage bootloader[0m
[0;32mI (13) boot: compile time Jul 23 2024 21:33:41[0m
[0;32mI (13) boot: Multicore bootloader[0m
[0;32mI (16) boot: chip revision: v3.0[0m
[0;32mI (20) boot.esp32: SPI Speed      : 40MHz[0m
[0;32mI (25) boot.esp32: SPI Mode       : DIO[0m
[0;32mI (29) boot.esp32: SPI Flash Size : 2MB[0m
[0;32mI (34) boot: Enabling RNG early entropy source...[0m
[0;32mI (39) boot: Partition Table:[0m
[0;32mI (43) boot: ## Label            Usage          Type ST Offset   Length[0m
[0;32mI (50) boot:  0 nvs              WiFi data        01 02 00009000 00006000[0m
[0;32mI (57) boot:  1 phy_init         RF data          01 01 0000f000 00001000[0m
[0;32mI (65) boot:  2 factory          factory app      00 00 00010000 00100000[0m
[0;32mI (72) boot: End of partition table[0m
[0;32mI (77) esp_image: segment 0: paddr=00010020 vaddr=3f400020 size=0b134h ( 45364) map[0m
[0;32mI (101) esp_image: segment 1: paddr=0001b15c vaddr=3ffb0000 size=022a4h (  8868) load[0m
[0;32mI (104) esp_image: segment 2: paddr=0001d408 vaddr=40080000 size=02c10h ( 11280) load[0m
[0;32mI (111) esp_image: segment 3: paddr=00020020 vaddr=400d0020 size=16358h ( 90968) map[0m
[0;32mI (146) esp_image: segment 4: paddr=00036380 vaddr=40082c10 size=0ab1ch ( 43804) load[0m
[0;32mI (170) boot: Loaded app from partition at offset 0x10000[0m
[0;32mI (170) boot: Disabling RNG early entropy source...[0m
[0;32mI (182) cpu_start: Multicore app[0m
[0;32mI (190) cpu_start: Pro cpu start user code[0m
[0;32mI (191) cpu_start: cpu freq: 160000000 Hz[0m
[0;32mI (191) cpu_start: Application information:[0m
[0;32mI (194) cpu_start: Project name:     step_motor[0m
[0;32mI (199) cpu_start: App version:      f2f43e1[0m
[0;32mI (204) cpu_start: Compile time:     Jul 23 2024 21:33:35[0m
[0;32mI (210) cpu_start: ELF file SHA256:  fd9199b1e...[0m
[0;32mI (215) cpu_start: ESP-IDF:          v5.2.2[0m
[0;32mI (220) cpu_start: Min chip rev:     v0.0[0m
[0;32mI (225) cpu_start: Max chip rev:     v3.99 [0m
[0;32mI (230) cpu_start: Chip rev:         v3.0[0m
[0;32mI (235) heap_init: Initializing. RAM available for dynamic allocation:[0m
[0;32mI (242) heap_init: At 3FFAE6E0 len 00001920 (6 KiB): DRAM[0m
[0;32mI (248) heap_init: At 3FFB2B70 len 0002D490 (181 KiB): DRAM[0m
[0;32mI (254) heap_init: At 3FFE0440 len 00003AE0 (14 KiB): D/IRAM[0m
[0;32mI (260) heap_init: At 3FFE4350 len 0001BCB0 (111 KiB): D/IRAM[0m
[0;32mI (267) heap_init: At 4008D72C len 000128D4 (74 KiB): IRAM[0m
[0;32mI (274) spi_flash: detected chip: generic[0m
[0;32mI (277) spi_flash: flash io: dio[0m
[0;33mW (281) spi_flash: Detected size(4096k) larger than the size in the binary image header(2048k). Using the size in the binary image header.[0m
[0;32mI (295) main_task: Started on CPU0[0m
[0;32mI (305) main_task: Calling app_main()[0m
[0;32mI (305) example: Initialize EN + DIR GPIO[0m
[0;32mI (305) gpio: GPIO[0]| InputEn: 0| OutputEn: 1| OpenDrain: 0| Pullup: 0| Pulldown: 0| Intr:0 [0m
[0;32mI (315) gpio: GPIO[2]| InputEn: 0| OutputEn: 1| OpenDrain: 0| Pullup: 0| Pulldown: 0| Intr:0 [0m
[0;32mI (325) example: Create RMT TX channel[0m
[0;32mI (325) gpio: GPIO[4]| InputEn: 0| OutputEn: 1| OpenDrain: 0| Pullup: 1| Pulldown: 0| Intr:0 [0m
[0;32mI (335) example: Set spin direction[0m
[0;32mI (335) example: Enable step motor[0m
[0;32mI (345) example: Create motor encoders[0m
[0;32mI (345) example: Enable RMT channel[0m
[0;32mI (355) example: Spin motor for 6000 steps: 500 accel + 5000 uniform + 500 decel[0m
[0;31mE (355) rmt: rmt_transmit(491): loop count is not supported[0m
ESP_ERROR_CHECK failed: esp_err_t 0x106 (ESP_ERR_NOT_SUPPORTED) at 0x400d58e6
file: "./main/stepper_motor_example_main.c" line 96
func: app_main
expression: rmt_transmit(motor_chan, uniform_motor_encoder, &uniform_speed_hz, sizeof(uniform_speed_hz), &tx_config)

abort() was called at PC 0x40085e17 on core 0


Backtrace: 0x4008162e:0x3ffb4d00 0x40085e21:0x3ffb4d20 0x4008c071:0x3ffb4d40 0x40085e17:0x3ffb4db0 0x400d58e6:0x3ffb4de0 0x400e5ac4:0x3ffb4e70 0x400868c9:0x3ffb4ea0




ELF file SHA256: fd9199b1e

Rebooting...
[0;32mI (13) boot: ESP-IDF v5.2.2 2nd stage bootloader[0m
[0;32mI (13) boot: compile time Jul 23 2024 21:33:41[0m
[0;32mI (13) boot: Multicore bootloader[0m
[0;32mI (16) boot: chip revision: v3.0[0m
[0;32mI (20) boot.esp32: SPI Speed      : 40MHz[0m
[0;32mI (25) boot.esp32: SPI Mode       : DIO[0m
[0;32mI (29) boot.esp32: SPI Flash Size : 2MB[0m
[0;32mI (34) boot: Enabling RNG early entropy source...[0m
[0;32mI (39) boot: Partition Table:[0m
[0;32mI (43) boot: ## Label            Usage          Type ST Offset   Length[0m
[0;32mI (50) boot:  0 nvs              WiFi data        01 02 00009000 00006000[0m
[0;32mI (57) boot:  1 phy_init         RF data          01 01 0000f000 00001000[0m
[0;32mI (65) boot:  2 factory          factory app      00 00 00010000 00100000[0m
[0;32mI (72) boot: End of partition table[0m
[0;32mI (77) esp_image: segment 0: paddr=00010020 vaddr=3f400020 size=0b134h ( 45364) map[0m
[0;32mI (101) esp_image: segment 1: paddr=0001b15c vaddr=3ffb0000 size=022a4h (  8868) load[0m
[0;32mI (104) esp_image: segment 2: paddr=0001d408 vaddr=40080000 size=02c10h ( 11280) load[0m
[0;32mI (111) esp_image: segment 3: paddr=00020020 vaddr=400d0020 size=16358h ( 90968) map[0m
[0;32mI (146) esp_image: segment 4: paddr=00036380 vaddr=40082c10 size=0ab1ch ( 43804) load[0m
[0;32mI (170) boot: Loaded app from partition at offset 0x10000[0m
[0;32mI (170) boot: Disabling RNG early entropy source...[0m
[0;32mI (182) cpu_start: Multicore app[0m
[0;32mI (190) cpu_start: Pro cpu start user code[0m
[0;32mI (191) cpu_start: cpu freq: 160000000 Hz[0m
[0;32mI (191) cpu_start: Application information:[0m
[0;32mI (194) cpu_start: Project name:     step_motor[0m
[0;32mI (199) cpu_start: App version:      f2f43e1[0m
[0;32mI (204) cpu_start: Compile time:     Jul 23 2024 21:33:35[0m
[0;32mI (210) cpu_start: ELF file SHA256:  fd9199b1e...[0m
[0;32mI (215) cpu_start: ESP-IDF:          v5.2.2[0m
[0;32mI (220) cpu_start: Min chip rev:     v0.0[0m
[0;32mI (225) cpu_start: Max chip rev:     v3.99 [0m
[0;32mI (230) cpu_start: Chip rev:         v3.0[0m
[0;32mI (235) heap_init: Initializing. RAM available for dynamic allocation:[0m
[0;32mI (242) heap_init: At 3FFAE6E0 len 00001920 (6 KiB): DRAM[0m
[0;32mI (248) heap_init: At 3FFB2B70 len 0002D490 (181 KiB): DRAM[0m
[0;32mI (254) heap_init: At 3FFE0440 len 00003AE0 (14 KiB): D/IRAM[0m
[0;32mI (260) heap_init: At 3FFE4350 len 0001BCB0 (111 KiB): D/IRAM[0m
[0;32mI (267) heap_init: At 4008D72C len 000128D4 (74 KiB): IRAM[0m
[0;32mI (274) spi_flash: detected chip: generic[0m
[0;32mI (277) spi_flash: flash io: dio[0m
[0;33mW (281) spi_flash: Detected size(4096k) larger than the size in the binary image header(2048k). Using the size in the binary image header.[0m
[0;32mI (295) main_task: Started on CPU0[0m
[0;32mI (305) main_task: Calling app_main()[0m
[0;32mI (305) example: Initialize EN + DIR GPIO[0m
[0;32mI (305) gpio: GPIO[0]| InputEn: 0| OutputEn: 1| OpenDrain: 0| Pullup: 0| Pulldown: 0| Intr:0 [0m
[0;32mI (315) gpio: GPIO[2]| InputEn: 0| OutputEn: 1| OpenDrain: 0| Pullup: 0| Pulldown: 0| Intr:0 [0m
[0;32mI (325) example: Create RMT TX channel[0m
[0;32mI (325) gpio: GPIO[4]| InputEn: 0| OutputEn: 1| OpenDrain: 0| Pullup: 1| Pulldown: 0| Intr:0 [0m
[0;32mI (335) example: Set spin direction[0m
[0;32mI (335) example: Enable step motor[0m
[0;32mI (345) example: Create motor encoders[0m
[0;32mI (345) example: Enable RMT channel[0m
[0;32mI (355) example: Spin motor for 6000 steps: 500 accel + 5000 uniform + 500 decel[0m
[0;31mE (355) rmt: rmt_transmit(491): loop count is not supported[0m
ESP_ERROR_CHECK failed: esp_err_t 0x106 (ESP_ERR_NOT_SUPPORTED) at 0x400d58e6
file: "./main/stepper_motor_example_main.c" line 96
func: app_main
expression: rmt_transmit(motor_chan, uniform_motor_encoder, &uniform_speed_hz, sizeof(uniform_speed_hz), &tx_config)

abort() was called at PC 0x40085e17 on core 0


Backtrace: 0x4008162e:0x3ffb4d00 0x40085e21:0x3ffb4d20 0x4008c071:0x3ffb4d40 0x40085e17:0x3ffb4db0 0x400d58e6:0x3ffb4de0 0x400e5ac4:0x3ffb4e70 0x400868c9:0x3ffb4ea0




ELF file SHA256: fd9199b1e

Rebooting...
[0;32mI (13) boot: ESP-IDF v5.2.2 2nd stage bootloader[0m
[0;32mI (13) boot: compile time Jul 23 2024 21:33:41[0m
[0;32mI (13) boot: Multicore bootloader[0m
[0;32mI (16) boot: chip revision: v3.0[0m
[0;32mI (20) boot.esp32: SPI Speed      : 40MHz[0m
[0;32mI (25) boot.esp32: SPI Mode       : DIO[0m
[0;32mI (29) boot.esp32: SPI Flash Size : 2MB[0m
[0;32mI (34) boot: Enabling RNG early entropy source...[0m
[0;32mI (39) boot: Partition Table:[0m
[0;32mI (43) boot: ## Label            Usage          Type ST Offset   Length[0m
[0;32mI (50) boot:  0 nvs              WiFi data        01 02 00009000 00006000[0m
[0;32mI (57) boot:  1 phy_init         RF data          01 01 0000f000 00001000[0m
[0;32mI (65) boot:  2 factory          factory app      00 00 00010000 00100000[0m
[0;32mI (72) boot: End of partition table[0m
[0;32mI (77) esp_image: segment 0: paddr=00010020 vaddr=3f400020 size=0b134h ( 45364) map[0m
[0;32mI (101) esp_image: segment 1: paddr=0001b15c vaddr=3ffb0000 size=022a4h (  8868) load[0m
[0;32mI (104) esp_image: segment 2: paddr=0001d408 vaddr=40080000 size=02c10h ( 11280) load[0m
[0;32mI (111) esp_image: segment 3: paddr=00020020 vaddr=400d0020 size=16358h ( 90968) map[0m
[0;32mI (146) esp_image: segment 4: paddr=00036380 vaddr=40082c10 size=0ab1ch ( 43804) load[0m
[0;32mI (170) boot: Loaded app from partition at offset 0x10000[0m
[0;32mI (170) boot: Disabling RNG early entropy source...[0m
[0;32mI (182) cpu_start: Multicore app[0m
[0;32mI (190) cpu_start: Pro cpu start user code[0m
[0;32mI (191) cpu_start: cpu freq: 160000000 Hz[0m
